Archive member included to satisfy reference by file (symbol)

C:/ST/STM32CubeIDE_1.6.1/STM32CubeIDE/plugins/com.st.stm32cube.ide.mcu.externaltools.gnu-tools-for-stm32.13.3.rel1.win32_1.0.0.202411081344/tools/bin/../lib/gcc/arm-none-eabi/13.3.1/../../../../arm-none-eabi/lib/thumb/v7e-m+fp/hard\libc_nano.a(libc_a-atoi.o)
                              ./Core/Src/SIM7000.o (atoi)
C:/ST/STM32CubeIDE_1.6.1/STM32CubeIDE/plugins/com.st.stm32cube.ide.mcu.externaltools.gnu-tools-for-stm32.13.3.rel1.win32_1.0.0.202411081344/tools/bin/../lib/gcc/arm-none-eabi/13.3.1/../../../../arm-none-eabi/lib/thumb/v7e-m+fp/hard\libc_nano.a(libc_a-exit.o)
                              C:/ST/STM32CubeIDE_1.6.1/STM32CubeIDE/plugins/com.st.stm32cube.ide.mcu.externaltools.gnu-tools-for-stm32.13.3.rel1.win32_1.0.0.202411081344/tools/bin/../lib/gcc/arm-none-eabi/13.3.1/../../../../arm-none-eabi/lib/thumb/v7e-m+fp/hard/crt0.o (exit)
C:/ST/STM32CubeIDE_1.6.1/STM32CubeIDE/plugins/com.st.stm32cube.ide.mcu.externaltools.gnu-tools-for-stm32.13.3.rel1.win32_1.0.0.202411081344/tools/bin/../lib/gcc/arm-none-eabi/13.3.1/../../../../arm-none-eabi/lib/thumb/v7e-m+fp/hard\libc_nano.a(libc_a-strtol.o)
                              C:/ST/STM32CubeIDE_1.6.1/STM32CubeIDE/plugins/com.st.stm32cube.ide.mcu.externaltools.gnu-tools-for-stm32.13.3.rel1.win32_1.0.0.202411081344/tools/bin/../lib/gcc/arm-none-eabi/13.3.1/../../../../arm-none-eabi/lib/thumb/v7e-m+fp/hard\libc_nano.a(libc_a-atoi.o) (_strtol_r)
C:/ST/STM32CubeIDE_1.6.1/STM32CubeIDE/plugins/com.st.stm32cube.ide.mcu.externaltools.gnu-tools-for-stm32.13.3.rel1.win32_1.0.0.202411081344/tools/bin/../lib/gcc/arm-none-eabi/13.3.1/../../../../arm-none-eabi/lib/thumb/v7e-m+fp/hard\libc_nano.a(libc_a-ctype_.o)
                              C:/ST/STM32CubeIDE_1.6.1/STM32CubeIDE/plugins/com.st.stm32cube.ide.mcu.externaltools.gnu-tools-for-stm32.13.3.rel1.win32_1.0.0.202411081344/tools/bin/../lib/gcc/arm-none-eabi/13.3.1/../../../../arm-none-eabi/lib/thumb/v7e-m+fp/hard\libc_nano.a(libc_a-strtol.o) (_ctype_)
C:/ST/STM32CubeIDE_1.6.1/STM32CubeIDE/plugins/com.st.stm32cube.ide.mcu.externaltools.gnu-tools-for-stm32.13.3.rel1.win32_1.0.0.202411081344/tools/bin/../lib/gcc/arm-none-eabi/13.3.1/../../../../arm-none-eabi/lib/thumb/v7e-m+fp/hard\libc_nano.a(libc_a-findfp.o)
                              C:/ST/STM32CubeIDE_1.6.1/STM32CubeIDE/plugins/com.st.stm32cube.ide.mcu.externaltools.gnu-tools-for-stm32.13.3.rel1.win32_1.0.0.202411081344/tools/bin/../lib/gcc/arm-none-eabi/13.3.1/../../../../arm-none-eabi/lib/thumb/v7e-m+fp/hard\libc_nano.a(libc_a-exit.o) (__stdio_exit_handler)
C:/ST/STM32CubeIDE_1.6.1/STM32CubeIDE/plugins/com.st.stm32cube.ide.mcu.externaltools.gnu-tools-for-stm32.13.3.rel1.win32_1.0.0.202411081344/tools/bin/../lib/gcc/arm-none-eabi/13.3.1/../../../../arm-none-eabi/lib/thumb/v7e-m+fp/hard\libc_nano.a(libc_a-fwalk.o)
                              C:/ST/STM32CubeIDE_1.6.1/STM32CubeIDE/plugins/com.st.stm32cube.ide.mcu.externaltools.gnu-tools-for-stm32.13.3.rel1.win32_1.0.0.202411081344/tools/bin/../lib/gcc/arm-none-eabi/13.3.1/../../../../arm-none-eabi/lib/thumb/v7e-m+fp/hard\libc_nano.a(libc_a-findfp.o) (_fwalk_sglue)
C:/ST/STM32CubeIDE_1.6.1/STM32CubeIDE/plugins/com.st.stm32cube.ide.mcu.externaltools.gnu-tools-for-stm32.13.3.rel1.win32_1.0.0.202411081344/tools/bin/../lib/gcc/arm-none-eabi/13.3.1/../../../../arm-none-eabi/lib/thumb/v7e-m+fp/hard\libc_nano.a(libc_a-sprintf.o)
                              ./Core/Src/SIM7000.o (sprintf)
C:/ST/STM32CubeIDE_1.6.1/STM32CubeIDE/plugins/com.st.stm32cube.ide.mcu.externaltools.gnu-tools-for-stm32.13.3.rel1.win32_1.0.0.202411081344/tools/bin/../lib/gcc/arm-none-eabi/13.3.1/../../../../arm-none-eabi/lib/thumb/v7e-m+fp/hard\libc_nano.a(libc_a-sscanf.o)
                              ./Core/Src/SIM7000.o (sscanf)
C:/ST/STM32CubeIDE_1.6.1/STM32CubeIDE/plugins/com.st.stm32cube.ide.mcu.externaltools.gnu-tools-for-stm32.13.3.rel1.win32_1.0.0.202411081344/tools/bin/../lib/gcc/arm-none-eabi/13.3.1/../../../../arm-none-eabi/lib/thumb/v7e-m+fp/hard\libc_nano.a(libc_a-stdio.o)
                              C:/ST/STM32CubeIDE_1.6.1/STM32CubeIDE/plugins/com.st.stm32cube.ide.mcu.externaltools.gnu-tools-for-stm32.13.3.rel1.win32_1.0.0.202411081344/tools/bin/../lib/gcc/arm-none-eabi/13.3.1/../../../../arm-none-eabi/lib/thumb/v7e-m+fp/hard\libc_nano.a(libc_a-findfp.o) (__sread)
C:/ST/STM32CubeIDE_1.6.1/STM32CubeIDE/plugins/com.st.stm32cube.ide.mcu.externaltools.gnu-tools-for-stm32.13.3.rel1.win32_1.0.0.202411081344/tools/bin/../lib/gcc/arm-none-eabi/13.3.1/../../../../arm-none-eabi/lib/thumb/v7e-m+fp/hard\libc_nano.a(libc_a-memcmp.o)
                              ./Core/Src/FatFS/ff.o (memcmp)
C:/ST/STM32CubeIDE_1.6.1/STM32CubeIDE/plugins/com.st.stm32cube.ide.mcu.externaltools.gnu-tools-for-stm32.13.3.rel1.win32_1.0.0.202411081344/tools/bin/../lib/gcc/arm-none-eabi/13.3.1/../../../../arm-none-eabi/lib/thumb/v7e-m+fp/hard\libc_nano.a(libc_a-memset.o)
[...]
Memory Configuration

Name             Origin             Length             Attributes
RAM              0x20000000         0x00018000         xrw
RAM2             0x10000000         0x00008000         xrw
FLASH            0x08000000         0x00040000         xr
*default*        0x00000000         0xffffffff

Linker script and memory map

LOAD C:/ST/STM32CubeIDE_1.6.1/STM32CubeIDE/plugins/com.st.stm32cube.ide.mcu.externaltools.gnu-tools-for-stm32.13.3.rel1.win32_1.0.0.202411081344/tools/bin/../lib/gcc/arm-none-eabi/13.3.1/thumb/v7e-m+fp/hard/crti.o
LOAD C:/ST/STM32CubeIDE_1.6.1/STM32CubeIDE/plugins/com.st.stm32cube.ide.mcu.externaltools.gnu-tools-for-stm32.13.3.rel1.win32_1.0.0.202411081344/tools/bin/../lib/gcc/arm-none-eabi/13.3.1/thumb/v7e-m+fp/hard/crtbegin.o
LOAD C:/ST/STM32CubeIDE_1.6.1/STM32CubeIDE/plugins/com.st.stm32cube.ide.mcu.externaltools.gnu-tools-for-stm32.13.3.rel1.win32_1.0.0.202411081344/tools/bin/../lib/gcc/arm-none-eabi/13.3.1/../../../../arm-none-eabi/lib/thumb/v7e-m+fp/hard/crt0.o
LOAD ./Core/Src/DS18B20.o
LOAD ./Core/Src/INA3221.o
LOAD ./Core/Src/RTC.o
LOAD ./Core/Src/SIM7000.o
LOAD ./Core/Src/base64.o
LOAD ./Core/Src/battery_charger.o
LOAD ./Core/Src/callbacks.o
LOAD ./Core/Src/extflash_hal.o
LOAD ./Core/Src/init.o
LOAD ./Core/Src/leds.o
LOAD ./Core/Src/lsm6dsv16x_reg.o
LOAD ./Core/Src/lsm6dsv16x_rw.o
LOAD ./Core/Src/main.o
LOAD ./Core/Src/ota.o
LOAD ./Core/Src/process.o
LOAD ./Core/Src/psram.o
LOAD ./Core/Src/stm32l4xx_hal_msp.o
LOAD ./Core/Src/stm32l4xx_it.o
LOAD ./Core/Src/syscalls.o
LOAD ./Core/Src/sysmem.o
LOAD ./Core/Src/system_stm32l4xx.o
LOAD ./Core/Src/FatFS/diskio.o
LOAD ./Core/Src/FatFS/ff.o
LOAD ./Core/Startup/startup_stm32l475rctx.o
LOAD ./Drivers/STM32L4xx_HAL_Driver/Src/stm32l4xx_hal.o
LOAD ./Drivers/STM32L4xx_HAL_Driver/Src/stm32l4xx_hal_adc.o
LOAD ./Drivers/STM32L4xx_HAL_Driver/Src/stm32l4xx_hal_adc_ex.o
LOAD ./Drivers/STM32L4xx_HAL_Driver/Src/stm32l4xx_hal_cortex.o
LOAD ./Drivers/STM32L4xx_HAL_Driver/Src/stm32l4xx_hal_crc.o
LOAD ./Drivers/STM32L4xx_HAL_Driver/Src/stm32l4xx_hal_crc_ex.o
LOAD ./Drivers/STM32L4xx_HAL_Driver/Src/stm32l4xx_hal_dma.o
LOAD ./Drivers/STM32L4xx_HAL_Driver/Src/stm32l4xx_hal_dma_ex.o
LOAD ./Drivers/STM32L4xx_HAL_Driver/Src/stm32l4xx_hal_exti.o
LOAD ./Drivers/STM32L4xx_HAL_Driver/Src/stm32l4xx_hal_flash.o
LOAD ./Drivers/STM32L4xx_HAL_Driver/Src/stm32l4xx_hal_flash_ex.o
LOAD ./Drivers/STM32L4xx_HAL_Driver/Src/stm32l4xx_hal_flash_ramfunc.o
LOAD ./Drivers/STM32L4xx_HAL_Driver/Src/stm32l4xx_hal_gpio.o
LOAD ./Drivers/STM32L4xx_HAL_Driver/Src/stm32l4xx_hal_i2c.o
LOAD ./Drivers/STM32L4xx_HAL_Driver/Src/stm32l4xx_hal_i2c_ex.o
LOAD ./Drivers/STM32L4xx_HAL_Driver/Src/stm32l4xx_hal_pwr.o
LOAD ./Drivers/STM32L4xx_HAL_Driver/Src/stm32l4xx_hal_pwr_ex.o
LOAD ./Drivers/STM32L4xx_HAL_Driver/Src/stm32l4xx_hal_qspi.o
LOAD ./Drivers/STM32L4xx_HAL_Driver/Src/stm32l4xx_hal_rcc.o
LOAD ./Drivers/STM32L4xx_HAL_Driver/Src/stm32l4xx_hal_rcc_ex.o
LOAD ./Drivers/STM32L4xx_HAL_Driver/Src/stm32l4xx_hal_rtc.o
LOAD ./Drivers/STM32L4xx_HAL_Driver/Src/stm32l4xx_hal_rtc_ex.o
LOAD ./Drivers/STM32L4xx_HAL_Driver/Src/stm32l4xx_hal_spi.o
LOAD ./Drivers/STM32L4xx_HAL_Driver/Src/stm32l4xx_hal_spi_ex.o
LOAD ./Drivers/STM32L4xx_HAL_Driver/Src/stm32l4xx_hal_tim.o
LOAD ./Drivers/STM32L4xx_HAL_Driver/Src/stm32l4xx_hal_tim_ex.o
LOAD ./Drivers/STM32L4xx_HAL_Driver/Src/stm32l4xx_hal_uart.o
LOAD ./Drivers/STM32L4xx_HAL_Driver/Src/stm32l4xx_hal_uart_ex.o
START GROUP
LOAD C:/ST/STM32CubeIDE_1.6.1/STM32CubeIDE/plugins/com.st.stm32cube.ide.mcu.externaltools.gnu-tools-for-stm32.13.3.rel1.win32_1.0.0.202411081344/tools/bin/../lib/gcc/arm-none-eabi/13.3.1/../../../../arm-none-eabi/lib/thumb/v7e-m+fp/hard\libc_nano.a
LOAD C:/ST/STM32CubeIDE_1.6.1/STM32CubeIDE/plugins/com.st.stm32cube.ide.mcu.externaltools.gnu-tools-for-stm32.13.3.rel1.win32_1.0.0.202411081344/tools/bin/../lib/gcc/arm-none-eabi/13.3.1/../../../../arm-none-eabi/lib/thumb/v7e-m+fp/hard\libm.a
END GROUP
START GROUP
LOAD C:/ST/STM32CubeIDE_1.6.1/STM32CubeIDE/plugins/com.st.stm32cube.ide.mcu.externaltools.gnu-tools-for-stm32.13.3.rel1.win32_1.0.0.202411081344/tools/bin/../lib/gcc/arm-none-eabi/13.3.1/thumb/v7e-m+fp/hard\libgcc.a
LOAD C:/ST/STM32CubeIDE_1.6.1/STM32CubeIDE/plugins/com.st.stm32cube.ide.mcu.externaltools.gnu-tools-for-stm32.13.3.rel1.win32_1.0.0.202411081344/tools/bin/../lib/gcc/arm-none-eabi/13.3.1/../../../../arm-none-eabi/lib/thumb/v7e-m+fp/hard\libc_nano.a
END GROUP
START GROUP
LOAD C:/ST/STM32CubeIDE_1.6.1/STM32CubeIDE/plugins/com.st.stm32cube.ide.mcu.externaltools.gnu-tools-for-stm32.13.3.rel1.win32_1.0.0.202411081344/tools/bin/../lib/gcc/arm-none-eabi/13.3.1/thumb/v7e-m+fp/hard\libgcc.a
LOAD C:/ST/STM32CubeIDE_1.6.1/STM32CubeIDE/plugins/com.st.stm32cube.ide.mcu.externaltools.gnu-tools-for-stm32.13.3.rel1.win32_1.0.0.202411081344/tools/bin/../lib/gcc/arm-none-eabi/13.3.1/../../../../arm-none-eabi/lib/thumb/v7e-m+fp/hard\libc_nano.a
LOAD C:/ST/STM32CubeIDE_1.6.1/STM32CubeIDE/plugins/com.st.stm32cube.ide.mcu.externaltools.gnu-tools-for-stm32.13.3.rel1.win32_1.0.0.202411081344/tools/bin/../lib/gcc/arm-none-eabi/13.3.1/../../../../arm-none-eabi/lib/thumb/v7e-m+fp/hard\libnosys.a
END GROUP
START GROUP
LOAD C:/ST/STM32CubeIDE_1.6.1/STM32CubeIDE/plugins/com.st.stm32cube.ide.mcu.externaltools.gnu-tools-for-stm32.13.3.rel1.win32_1.0.0.202411081344/tools/bin/../lib/gcc/arm-none-eabi/13.3.1/thumb/v7e-m+fp/hard\libgcc.a
LOAD C:/ST/STM32CubeIDE_1.6.1/STM32CubeIDE/plugins/com.st.stm32cube.ide.mcu.externaltools.gnu-tools-for-stm32.13.3.rel1.win32_1.0.0.202411081344/tools/bin/../lib/gcc/arm-none-eabi/13.3.1/../../../../arm-none-eabi/lib/thumb/v7e-m+fp/hard\libc_nano.a
LOAD C:/ST/STM32CubeIDE_1.6.1/STM32CubeIDE/plugins/com.st.stm32cube.ide.mcu.externaltools.gnu-tools-for-stm32.13.3.rel1.win32_1.0.0.202411081344/tools/bin/../lib/gcc/arm-none-eabi/13.3.1/../../../../arm-none-eabi/lib/thumb/v7e-m+fp/hard\libnosys.a
END GROUP
LOAD C:/ST/STM32CubeIDE_1.6.1/STM32CubeIDE/plugins/com.st.stm32cube.ide.mcu.externaltools.gnu-tools-for-stm32.13.3.rel1.win32_1.0.0.202411081344/tools/bin/../lib/gcc/arm-none-eabi/13.3.1/thumb/v7e-m+fp/hard/crtend.o
LOAD C:/ST/STM32CubeIDE_1.6.1/STM32CubeIDE/plugins/com.st.stm32cube.ide.mcu.externaltools.gnu-tools-for-stm32.13.3.rel1.win32_1.0.0.202411081344/tools/bin/../lib/gcc/arm-none-eabi/13.3.1/thumb/v7e-m+fp/hard/crtn.o
                0x20018000                        _estack = (ORIGIN (RAM) + LENGTH (RAM))
                0x00000200                        _Min_Heap_Size = 0x200
                0x00000400                        _Min_Stack_Size = 0x400

.isr_vector     0x08000000      0x188
                0x08000000                        . = ALIGN (0x4)
 *(.isr_vector)
 .isr_vector    0x08000000      0x188 ./Core/Startup/startup_stm32l475rctx.o
                0x08000000                g_pfnVectors
                0x08000188                        . = ALIGN (0x4)

.text           0x08000190    0x18ac8
                0x08000190                        . = ALIGN (0x4)
 *(.text)
 .text          0x08000190       0x40 C:/ST/STM32CubeIDE_1.6.1/STM32CubeIDE/plugins/com.st.stm32cube.ide.mcu.externaltools.gnu-tools-for-stm32.13.3.rel1.win32_1.0.0.202411081344/tools/bin/../lib/gcc/arm-none-eabi/13.3.1/thumb/v7e-m+fp/hard/crtbegin.o
 .text          0x080001d0       0x14 C:/ST/STM32CubeIDE_1.6.1/STM32CubeIDE/plugins/com.st.stm32cube.ide.mcu.externaltools.gnu-tools-for-stm32.13.3.rel1.win32_1.0.0.202411081344/tools/bin/../lib/gcc/arm-none-eabi/13.3.1/../../../../arm-none-eabi/lib/thumb/v7e-m+fp/hard\libc_nano.a(libc_a-strcmp.o)
                0x080001d0                strcmp
 .text          0x080001e4       0x10 C:/ST/STM32CubeIDE_1.6.1/STM32CubeIDE/plugins/com.st.stm32cube.ide.mcu.externaltools.gnu-tools-for-stm32.13.3.rel1.win32_1.0.0.202411081344/tools/bin/../lib/gcc/arm-none-eabi/13.3.1/../../../../arm-none-eabi/lib/thumb/v7e-m+fp/hard\libc_nano.a(libc_a-strlen.o)
                0x080001e4                strlen
 *fill*         0x080001f4        0xc 
 .text          0x08000200       0xa0 C:/ST/STM32CubeIDE_1.6.1/STM32CubeIDE/plugins/com.st.stm32cube.ide.mcu.externaltools.gnu-tools-for-stm32.13.3.rel1.win32_1.0.0.202411081344/tools/bin/../lib/gcc/arm-none-eabi/13.3.1/../../../../arm-none-eabi/lib/thumb/v7e-m+fp/hard\libc_nano.a(libc_a-memchr.o)
                0x08000200                memchr
 .text          0x080002a0      0x378 C:/ST/STM32CubeIDE_1.6.1/STM32CubeIDE/plugins/com.st.stm32cube.ide.mcu.externaltools.gnu-tools-for-stm32.13.3.rel1.win32_1.0.0.202411081344/tools/bin/../lib/gcc/arm-none-eabi/13.3.1/thumb/v7e-m+fp/hard\libgcc.a(_arm_addsubdf3.o)
                0x080002a0                __aeabi_drsub
                0x080002a8                __aeabi_dsub
                0x080002a8                __subdf3
                0x080002ac                __aeabi_dadd
                0x080002ac                __adddf3
                0x08000524                __floatunsidf
                0x08000524                __aeabi_ui2d
                0x08000544                __floatsidf
                0x08000544                __aeabi_i2d
                0x08000568                __aeabi_f2d
                0x08000568                __extendsfdf2
                0x080005ac                __floatundidf
                0x080005ac                __aeabi_ul2d
                0x080005bc                __floatdidf
                0x080005bc                __aeabi_l2d
 .text          0x08000618      0x424 C:/ST/STM32CubeIDE_1.6.1/STM32CubeIDE/plugins/com.st.stm32cube.ide.mcu.externaltools.gnu-tools-for-stm32.13.3.rel1.win32_1.0.0.202411081344/tools/bin/../lib/gcc/arm-none-eabi/13.3.1/thumb/v7e-m+fp/hard\libgcc.a(_arm_muldivdf3.o)
                0x08000618                __aeabi_dmul
                0x08000618                __muldf3
                0x0800086c                __divdf3
                0x0800086c                __aeabi_ddiv
 .text          0x08000a3c       0x40 C:/ST/STM32CubeIDE_1.6.1/STM32CubeIDE/plugins/com.st.stm32cube.ide.mcu.externaltools.gnu-tools-for-stm32.13.3.rel1.win32_1.0.0.202411081344/tools/bin/../lib/gcc/arm-none-eabi/13.3.1/thumb/v7e-m+fp/hard\libgcc.a(_arm_fixunsdfsi.o)
                0x08000a3c                __aeabi_d2uiz
                0x08000a3c                __fixunsdfsi
 .text          0x08000a7c       0x30 C:/ST/STM32CubeIDE_1.6.1/STM32CubeIDE/plugins/com.st.stm32cube.ide.mcu.externaltools.gnu-tools-for-stm32.13.3.rel1.win32_1.0.0.202411081344/tools/bin/../lib/gcc/arm-none-eabi/13.3.1/thumb/v7e-m+fp/hard\libgcc.a(_aeabi_uldivmod.o)
                0x08000a7c                __aeabi_uldivmod
 .text          0x08000aac      0x2f8 C:/ST/STM32CubeIDE_1.6.1/STM32CubeIDE/plugins/com.st.stm32cube.ide.mcu.externaltools.gnu-tools-for-stm32.13.3.rel1.win32_1.0.0.202411081344/tools/bin/../lib/gcc/arm-none-eabi/13.3.1/thumb/v7e-m+fp/hard\libgcc.a(_udivmoddi4.o)
                0x08000aac                __udivmoddi4
 .text          0x08000da4        0x4 C:/ST/STM32CubeIDE_1.6.1/STM32CubeIDE/plugins/com.st.stm32cube.ide.mcu.externaltools.gnu-tools-for-stm32.13.3.rel1.win32_1.0.0.202411081344/tools/bin/../lib/gcc/arm-none-eabi/13.3.1/thumb/v7e-m+fp/hard\libgcc.a(_dvmd_tls.o)
                0x08000da4                __aeabi_idiv0
                0x08000da4                __aeabi_ldiv0
 *(.text*)
 .text.LL_USART_SetBaudRate
                0x08000da8       0x6e ./Core/Src/DS18B20.o
 *fill*         0x08000e16        0x2 
 .text.Temp_Sensor_Init
                0x08000e18       0x70 ./Core/Src/DS18B20.o
                0x08000e18                Temp_Sensor_Init
 .text.Temp_Sensor_Write
                0x08000e88       0x60 ./Core/Src/DS18B20.o
                0x08000e88                Temp_Sensor_Write
 .text.Temp_Sensor_ReadByte
                0x08000ee8       0x3e ./Core/Src/DS18B20.o
                0x08000ee8                Temp_Sensor_ReadByte
 *fill*         0x08000f26        0x2 
 .text.Temp_Sensor_ReadBit
                0x08000f28       0x38 ./Core/Src/DS18B20.o
                0x08000f28                Temp_Sensor_ReadBit
 .text.Temp_Start_Conversion
                0x08000f60       0x18 ./Core/Src/DS18B20.o
                0x08000f60                Temp_Start_Conversion
 .text.Temperature_Init
                0x08000f78       0x1a ./Core/Src/DS18B20.o
                0x08000f78                Temperature_Init
 .text.Read_Temperature
                0x08000f92       0x6e ./Core/Src/DS18B20.o
                0x08000f92                Read_Temperature
 .text.INA3221_Init
                0x08001000       0x50 ./Core/Src/INA3221.o
                0x08001000                INA3221_Init
 .text.INA3221_Read_Measure
                0x08001050       0x56 ./Core/Src/INA3221.o
                0x08001050                INA3221_Read_Measure
 *fill*         0x080010a6        0x2 
 .text.INA3221_read_reg
                0x080010a8       0x6c ./Core/Src/INA3221.o
                0x080010a8                INA3221_read_reg
 .text.INA3221_write_reg
                0x08001114       0x54 ./Core/Src/INA3221.o
                0x08001114                INA3221_write_reg
 .text.RTC_Init
                0x08001168       0x38 ./Core/Src/RTC.o
                0x08001168                RTC_Init
 .text.Get_DateTime_From_Network
                0x080011a0      0x2b4 ./Core/Src/RTC.o
                0x080011a0                Get_DateTime_From_Network
 .text.Set_Default_DateTime
                0x08001454       0x88 ./Core/Src/RTC.o
                0x08001454                Set_Default_DateTime
 .text.Calculate_Weekday
                0x080014dc       0xc0 ./Core/Src/RTC.o
                0x080014dc                Calculate_Weekday
 .text.Calculate_Italy_Timezone
                0x0800159c       0x7a ./Core/Src/RTC.o
                0x0800159c                Calculate_Italy_Timezone
 .text.Calculate_Last_Sunday
                0x08001616       0x4a ./Core/Src/RTC.o
                0x08001616                Calculate_Last_Sunday
 .text.Apply_Timezone_Correction
                0x08001660       0xcc ./Core/Src/RTC.o
                0x08001660                Apply_Timezone_Correction
 .text.Adjust_Date
                0x0800172c      0x1e4 ./Core/Src/RTC.o
                0x0800172c                Adjust_Date
 .text.SIM_Init
                0x08001910      0x7b4 ./Core/Src/SIM7000.o
                0x08001910                SIM_Init
 .text.SIM_Power_On
                0x080020c4       0x6e ./Core/Src/SIM7000.o
                0x080020c4                SIM_Power_On
 .text.SIM_Power_Off
                0x08002132       0x66 ./Core/Src/SIM7000.o
                0x08002132                SIM_Power_Off
 .text.SIM_Reset
                0x08002198       0x40 ./Core/Src/SIM7000.o
                0x08002198                SIM_Reset
 .text.SIM_Startup_Seq
                0x080021d8       0x32 ./Core/Src/SIM7000.o
                0x080021d8                SIM_Startup_Seq
 *fill*         0x0800220a        0x2 
 .text.SIM_Send_Command
                0x0800220c       0x2c ./Core/Src/SIM7000.o
                0x0800220c                SIM_Send_Command
 .text.SIM_Send_Command_DMA
                0x08002238       0x2c ./Core/Src/SIM7000.o
                0x08002238                SIM_Send_Command_DMA
 .text.SIM_DMA_Stop
                0x08002264       0x34 ./Core/Src/SIM7000.o
                0x08002264                SIM_DMA_Stop
 .text.SIM_DMA_Start
                0x08002298       0x28 ./Core/Src/SIM7000.o
                0x08002298                SIM_DMA_Start
 .text.SIM_Receive_Response
                0x080022c0       0x54 ./Core/Src/SIM7000.o
                0x080022c0                SIM_Receive_Response
 .text.SIM_Receive_OTA
                0x08002314       0x54 ./Core/Src/SIM7000.o
                0x08002314                SIM_Receive_OTA
 .text.SIM_Check_IP
                0x08002368       0x68 ./Core/Src/SIM7000.o
                0x08002368                SIM_Check_IP
 .text.SIM_Parse_Command
                0x080023d0      0x250 ./Core/Src/SIM7000.o
                0x080023d0                SIM_Parse_Command
 .text.SIM_Parse_Cfg
                0x08002620       0xcc ./Core/Src/SIM7000.o
                0x08002620                SIM_Parse_Cfg
 .text.SIM_Get_Cfg
                0x080026ec       0x98 ./Core/Src/SIM7000.o
                0x080026ec                SIM_Get_Cfg
 .text.SIM_Send_TCP
                0x08002784       0x5c ./Core/Src/SIM7000.o
                0x08002784                SIM_Send_TCP
 .text.SIM_Send_TCP_Chunk
                0x080027e0       0x30 ./Core/Src/SIM7000.o
                0x080027e0                SIM_Send_TCP_Chunk
 .text.SIM_Send_Infos
                0x08002810      0x194 ./Core/Src/SIM7000.o
                0x08002810                SIM_Send_Infos
 .text.SIM_Wait_Response
                0x080029a4       0xb0 ./Core/Src/SIM7000.o
                0x080029a4                SIM_Wait_Response
 .text.SIM_Check_Connection
                0x08002a54      0x1bc ./Core/Src/SIM7000.o
                0x08002a54                SIM_Check_Connection
 .text.Base64_Decode
                0x08002c10       0xac ./Core/Src/base64.o
                0x08002c10                Base64_Decode
 .text.Base64_Encode
                0x08002cbc      0x128 ./Core/Src/base64.o
                0x08002cbc                Base64_Encode
 .text.BC_Init  0x08002de4       0x78 ./Core/Src/battery_charger.o
                0x08002de4                BC_Init
 .text.BC_Write_Reg
                0x08002e5c       0x48 ./Core/Src/battery_charger.o
                0x08002e5c                BC_Write_Reg
 .text.BC_Read_Reg
                0x08002ea4       0x50 ./Core/Src/battery_charger.o
                0x08002ea4                BC_Read_Reg
 .text.BC_MultiWrite_Reg
                0x08002ef4       0x54 ./Core/Src/battery_charger.o
                0x08002ef4                BC_MultiWrite_Reg
 .text.BC_MultiRead_Reg
                0x08002f48       0x6c ./Core/Src/battery_charger.o
                0x08002f48                BC_MultiRead_Reg
 .text.BC_Read_Flags
                0x08002fb4      0x15c ./Core/Src/battery_charger.o
                0x08002fb4                BC_Read_Flags
 .text.BC_Manage_Interrupts
                0x08003110       0xcc ./Core/Src/battery_charger.o
                0x08003110                BC_Manage_Interrupts
 .text.HAL_TIM_IC_CaptureCallback
                0x080031dc       0x90 ./Core/Src/callbacks.o
                0x080031dc                HAL_TIM_IC_CaptureCallback
 .text.HAL_GPIO_EXTI_Callback
                0x0800326c       0xa8 ./Core/Src/callbacks.o
                0x0800326c                HAL_GPIO_EXTI_Callback
 .text.HAL_UARTEx_RxEventCallback
                0x08003314      0x148 ./Core/Src/callbacks.o
                0x08003314                HAL_UARTEx_RxEventCallback
 .text.HAL_UART_RxCpltCallback
                0x0800345c       0x14 ./Core/Src/callbacks.o
                0x0800345c                HAL_UART_RxCpltCallback
 .text.HAL_UART_TxCpltCallback
                0x08003470       0x14 ./Core/Src/callbacks.o
                0x08003470                HAL_UART_TxCpltCallback
 .text.HAL_ADC_ConvHalfCpltCallback
                0x08003484       0x38 ./Core/Src/callbacks.o
                0x08003484                HAL_ADC_ConvHalfCpltCallback
 .text.HAL_ADC_ConvCpltCallback
                0x080034bc       0x38 ./Core/Src/callbacks.o
                0x080034bc                HAL_ADC_ConvCpltCallback
 .text.HAL_RTC_AlarmAEventCallback
                0x080034f4       0x98 ./Core/Src/callbacks.o
                0x080034f4                HAL_RTC_AlarmAEventCallback
 .text.extflash_cs_set
                0x0800358c       0x18 ./Core/Src/extflash_hal.o
                0x0800358c                extflash_cs_set
 .text.extflash_cs_reset
                0x080035a4       0x18 ./Core/Src/extflash_hal.o
                0x080035a4                extflash_cs_reset
 .text.extflash_wp_reset
                0x080035bc       0x18 ./Core/Src/extflash_hal.o
                0x080035bc                extflash_wp_reset
 .text.extflash_hard_reset
                0x080035d4       0x28 ./Core/Src/extflash_hal.o
                0x080035d4                extflash_hard_reset
 .text.extflash_send_cmd
                0x080035fc       0xe4 ./Core/Src/extflash_hal.o
                0x080035fc                extflash_send_cmd
 .text.extflash_read_extended_read_reg
                0x080036e0       0x40 ./Core/Src/extflash_hal.o
                0x080036e0                extflash_read_extended_read_reg
 .text.extflash_clear_extended_read_reg
                0x08003720       0x2a ./Core/Src/extflash_hal.o
                0x08003720                extflash_clear_extended_read_reg
 .text.extflash_set_write_protection
                0x0800374a       0x3c ./Core/Src/extflash_hal.o
                0x0800374a                extflash_set_write_protection
 .text.extflash_read_sfdp
                0x08003786       0x4c ./Core/Src/extflash_hal.o
                0x08003786                extflash_read_sfdp
 .text.extflash_raw_read
                0x080037d2       0x4a ./Core/Src/extflash_hal.o
                0x080037d2                extflash_raw_read
 .text.extflash_raw_erase
                0x0800381c       0x38 ./Core/Src/extflash_hal.o
                0x0800381c                extflash_raw_erase
 .text.extflash_raw_page_write
                0x08003854       0x44 ./Core/Src/extflash_hal.o
                0x08003854                extflash_raw_page_write
 .text.extflash_sector_read
                0x08003898       0xb2 ./Core/Src/extflash_hal.o
                0x08003898                extflash_sector_read
 .text.extflash_wait_for_wop
                0x0800394a       0x78 ./Core/Src/extflash_hal.o
                0x0800394a                extflash_wait_for_wop
 .text.extflash_sector_write
                0x080039c2       0xe4 ./Core/Src/extflash_hal.o
                0x080039c2                extflash_sector_write
 .text.extflash_get_sector_size
                0x08003aa6       0x12 ./Core/Src/extflash_hal.o
                0x08003aa6                extflash_get_sector_size
 .text.extflash_get_sector_count
                0x08003ab8       0x18 ./Core/Src/extflash_hal.o
                0x08003ab8                extflash_get_sector_count
 .text.extflash_is_initialized
                0x08003ad0       0x18 ./Core/Src/extflash_hal.o
                0x08003ad0                extflash_is_initialized
 .text.extflash_init
                0x08003ae8       0xc4 ./Core/Src/extflash_hal.o
                0x08003ae8                extflash_init
 .text.System_Init
                0x08003bac       0xe8 ./Core/Src/init.o
                0x08003bac                System_Init
 .text.FatFS_Init
                0x08003c94      0x138 ./Core/Src/init.o
                0x08003c94                FatFS_Init
 .text.Acc_Init
                0x08003dcc      0x1a8 ./Core/Src/init.o
                0x08003dcc                Acc_Init
 .text.Config_Init
                0x08003f74      0x19c ./Core/Src/init.o
                0x08003f74                Config_Init
 .text.LED_Init
                0x08004110       0x3c ./Core/Src/leds.o
                0x08004110                LED_Init
 *fill*         0x0800414c        0x4 
 .text.LED_Start
                0x08004150      0x198 ./Core/Src/leds.o
                0x08004150                LED_Start
 .text.LED_Stop
                0x080042e8       0x50 ./Core/Src/leds.o
                0x080042e8                LED_Stop
 .text.lsm6dsv16x_read_reg
                0x08004338       0x30 ./Core/Src/lsm6dsv16x_reg.o
                0x08004338                lsm6dsv16x_read_reg
 .text.lsm6dsv16x_write_reg
                0x08004368       0x30 ./Core/Src/lsm6dsv16x_reg.o
                0x08004368                lsm6dsv16x_write_reg
 .text.bytecpy  0x08004398       0x2a ./Core/Src/lsm6dsv16x_reg.o
 .text.lsm6dsv16x_reset_set
                0x080043c2       0xa0 ./Core/Src/lsm6dsv16x_reg.o
                0x080043c2                lsm6dsv16x_reset_set
 *fill*         0x08004462        0x2 
 .text.lsm6dsv16x_reset_get
                0x08004464       0xac ./Core/Src/lsm6dsv16x_reg.o
                0x08004464                lsm6dsv16x_reset_get
 .text.lsm6dsv16x_device_id_get
                0x08004510       0x22 ./Core/Src/lsm6dsv16x_reg.o
                0x08004510                lsm6dsv16x_device_id_get
 .text.lsm6dsv16x_xl_data_rate_set
                0x08004532       0xa2 ./Core/Src/lsm6dsv16x_reg.o
                0x08004532                lsm6dsv16x_xl_data_rate_set
 .text.lsm6dsv16x_xl_mode_set
                0x080045d4       0x4c ./Core/Src/lsm6dsv16x_reg.o
                0x080045d4                lsm6dsv16x_xl_mode_set
 .text.lsm6dsv16x_gy_data_rate_set
                0x08004620       0x9e ./Core/Src/lsm6dsv16x_reg.o
                0x08004620                lsm6dsv16x_gy_data_rate_set
 .text.lsm6dsv16x_gy_mode_set
                0x080046be       0x4c ./Core/Src/lsm6dsv16x_reg.o
                0x080046be                lsm6dsv16x_gy_mode_set
 .text.lsm6dsv16x_block_data_update_set
                0x0800470a       0x4c ./Core/Src/lsm6dsv16x_reg.o
                0x0800470a                lsm6dsv16x_block_data_update_set
 .text.lsm6dsv16x_odr_trig_cfg_set
                0x08004756       0x52 ./Core/Src/lsm6dsv16x_reg.o
                0x08004756                lsm6dsv16x_odr_trig_cfg_set
 .text.lsm6dsv16x_gy_full_scale_set
                0x080047a8       0x4c ./Core/Src/lsm6dsv16x_reg.o
                0x080047a8                lsm6dsv16x_gy_full_scale_set
 .text.lsm6dsv16x_xl_full_scale_set
                0x080047f4       0x4c ./Core/Src/lsm6dsv16x_reg.o
                0x080047f4                lsm6dsv16x_xl_full_scale_set
 .text.lsm6dsv16x_pin_int1_route_set
                0x08004840      0x16e ./Core/Src/lsm6dsv16x_reg.o
                0x08004840                lsm6dsv16x_pin_int1_route_set
 .text.lsm6dsv16x_den_polarity_set
                0x080049ae       0x4c ./Core/Src/lsm6dsv16x_reg.o
                0x080049ae                lsm6dsv16x_den_polarity_set
 .text.lsm6dsv16x_fifo_watermark_set
                0x080049fa       0x40 ./Core/Src/lsm6dsv16x_reg.o
                0x080049fa                lsm6dsv16x_fifo_watermark_set
 .text.lsm6dsv16x_fifo_xl_batch_set
                0x08004a3a       0x4c ./Core/Src/lsm6dsv16x_reg.o
                0x08004a3a                lsm6dsv16x_fifo_xl_batch_set
 .text.lsm6dsv16x_fifo_gy_batch_set
                0x08004a86       0x4c ./Core/Src/lsm6dsv16x_reg.o
                0x08004a86                lsm6dsv16x_fifo_gy_batch_set
 .text.lsm6dsv16x_fifo_mode_set
                0x08004ad2       0x4c ./Core/Src/lsm6dsv16x_reg.o
                0x08004ad2                lsm6dsv16x_fifo_mode_set
 .text.lsm6dsv16x_fifo_status_get
                0x08004b1e       0xc4 ./Core/Src/lsm6dsv16x_reg.o
                0x08004b1e                lsm6dsv16x_fifo_status_get
 .text.lsm6dsv16x_ui_i2c_i3c_mode_set
                0x08004be2       0x4c ./Core/Src/lsm6dsv16x_reg.o
                0x08004be2                lsm6dsv16x_ui_i2c_i3c_mode_set
 .text.acc_write
                0x08004c2e       0x58 ./Core/Src/lsm6dsv16x_rw.o
                0x08004c2e                acc_write
 .text.acc_read
                0x08004c86       0x62 ./Core/Src/lsm6dsv16x_rw.o
                0x08004c86                acc_read
 .text.main     0x08004ce8      0x89c ./Core/Src/main.o
                0x08004ce8                main
 .text.SystemClock_Config
                0x08005584       0xa2 ./Core/Src/main.o
                0x08005584                SystemClock_Config
 *fill*         0x08005626        0x2 
 .text.MX_ADC1_Init
                0x08005628       0xf0 ./Core/Src/main.o
 .text.MX_CRC_Init
                0x08005718       0x44 ./Core/Src/main.o
 .text.MX_I2C3_Init
                0x0800575c       0x80 ./Core/Src/main.o
 .text.MX_QUADSPI_Init
                0x080057dc       0x4c ./Core/Src/main.o
 .text.MX_RTC_Init
                0x08005828      0x124 ./Core/Src/main.o
 .text.MX_SPI2_Init
                0x0800594c       0x7c ./Core/Src/main.o
 .text.MX_SPI3_Init
                0x080059c8       0x7c ./Core/Src/main.o
 .text.MX_TIM1_Init
                0x08005a44      0x150 ./Core/Src/main.o
 .text.MX_TIM2_Init
                0x08005b94       0xa8 ./Core/Src/main.o
 .text.MX_TIM3_Init
                0x08005c3c       0xf0 ./Core/Src/main.o
 .text.MX_TIM4_Init
                0x08005d2c       0xe8 ./Core/Src/main.o
 .text.MX_UART4_Init
                0x08005e14       0x60 ./Core/Src/main.o
 .text.MX_USART1_UART_Init
                0x08005e74       0x60 ./Core/Src/main.o
 .text.MX_DMA_Init
                0x08005ed4       0x5c ./Core/Src/main.o
 .text.MX_GPIO_Init
                0x08005f30      0x200 ./Core/Src/main.o
 .text.Error_Handler
                0x08006130        0xc ./Core/Src/main.o
                0x08006130                Error_Handler
 .text.OTA_Init
                0x0800613c       0x64 ./Core/Src/ota.o
                0x0800613c                OTA_Init
 .text.OTA_Receive
                0x080061a0      0x1dc ./Core/Src/ota.o
                0x080061a0                OTA_Receive
 .text.OTA_CRC_Check
                0x0800637c      0x1b0 ./Core/Src/ota.o
                0x0800637c                OTA_CRC_Check
 .text.OTA_Apply
                0x0800652c      0x1fc ./Core/Src/ota.o
                0x0800652c                OTA_Apply
 .text.Save_Data
                0x08006728      0x3ec ./Core/Src/process.o
                0x08006728                Save_Data
 .text.Switch_Buffer
                0x08006b14       0xd4 ./Core/Src/process.o
                0x08006b14                Switch_Buffer
 .text.Erase_RAM_Data
                0x08006be8       0x58 ./Core/Src/process.o
                0x08006be8                Erase_RAM_Data
 .text.Start_Measure
                0x08006c40      0x1ac ./Core/Src/process.o
                0x08006c40                Start_Measure
 .text.Stop_Measure
                0x08006dec       0x48 ./Core/Src/process.o
                0x08006dec                Stop_Measure
 .text.Warning_Detection
                0x08006e34       0xc8 ./Core/Src/process.o
                0x08006e34                Warning_Detection
 .text.RAM_Save_Measure
                0x08006efc      0x1dc ./Core/Src/process.o
                0x08006efc                RAM_Save_Measure
 .text.Send_Measure_Chunk
                0x080070d8      0x1e4 ./Core/Src/process.o
                0x080070d8                Send_Measure_Chunk
 .text.Compress_Sample
                0x080072bc      0x470 ./Core/Src/process.o
                0x080072bc                Compress_Sample
 .text.ADPCM_Compression
                0x0800772c      0x144 ./Core/Src/process.o
                0x0800772c                ADPCM_Compression
 .text.Apply_Config
                0x08007870      0x354 ./Core/Src/process.o
                0x08007870                Apply_Config
 .text.Send_Config
                0x08007bc4      0x200 ./Core/Src/process.o
                0x08007bc4                Send_Config
 .text.Clear_Flags
                0x08007dc4       0x44 ./Core/Src/process.o
                0x08007dc4                Clear_Flags
 .text.psram_reset
                0x08007e08       0x6c ./Core/Src/psram.o
                0x08007e08                psram_reset
 .text.psram_qpi_mode
                0x08007e74       0x98 ./Core/Src/psram.o
                0x08007e74                psram_qpi_mode
 .text.psram_read_id
                0x08007f0c       0xa0 ./Core/Src/psram.o
                0x08007f0c                psram_read_id
 .text.psram_internal_read_write
                0x08007fac      0x110 ./Core/Src/psram.o
                0x08007fac                psram_internal_read_write
 .text.psram_sector_read_write
                0x080080bc       0x62 ./Core/Src/psram.o
                0x080080bc                psram_sector_read_write
 *fill*         0x0800811e        0x2 
 .text.psram_read_write
                0x08008120       0xa0 ./Core/Src/psram.o
                0x08008120                psram_read_write
 .text.raw_psram_read_write
                0x080081c0       0xbc ./Core/Src/psram.o
                0x080081c0                raw_psram_read_write
 .text.RAM_Write
                0x0800827c       0x22 ./Core/Src/psram.o
                0x0800827c                RAM_Write
 .text.RAM_Read
                0x0800829e       0x22 ./Core/Src/psram.o
                0x0800829e                RAM_Read
 .text.psram_is_initialized
                0x080082c0       0x18 ./Core/Src/psram.o
                0x080082c0                psram_is_initialized
 .text.psram_get_sector_size
                0x080082d8       0x12 ./Core/Src/psram.o
                0x080082d8                psram_get_sector_size
 *fill*         0x080082ea        0x2 
 .text.psram_get_sector_count
                0x080082ec       0x18 ./Core/Src/psram.o
                0x080082ec                psram_get_sector_count
 .text.psram_get_size
                0x08008304       0x18 ./Core/Src/psram.o
                0x08008304                psram_get_size
 .text.psram_init
                0x0800831c       0x9c ./Core/Src/psram.o
                0x0800831c                psram_init
 .text.HAL_MspInit
                0x080083b8       0x48 ./Core/Src/stm32l4xx_hal_msp.o
                0x080083b8                HAL_MspInit
 .text.HAL_ADC_MspInit
                0x08008400      0x130 ./Core/Src/stm32l4xx_hal_msp.o
                0x08008400                HAL_ADC_MspInit
 .text.HAL_CRC_MspInit
                0x08008530       0x40 ./Core/Src/stm32l4xx_hal_msp.o
                0x08008530                HAL_CRC_MspInit
 .text.HAL_I2C_MspInit
                0x08008570       0xbc ./Core/Src/stm32l4xx_hal_msp.o
                0x08008570                HAL_I2C_MspInit
 .text.HAL_QSPI_MspInit
                0x0800862c       0xc4 ./Core/Src/stm32l4xx_hal_msp.o
                0x0800862c                HAL_QSPI_MspInit
 .text.HAL_RTC_MspInit
                0x080086f0       0x74 ./Core/Src/stm32l4xx_hal_msp.o
                0x080086f0                HAL_RTC_MspInit
 .text.HAL_SPI_MspInit
                0x08008764       0xf0 ./Core/Src/stm32l4xx_hal_msp.o
                0x08008764                HAL_SPI_MspInit
 .text.HAL_TIM_PWM_MspInit
                0x08008854       0x40 ./Core/Src/stm32l4xx_hal_msp.o
                0x08008854                HAL_TIM_PWM_MspInit
 .text.HAL_TIM_IC_MspInit
                0x08008894       0x90 ./Core/Src/stm32l4xx_hal_msp.o
                0x08008894                HAL_TIM_IC_MspInit
 .text.HAL_TIM_Base_MspInit
                0x08008924       0x68 ./Core/Src/stm32l4xx_hal_msp.o
                0x08008924                HAL_TIM_Base_MspInit
 .text.HAL_TIM_MspPostInit
                0x0800898c       0xbc ./Core/Src/stm32l4xx_hal_msp.o
                0x0800898c                HAL_TIM_MspPostInit
 .text.HAL_UART_MspInit
                0x08008a48      0x20c ./Core/Src/stm32l4xx_hal_msp.o
                0x08008a48                HAL_UART_MspInit
 .text.NMI_Handler
                0x08008c54        0x8 ./Core/Src/stm32l4xx_it.o
                0x08008c54                NMI_Handler
 .text.HardFault_Handler
                0x08008c5c        0x8 ./Core/Src/stm32l4xx_it.o
                0x08008c5c                HardFault_Handler
 .text.MemManage_Handler
                0x08008c64        0x8 ./Core/Src/stm32l4xx_it.o
                0x08008c64                MemManage_Handler
 .text.BusFault_Handler
                0x08008c6c        0x8 ./Core/Src/stm32l4xx_it.o
                0x08008c6c                BusFault_Handler
 .text.UsageFault_Handler
                0x08008c74        0x8 ./Core/Src/stm32l4xx_it.o
                0x08008c74                UsageFault_Handler
 .text.SVC_Handler
                0x08008c7c        0xe ./Core/Src/stm32l4xx_it.o
                0x08008c7c                SVC_Handler
 .text.DebugMon_Handler
                0x08008c8a        0xe ./Core/Src/stm32l4xx_it.o
                0x08008c8a                DebugMon_Handler
 .text.PendSV_Handler
                0x08008c98        0xe ./Core/Src/stm32l4xx_it.o
                0x08008c98                PendSV_Handler
 .text.SysTick_Handler
                0x08008ca6        0xc ./Core/Src/stm32l4xx_it.o
                0x08008ca6                SysTick_Handler
 .text.EXTI2_IRQHandler
                0x08008cb2        0xe ./Core/Src/stm32l4xx_it.o
                0x08008cb2                EXTI2_IRQHandler
 .text.EXTI4_IRQHandler
                0x08008cc0        0xe ./Core/Src/stm32l4xx_it.o
                0x08008cc0                EXTI4_IRQHandler
 *fill*         0x08008cce        0x2 
 .text.DMA1_Channel1_IRQHandler
                0x08008cd0       0x14 ./Core/Src/stm32l4xx_it.o
                0x08008cd0                DMA1_Channel1_IRQHandler
 .text.DMA1_Channel4_IRQHandler
                0x08008ce4       0x14 ./Core/Src/stm32l4xx_it.o
                0x08008ce4                DMA1_Channel4_IRQHandler
 .text.DMA1_Channel5_IRQHandler
                0x08008cf8       0x14 ./Core/Src/stm32l4xx_it.o
                0x08008cf8                DMA1_Channel5_IRQHandler
 .text.EXTI9_5_IRQHandler
                0x08008d0c       0x10 ./Core/Src/stm32l4xx_it.o
                0x08008d0c                EXTI9_5_IRQHandler
 .text.TIM2_IRQHandler
                0x08008d1c       0x14 ./Core/Src/stm32l4xx_it.o
                0x08008d1c                TIM2_IRQHandler
 .text.USART1_IRQHandler
                0x08008d30       0x14 ./Core/Src/stm32l4xx_it.o
                0x08008d30                USART1_IRQHandler
 .text.EXTI15_10_IRQHandler
                0x08008d44       0x10 ./Core/Src/stm32l4xx_it.o
                0x08008d44                EXTI15_10_IRQHandler
 .text.RTC_Alarm_IRQHandler
                0x08008d54       0x14 ./Core/Src/stm32l4xx_it.o
                0x08008d54                RTC_Alarm_IRQHandler
 .text._sbrk    0x08008d68       0x6c ./Core/Src/sysmem.o
                0x08008d68                _sbrk
 .text.SystemInit
                0x08008dd4       0x24 ./Core/Src/system_stm32l4xx.o
                0x08008dd4                SystemInit
 .text.disk_status
                0x08008df8       0x50 ./Core/Src/FatFS/diskio.o
                0x08008df8                disk_status
 .text.disk_initialize
                0x08008e48       0x50 ./Core/Src/FatFS/diskio.o
                0x08008e48                disk_initialize
 .text.disk_read
                0x08008e98       0x64 ./Core/Src/FatFS/diskio.o
                0x08008e98                disk_read
 .text.disk_write
                0x08008efc       0x68 ./Core/Src/FatFS/diskio.o
                0x08008efc                disk_write
 .text.disk_ioctl
                0x08008f64      0x104 ./Core/Src/FatFS/diskio.o
                0x08008f64                disk_ioctl
 .text.ld_word  0x08009068       0x32 ./Core/Src/FatFS/ff.o
 .text.ld_dword
                0x0800909a       0x46 ./Core/Src/FatFS/ff.o
 .text.st_word  0x080090e0       0x36 ./Core/Src/FatFS/ff.o
 .text.st_dword
                0x08009116       0x58 ./Core/Src/FatFS/ff.o
 .text.dbc_1st  0x0800916e       0x22 ./Core/Src/FatFS/ff.o
 .text.dbc_2nd  0x08009190       0x22 ./Core/Src/FatFS/ff.o
 .text.sync_window
                0x080091b2       0x78 ./Core/Src/FatFS/ff.o
 .text.move_window
                0x0800922a       0x5a ./Core/Src/FatFS/ff.o
 .text.sync_fs  0x08009284       0xdc ./Core/Src/FatFS/ff.o
 .text.clst2sect
                0x08009360       0x3e ./Core/Src/FatFS/ff.o
 .text.get_fat  0x0800939e      0x1a6 ./Core/Src/FatFS/ff.o
 .text.put_fat  0x08009544      0x234 ./Core/Src/FatFS/ff.o
 .text.remove_chain
                0x08009778       0xca ./Core/Src/FatFS/ff.o
 .text.create_chain
                0x08009842      0x1a2 ./Core/Src/FatFS/ff.o
 .text.dir_clear
                0x080099e4       0x90 ./Core/Src/FatFS/ff.o
 .text.dir_sdi  0x08009a74      0x112 ./Core/Src/FatFS/ff.o
 .text.dir_next
                0x08009b86      0x14c ./Core/Src/FatFS/ff.o
 .text.dir_alloc
                0x08009cd2       0x8e ./Core/Src/FatFS/ff.o
 .text.ld_clust
                0x08009d60       0x3e ./Core/Src/FatFS/ff.o
 .text.st_clust
                0x08009d9e       0x40 ./Core/Src/FatFS/ff.o
 .text.dir_read
                0x08009dde       0xba ./Core/Src/FatFS/ff.o
 .text.dir_find
                0x08009e98       0xaa ./Core/Src/FatFS/ff.o
 .text.dir_register
                0x08009f42       0x64 ./Core/Src/FatFS/ff.o
 .text.dir_remove
                0x08009fa6       0x3c ./Core/Src/FatFS/ff.o
 *fill*         0x08009fe2        0x2 
 .text.create_name
                0x08009fe4      0x1b0 ./Core/Src/FatFS/ff.o
 .text.follow_path
                0x0800a194       0xe8 ./Core/Src/FatFS/ff.o
 .text.get_ldnumber
                0x0800a27c      0x134 ./Core/Src/FatFS/ff.o
 .text.check_fs
                0x0800a3b0      0x148 ./Core/Src/FatFS/ff.o
 .text.find_volume
                0x0800a4f8       0xbe ./Core/Src/FatFS/ff.o
 *fill*         0x0800a5b6        0x2 
 .text.mount_volume
                0x0800a5b8      0x44c ./Core/Src/FatFS/ff.o
 .text.validate
                0x0800aa04       0x6a ./Core/Src/FatFS/ff.o
 *fill*         0x0800aa6e        0x2 
 .text.f_mount  0x0800aa70       0x94 ./Core/Src/FatFS/ff.o
                0x0800aa70                f_mount
 .text.f_open   0x0800ab04      0x330 ./Core/Src/FatFS/ff.o
                0x0800ab04                f_open
 .text.f_read   0x0800ae34      0x2a6 ./Core/Src/FatFS/ff.o
                0x0800ae34                f_read
 .text.f_write  0x0800b0da      0x310 ./Core/Src/FatFS/ff.o
                0x0800b0da                f_write
 *fill*         0x0800b3ea        0x2 
 .text.f_sync   0x0800b3ec      0x100 ./Core/Src/FatFS/ff.o
                0x0800b3ec                f_sync
 .text.f_close  0x0800b4ec       0x40 ./Core/Src/FatFS/ff.o
                0x0800b4ec                f_close
 .text.f_unlink
                0x0800b52c      0x13c ./Core/Src/FatFS/ff.o
                0x0800b52c                f_unlink
 .text.create_partition
                0x0800b668      0x248 ./Core/Src/FatFS/ff.o
 .text.f_mkfs   0x0800b8b0      0x8a0 ./Core/Src/FatFS/ff.o
                0x0800b8b0                f_mkfs
 .text.Reset_Handler
                0x0800c150       0x50 ./Core/Startup/startup_stm32l475rctx.o
                0x0800c150                Reset_Handler
 .text.Default_Handler
                0x0800c1a0        0x2 ./Core/Startup/startup_stm32l475rctx.o
                0x0800c1a0                TIM8_TRG_COM_IRQHandler
                0x0800c1a0                TIM8_CC_IRQHandler
                0x0800c1a0                TIM1_CC_IRQHandler
                0x0800c1a0                TSC_IRQHandler
                0x0800c1a0                TAMP_STAMP_IRQHandler
                0x0800c1a0                EXTI3_IRQHandler
                0x0800c1a0                LPTIM2_IRQHandler
                0x0800c1a0                DFSDM1_FLT1_IRQHandler
                0x0800c1a0                I2C3_ER_IRQHandler
                0x0800c1a0                DFSDM1_FLT2_IRQHandler
                0x0800c1a0                EXTI0_IRQHandler
                0x0800c1a0                I2C2_EV_IRQHandler
                0x0800c1a0                CAN1_RX0_IRQHandler
                0x0800c1a0                FPU_IRQHandler
                0x0800c1a0                TIM1_UP_TIM16_IRQHandler
                0x0800c1a0                ADC1_2_IRQHandler
                0x0800c1a0                SPI1_IRQHandler
                0x0800c1a0                TIM6_DAC_IRQHandler
                0x0800c1a0                TIM8_UP_IRQHandler
                0x0800c1a0                DMA2_Channel2_IRQHandler
                0x0800c1a0                SAI2_IRQHandler
                0x0800c1a0                DFSDM1_FLT3_IRQHandler
                0x0800c1a0                USART3_IRQHandler
                0x0800c1a0                DMA1_Channel7_IRQHandler
                0x0800c1a0                CAN1_RX1_IRQHandler
                0x0800c1a0                UART5_IRQHandler
                0x0800c1a0                ADC3_IRQHandler
                0x0800c1a0                TIM4_IRQHandler
                0x0800c1a0                DMA2_Channel1_IRQHandler
                0x0800c1a0                QUADSPI_IRQHandler
                0x0800c1a0                I2C1_EV_IRQHandler
                0x0800c1a0                DMA1_Channel6_IRQHandler
                0x0800c1a0                UART4_IRQHandler
                0x0800c1a0                DMA2_Channel4_IRQHandler
                0x0800c1a0                TIM3_IRQHandler
                0x0800c1a0                RCC_IRQHandler
                0x0800c1a0                Default_Handler
                0x0800c1a0                DMA2_Channel7_IRQHandler
                0x0800c1a0                TIM7_IRQHandler
                0x0800c1a0                SDMMC1_IRQHandler
                0x0800c1a0                TIM5_IRQHandler
                0x0800c1a0                I2C3_EV_IRQHandler
                0x0800c1a0                RTC_WKUP_IRQHandler
                0x0800c1a0                PVD_PVM_IRQHandler
                0x0800c1a0                SPI2_IRQHandler
                0x0800c1a0                CAN1_TX_IRQHandler
                0x0800c1a0                DMA2_Channel5_IRQHandler
                0x0800c1a0                RNG_IRQHandler
                0x0800c1a0                TIM1_TRG_COM_TIM17_IRQHandler
                0x0800c1a0                DMA1_Channel3_IRQHandler
                0x0800c1a0                COMP_IRQHandler
                0x0800c1a0                WWDG_IRQHandler
                0x0800c1a0                LPUART1_IRQHandler
                0x0800c1a0                DMA2_Channel6_IRQHandler
                0x0800c1a0                EXTI1_IRQHandler
                0x0800c1a0                USART2_IRQHandler
                0x0800c1a0                DFSDM1_FLT0_IRQHandler
                0x0800c1a0                I2C2_ER_IRQHandler
                0x0800c1a0                DMA1_Channel2_IRQHandler
                0x0800c1a0                TIM8_BRK_IRQHandler
                0x0800c1a0                CAN1_SCE_IRQHandler
                0x0800c1a0                FLASH_IRQHandler
                0x0800c1a0                OTG_FS_IRQHandler
                0x0800c1a0                SPI3_IRQHandler
                0x0800c1a0                I2C1_ER_IRQHandler
                0x0800c1a0                FMC_IRQHandler
                0x0800c1a0                SWPMI1_IRQHandler
                0x0800c1a0                LPTIM1_IRQHandler
                0x0800c1a0                SAI1_IRQHandler
                0x0800c1a0                DMA2_Channel3_IRQHandler
                0x0800c1a0                TIM1_BRK_TIM15_IRQHandler
 .text.HAL_Init
                0x0800c1a2       0x30 ./Drivers/STM32L4xx_HAL_Driver/Src/stm32l4xx_hal.o
                0x0800c1a2                HAL_Init
 *fill*         0x0800c1d2        0x2 
 .text.HAL_InitTick
                0x0800c1d4       0x78 ./Drivers/STM32L4xx_HAL_Driver/Src/stm32l4xx_hal.o
                0x0800c1d4                HAL_InitTick
 .text.HAL_IncTick
                0x0800c24c       0x28 ./Drivers/STM32L4xx_HAL_Driver/Src/stm32l4xx_hal.o
                0x0800c24c                HAL_IncTick
 .text.HAL_GetTick
                0x0800c274       0x18 ./Drivers/STM32L4xx_HAL_Driver/Src/stm32l4xx_hal.o
                0x0800c274                HAL_GetTick
 .text.HAL_Delay
                0x0800c28c       0x48 ./Drivers/STM32L4xx_HAL_Driver/Src/stm32l4xx_hal.o
                0x0800c28c                HAL_Delay
 .text.LL_ADC_SetCommonClock
                0x0800c2d4       0x26 ./Drivers/STM32L4xx_HAL_Driver/Src/stm32l4xx_hal_adc.o
 .text.LL_ADC_SetCommonPathInternalCh
                0x0800c2fa       0x26 ./Drivers/STM32L4xx_HAL_Driver/Src/stm32l4xx_hal_adc.o
 .text.LL_ADC_GetCommonPathInternalCh
                0x0800c320       0x1c ./Drivers/STM32L4xx_HAL_Driver/Src/stm32l4xx_hal_adc.o
 .text.LL_ADC_SetOffset
                0x0800c33c       0x48 ./Drivers/STM32L4xx_HAL_Driver/Src/stm32l4xx_hal_adc.o
 .text.LL_ADC_GetOffsetChannel
                0x0800c384       0x2c ./Drivers/STM32L4xx_HAL_Driver/Src/stm32l4xx_hal_adc.o
 .text.LL_ADC_SetOffsetState
                0x0800c3b0       0x36 ./Drivers/STM32L4xx_HAL_Driver/Src/stm32l4xx_hal_adc.o
 .text.LL_ADC_REG_IsTriggerSourceSWStart
                0x0800c3e6       0x26 ./Drivers/STM32L4xx_HAL_Driver/Src/stm32l4xx_hal_adc.o
 .text.LL_ADC_REG_SetSequencerRanks
                0x0800c40c       0x58 ./Drivers/STM32L4xx_HAL_Driver/Src/stm32l4xx_hal_adc.o
 .text.LL_ADC_SetChannelSamplingTime
                0x0800c464       0x56 ./Drivers/STM32L4xx_HAL_Driver/Src/stm32l4xx_hal_adc.o
 *fill*         0x0800c4ba        0x2 
 .text.LL_ADC_SetChannelSingleDiff
                0x0800c4bc       0x48 ./Drivers/STM32L4xx_HAL_Driver/Src/stm32l4xx_hal_adc.o
 .text.LL_ADC_GetMultimode
                0x0800c504       0x1c ./Drivers/STM32L4xx_HAL_Driver/Src/stm32l4xx_hal_adc.o
 .text.LL_ADC_DisableDeepPowerDown
                0x0800c520       0x24 ./Drivers/STM32L4xx_HAL_Driver/Src/stm32l4xx_hal_adc.o
 .text.LL_ADC_IsDeepPowerDownEnabled
                0x0800c544       0x28 ./Drivers/STM32L4xx_HAL_Driver/Src/stm32l4xx_hal_adc.o
 .text.LL_ADC_EnableInternalRegulator
                0x0800c56c       0x28 ./Drivers/STM32L4xx_HAL_Driver/Src/stm32l4xx_hal_adc.o
 .text.LL_ADC_IsInternalRegulatorEnabled
                0x0800c594       0x28 ./Drivers/STM32L4xx_HAL_Driver/Src/stm32l4xx_hal_adc.o
 .text.LL_ADC_Enable
                0x0800c5bc       0x28 ./Drivers/STM32L4xx_HAL_Driver/Src/stm32l4xx_hal_adc.o
 .text.LL_ADC_Disable
                0x0800c5e4       0x28 ./Drivers/STM32L4xx_HAL_Driver/Src/stm32l4xx_hal_adc.o
 .text.LL_ADC_IsEnabled
                0x0800c60c       0x26 ./Drivers/STM32L4xx_HAL_Driver/Src/stm32l4xx_hal_adc.o
 .text.LL_ADC_IsDisableOngoing
                0x0800c632       0x26 ./Drivers/STM32L4xx_HAL_Driver/Src/stm32l4xx_hal_adc.o
 .text.LL_ADC_REG_StartConversion
                0x0800c658       0x28 ./Drivers/STM32L4xx_HAL_Driver/Src/stm32l4xx_hal_adc.o
 .text.LL_ADC_REG_StopConversion
                0x0800c680       0x28 ./Drivers/STM32L4xx_HAL_Driver/Src/stm32l4xx_hal_adc.o
 .text.LL_ADC_REG_IsConversionOngoing
                0x0800c6a8       0x26 ./Drivers/STM32L4xx_HAL_Driver/Src/stm32l4xx_hal_adc.o
 .text.LL_ADC_INJ_StopConversion
                0x0800c6ce       0x28 ./Drivers/STM32L4xx_HAL_Driver/Src/stm32l4xx_hal_adc.o
 .text.LL_ADC_INJ_IsConversionOngoing
                0x0800c6f6       0x26 ./Drivers/STM32L4xx_HAL_Driver/Src/stm32l4xx_hal_adc.o
 .text.HAL_ADC_Init
                0x0800c71c      0x2a0 ./Drivers/STM32L4xx_HAL_Driver/Src/stm32l4xx_hal_adc.o
                0x0800c71c                HAL_ADC_Init
 .text.HAL_ADC_Start_DMA
                0x0800c9bc      0x178 ./Drivers/STM32L4xx_HAL_Driver/Src/stm32l4xx_hal_adc.o
                0x0800c9bc                HAL_ADC_Start_DMA
 .text.HAL_ADC_Stop_DMA
                0x0800cb34       0xc2 ./Drivers/STM32L4xx_HAL_Driver/Src/stm32l4xx_hal_adc.o
                0x0800cb34                HAL_ADC_Stop_DMA
 .text.HAL_ADC_ErrorCallback
                0x0800cbf6       0x14 ./Drivers/STM32L4xx_HAL_Driver/Src/stm32l4xx_hal_adc.o
                0x0800cbf6                HAL_ADC_ErrorCallback
 *fill*         0x0800cc0a        0x2 
 .text.HAL_ADC_ConfigChannel
                0x0800cc0c      0x7e4 ./Drivers/STM32L4xx_HAL_Driver/Src/stm32l4xx_hal_adc.o
                0x0800cc0c                HAL_ADC_ConfigChannel
 .text.ADC_ConversionStop
                0x0800d3f0      0x178 ./Drivers/STM32L4xx_HAL_Driver/Src/stm32l4xx_hal_adc.o
                0x0800d3f0                ADC_ConversionStop
 .text.ADC_Enable
                0x0800d568      0x10c ./Drivers/STM32L4xx_HAL_Driver/Src/stm32l4xx_hal_adc.o
                0x0800d568                ADC_Enable
 .text.ADC_Disable
                0x0800d674       0xbe ./Drivers/STM32L4xx_HAL_Driver/Src/stm32l4xx_hal_adc.o
                0x0800d674                ADC_Disable
 .text.ADC_DMAConvCplt
                0x0800d732       0xd8 ./Drivers/STM32L4xx_HAL_Driver/Src/stm32l4xx_hal_adc.o
                0x0800d732                ADC_DMAConvCplt
 .text.ADC_DMAHalfConvCplt
                0x0800d80a       0x1c ./Drivers/STM32L4xx_HAL_Driver/Src/stm32l4xx_hal_adc.o
                0x0800d80a                ADC_DMAHalfConvCplt
 .text.ADC_DMAError
                0x0800d826       0x34 ./Drivers/STM32L4xx_HAL_Driver/Src/stm32l4xx_hal_adc.o
                0x0800d826                ADC_DMAError
 .text.LL_ADC_IsEnabled
                0x0800d85a       0x26 ./Drivers/STM32L4xx_HAL_Driver/Src/stm32l4xx_hal_adc_ex.o
 .text.LL_ADC_REG_IsConversionOngoing
                0x0800d880       0x26 ./Drivers/STM32L4xx_HAL_Driver/Src/stm32l4xx_hal_adc_ex.o
 *fill*         0x0800d8a6        0x2 
 .text.HAL_ADCEx_MultiModeConfigChannel
                0x0800d8a8      0x160 ./Drivers/STM32L4xx_HAL_Driver/Src/stm32l4xx_hal_adc_ex.o
                0x0800d8a8                HAL_ADCEx_MultiModeConfigChannel
 .text.__NVIC_SetPriorityGrouping
                0x0800da08       0x48 ./Drivers/STM32L4xx_HAL_Driver/Src/stm32l4xx_hal_cortex.o
 .text.__NVIC_GetPriorityGrouping
                0x0800da50       0x1c ./Drivers/STM32L4xx_HAL_Driver/Src/stm32l4xx_hal_cortex.o
 .text.__NVIC_EnableIRQ
                0x0800da6c       0x3c ./Drivers/STM32L4xx_HAL_Driver/Src/stm32l4xx_hal_cortex.o
 .text.__NVIC_SetPriority
                0x0800daa8       0x54 ./Drivers/STM32L4xx_HAL_Driver/Src/stm32l4xx_hal_cortex.o
 .text.NVIC_EncodePriority
                0x0800dafc       0x66 ./Drivers/STM32L4xx_HAL_Driver/Src/stm32l4xx_hal_cortex.o
 *fill*         0x0800db62        0x2 
 .text.__NVIC_SystemReset
                0x0800db64       0x2c ./Drivers/STM32L4xx_HAL_Driver/Src/stm32l4xx_hal_cortex.o
 .text.SysTick_Config
                0x0800db90       0x44 ./Drivers/STM32L4xx_HAL_Driver/Src/stm32l4xx_hal_cortex.o
 .text.HAL_NVIC_SetPriorityGrouping
                0x0800dbd4       0x16 ./Drivers/STM32L4xx_HAL_Driver/Src/stm32l4xx_hal_cortex.o
                0x0800dbd4                HAL_NVIC_SetPriorityGrouping
 .text.HAL_NVIC_SetPriority
                0x0800dbea       0x38 ./Drivers/STM32L4xx_HAL_Driver/Src/stm32l4xx_hal_cortex.o
                0x0800dbea                HAL_NVIC_SetPriority
 .text.HAL_NVIC_EnableIRQ
                0x0800dc22       0x1c ./Drivers/STM32L4xx_HAL_Driver/Src/stm32l4xx_hal_cortex.o
                0x0800dc22                HAL_NVIC_EnableIRQ
 .text.HAL_NVIC_SystemReset
                0x0800dc3e        0x8 ./Drivers/STM32L4xx_HAL_Driver/Src/stm32l4xx_hal_cortex.o
                0x0800dc3e                HAL_NVIC_SystemReset
 .text.HAL_SYSTICK_Config
                0x0800dc46       0x18 ./Drivers/STM32L4xx_HAL_Driver/Src/stm32l4xx_hal_cortex.o
                0x0800dc46                HAL_SYSTICK_Config
 *fill*         0x0800dc5e        0x2 
 .text.HAL_CRC_Init
                0x0800dc60       0xc8 ./Drivers/STM32L4xx_HAL_Driver/Src/stm32l4xx_hal_crc.o
                0x0800dc60                HAL_CRC_Init
 .text.HAL_CRC_Accumulate
                0x0800dd28       0x88 ./Drivers/STM32L4xx_HAL_Driver/Src/stm32l4xx_hal_crc.o
                0x0800dd28                HAL_CRC_Accumulate
 .text.CRC_Handle_8
                0x0800ddb0      0x120 ./Drivers/STM32L4xx_HAL_Driver/Src/stm32l4xx_hal_crc.o
 .text.CRC_Handle_16
                0x0800ded0       0x74 ./Drivers/STM32L4xx_HAL_Driver/Src/stm32l4xx_hal_crc.o
 .text.HAL_CRCEx_Polynomial_Set
                0x0800df44      0x11c ./Drivers/STM32L4xx_HAL_Driver/Src/stm32l4xx_hal_crc_ex.o
                0x0800df44                HAL_CRCEx_Polynomial_Set
 .text.HAL_CRCEx_Input_Data_Reverse
                0x0800e060       0x38 ./Drivers/STM32L4xx_HAL_Driver/Src/stm32l4xx_hal_crc_ex.o
                0x0800e060                HAL_CRCEx_Input_Data_Reverse
 .text.HAL_CRCEx_Output_Data_Reverse
                0x0800e098       0x38 ./Drivers/STM32L4xx_HAL_Driver/Src/stm32l4xx_hal_crc_ex.o
                0x0800e098                HAL_CRCEx_Output_Data_Reverse
 .text.HAL_DMA_Init
                0x0800e0d0      0x170 ./Drivers/STM32L4xx_HAL_Driver/Src/stm32l4xx_hal_dma.o
                0x0800e0d0                HAL_DMA_Init
 .text.HAL_DMA_Start_IT
                0x0800e240       0xc0 ./Drivers/STM32L4xx_HAL_Driver/Src/stm32l4xx_hal_dma.o
                0x0800e240                HAL_DMA_Start_IT
 .text.HAL_DMA_Abort
                0x0800e300       0x7c ./Drivers/STM32L4xx_HAL_Driver/Src/stm32l4xx_hal_dma.o
                0x0800e300                HAL_DMA_Abort
 .text.HAL_DMA_Abort_IT
                0x0800e37c       0x82 ./Drivers/STM32L4xx_HAL_Driver/Src/stm32l4xx_hal_dma.o
                0x0800e37c                HAL_DMA_Abort_IT
 .text.HAL_DMA_IRQHandler
                0x0800e3fe      0x15e ./Drivers/STM32L4xx_HAL_Driver/Src/stm32l4xx_hal_dma.o
                0x0800e3fe                HAL_DMA_IRQHandler
 .text.HAL_DMA_GetError
                0x0800e55c       0x18 ./Drivers/STM32L4xx_HAL_Driver/Src/stm32l4xx_hal_dma.o
                0x0800e55c                HAL_DMA_GetError
 .text.DMA_SetConfig
                0x0800e574       0x60 ./Drivers/STM32L4xx_HAL_Driver/Src/stm32l4xx_hal_dma.o
 .text.HAL_FLASH_Program
                0x0800e5d4       0xd8 ./Drivers/STM32L4xx_HAL_Driver/Src/stm32l4xx_hal_flash.o
                0x0800e5d4                HAL_FLASH_Program
 .text.HAL_FLASH_Unlock
                0x0800e6ac       0x44 ./Drivers/STM32L4xx_HAL_Driver/Src/stm32l4xx_hal_flash.o
                0x0800e6ac                HAL_FLASH_Unlock
 .text.HAL_FLASH_Lock
                0x0800e6f0       0x20 ./Drivers/STM32L4xx_HAL_Driver/Src/stm32l4xx_hal_flash.o
                0x0800e6f0                HAL_FLASH_Lock
 .text.HAL_FLASH_OB_Unlock
                0x0800e710       0x38 ./Drivers/STM32L4xx_HAL_Driver/Src/stm32l4xx_hal_flash.o
                0x0800e710                HAL_FLASH_OB_Unlock
 .text.HAL_FLASH_OB_Lock
                0x0800e748       0x20 ./Drivers/STM32L4xx_HAL_Driver/Src/stm32l4xx_hal_flash.o
                0x0800e748                HAL_FLASH_OB_Lock
 .text.HAL_FLASH_OB_Launch
                0x0800e768       0x24 ./Drivers/STM32L4xx_HAL_Driver/Src/stm32l4xx_hal_flash.o
                0x0800e768                HAL_FLASH_OB_Launch
 .text.FLASH_WaitForLastOperation
                0x0800e78c       0xac ./Drivers/STM32L4xx_HAL_Driver/Src/stm32l4xx_hal_flash.o
                0x0800e78c                FLASH_WaitForLastOperation
 .text.FLASH_Program_DoubleWord
                0x0800e838       0x4c ./Drivers/STM32L4xx_HAL_Driver/Src/stm32l4xx_hal_flash.o
 .text.FLASH_Program_Fast
                0x0800e884       0x6c ./Drivers/STM32L4xx_HAL_Driver/Src/stm32l4xx_hal_flash.o
 .text.HAL_FLASHEx_Erase
                0x0800e8f0      0x138 ./Drivers/STM32L4xx_HAL_Driver/Src/stm32l4xx_hal_flash_ex.o
                0x0800e8f0                HAL_FLASHEx_Erase
 .text.HAL_FLASHEx_OBProgram
                0x0800ea28       0xdc ./Drivers/STM32L4xx_HAL_Driver/Src/stm32l4xx_hal_flash_ex.o
                0x0800ea28                HAL_FLASHEx_OBProgram
 .text.HAL_FLASHEx_OBGetConfig
                0x0800eb04       0x9c ./Drivers/STM32L4xx_HAL_Driver/Src/stm32l4xx_hal_flash_ex.o
                0x0800eb04                HAL_FLASHEx_OBGetConfig
 .text.FLASH_MassErase
                0x0800eba0       0x50 ./Drivers/STM32L4xx_HAL_Driver/Src/stm32l4xx_hal_flash_ex.o
 .text.FLASH_PageErase
                0x0800ebf0       0x6c ./Drivers/STM32L4xx_HAL_Driver/Src/stm32l4xx_hal_flash_ex.o
                0x0800ebf0                FLASH_PageErase
 .text.FLASH_FlushCaches
                0x0800ec5c       0x94 ./Drivers/STM32L4xx_HAL_Driver/Src/stm32l4xx_hal_flash_ex.o
                0x0800ec5c                FLASH_FlushCaches
 .text.FLASH_OB_WRPConfig
                0x0800ecf0       0xc8 ./Drivers/STM32L4xx_HAL_Driver/Src/stm32l4xx_hal_flash_ex.o
 .text.FLASH_OB_RDPConfig
                0x0800edb8       0x5c ./Drivers/STM32L4xx_HAL_Driver/Src/stm32l4xx_hal_flash_ex.o
 .text.FLASH_OB_UserConfig
                0x0800ee14      0x1f0 ./Drivers/STM32L4xx_HAL_Driver/Src/stm32l4xx_hal_flash_ex.o
 .text.FLASH_OB_PCROPConfig
                0x0800f004      0x158 ./Drivers/STM32L4xx_HAL_Driver/Src/stm32l4xx_hal_flash_ex.o
 .text.FLASH_OB_GetWRP
                0x0800f15c       0x94 ./Drivers/STM32L4xx_HAL_Driver/Src/stm32l4xx_hal_flash_ex.o
 .text.FLASH_OB_GetRDP
                0x0800f1f0       0x34 ./Drivers/STM32L4xx_HAL_Driver/Src/stm32l4xx_hal_flash_ex.o
 .text.FLASH_OB_GetUser
                0x0800f224       0x28 ./Drivers/STM32L4xx_HAL_Driver/Src/stm32l4xx_hal_flash_ex.o
 .text.FLASH_OB_GetPCROP
                0x0800f24c      0x110 ./Drivers/STM32L4xx_HAL_Driver/Src/stm32l4xx_hal_flash_ex.o
 .text.HAL_GPIO_Init
                0x0800f35c      0x354 ./Drivers/STM32L4xx_HAL_Driver/Src/stm32l4xx_hal_gpio.o
                0x0800f35c                HAL_GPIO_Init
 .text.HAL_GPIO_ReadPin
                0x0800f6b0       0x30 ./Drivers/STM32L4xx_HAL_Driver/Src/stm32l4xx_hal_gpio.o
                0x0800f6b0                HAL_GPIO_ReadPin
 .text.HAL_GPIO_WritePin
                0x0800f6e0       0x30 ./Drivers/STM32L4xx_HAL_Driver/Src/stm32l4xx_hal_gpio.o
                0x0800f6e0                HAL_GPIO_WritePin
 .text.HAL_GPIO_EXTI_IRQHandler
                0x0800f710       0x30 ./Drivers/STM32L4xx_HAL_Driver/Src/stm32l4xx_hal_gpio.o
                0x0800f710                HAL_GPIO_EXTI_IRQHandler
 .text.HAL_I2C_Init
                0x0800f740      0x136 ./Drivers/STM32L4xx_HAL_Driver/Src/stm32l4xx_hal_i2c.o
                0x0800f740                HAL_I2C_Init
 *fill*         0x0800f876        0x2 
 .text.HAL_I2C_Master_Transmit
                0x0800f878      0x230 ./Drivers/STM32L4xx_HAL_Driver/Src/stm32l4xx_hal_i2c.o
                0x0800f878                HAL_I2C_Master_Transmit
 .text.HAL_I2C_Master_Receive
                0x0800faa8      0x1ec ./Drivers/STM32L4xx_HAL_Driver/Src/stm32l4xx_hal_i2c.o
                0x0800faa8                HAL_I2C_Master_Receive
 .text.I2C_Flush_TXDR
                0x0800fc94       0x48 ./Drivers/STM32L4xx_HAL_Driver/Src/stm32l4xx_hal_i2c.o
 .text.I2C_WaitOnFlagUntilTimeout
                0x0800fcdc       0xb2 ./Drivers/STM32L4xx_HAL_Driver/Src/stm32l4xx_hal_i2c.o
 .text.I2C_WaitOnTXISFlagUntilTimeout
                0x0800fd8e       0x8e ./Drivers/STM32L4xx_HAL_Driver/Src/stm32l4xx_hal_i2c.o
 .text.I2C_WaitOnSTOPFlagUntilTimeout
                0x0800fe1c       0x86 ./Drivers/STM32L4xx_HAL_Driver/Src/stm32l4xx_hal_i2c.o
 *fill*         0x0800fea2        0x2 
 .text.I2C_WaitOnRXNEFlagUntilTimeout
                0x0800fea4      0x118 ./Drivers/STM32L4xx_HAL_Driver/Src/stm32l4xx_hal_i2c.o
 .text.I2C_IsErrorOccurred
                0x0800ffbc      0x1c0 ./Drivers/STM32L4xx_HAL_Driver/Src/stm32l4xx_hal_i2c.o
 .text.I2C_TransferConfig
                0x0801017c       0x64 ./Drivers/STM32L4xx_HAL_Driver/Src/stm32l4xx_hal_i2c.o
 .text.HAL_I2CEx_ConfigAnalogFilter
                0x080101e0       0x96 ./Drivers/STM32L4xx_HAL_Driver/Src/stm32l4xx_hal_i2c_ex.o
                0x080101e0                HAL_I2CEx_ConfigAnalogFilter
 .text.HAL_I2CEx_ConfigDigitalFilter
                0x08010276       0x98 ./Drivers/STM32L4xx_HAL_Driver/Src/stm32l4xx_hal_i2c_ex.o
                0x08010276                HAL_I2CEx_ConfigDigitalFilter
 *fill*         0x0801030e        0x2 
 .text.HAL_PWREx_GetVoltageRange
                0x08010310       0x1c ./Drivers/STM32L4xx_HAL_Driver/Src/stm32l4xx_hal_pwr_ex.o
                0x08010310                HAL_PWREx_GetVoltageRange
 .text.HAL_PWREx_ControlVoltageScaling
                0x0801032c       0xac ./Drivers/STM32L4xx_HAL_Driver/Src/stm32l4xx_hal_pwr_ex.o
                0x0801032c                HAL_PWREx_ControlVoltageScaling
 .text.HAL_QSPI_Init
                0x080103d8       0xec ./Drivers/STM32L4xx_HAL_Driver/Src/stm32l4xx_hal_qspi.o
                0x080103d8                HAL_QSPI_Init
 .text.HAL_QSPI_Command
                0x080104c4       0xbc ./Drivers/STM32L4xx_HAL_Driver/Src/stm32l4xx_hal_qspi.o
                0x080104c4                HAL_QSPI_Command
 .text.HAL_QSPI_Transmit
                0x08010580      0x12e ./Drivers/STM32L4xx_HAL_Driver/Src/stm32l4xx_hal_qspi.o
                0x08010580                HAL_QSPI_Transmit
 .text.HAL_QSPI_Receive
                0x080106ae      0x144 ./Drivers/STM32L4xx_HAL_Driver/Src/stm32l4xx_hal_qspi.o
                0x080106ae                HAL_QSPI_Receive
 .text.HAL_QSPI_Abort
                0x080107f2       0xf2 ./Drivers/STM32L4xx_HAL_Driver/Src/stm32l4xx_hal_qspi.o
                0x080107f2                HAL_QSPI_Abort
 .text.HAL_QSPI_SetTimeout
                0x080108e4       0x1c ./Drivers/STM32L4xx_HAL_Driver/Src/stm32l4xx_hal_qspi.o
                0x080108e4                HAL_QSPI_SetTimeout
 .text.QSPI_WaitFlagStateUntilTimeout
                0x08010900       0x6e ./Drivers/STM32L4xx_HAL_Driver/Src/stm32l4xx_hal_qspi.o
 .text.QSPI_Config
                0x0801096e      0x32e ./Drivers/STM32L4xx_HAL_Driver/Src/stm32l4xx_hal_qspi.o
 .text.HAL_RCC_OscConfig
                0x08010c9c      0x7b8 ./Drivers/STM32L4xx_HAL_Driver/Src/stm32l4xx_hal_rcc.o
                0x08010c9c                HAL_RCC_OscConfig
 .text.HAL_RCC_ClockConfig
                0x08011454      0x200 ./Drivers/STM32L4xx_HAL_Driver/Src/stm32l4xx_hal_rcc.o
                0x08011454                HAL_RCC_ClockConfig
 .text.HAL_RCC_GetSysClockFreq
                0x08011654      0x118 ./Drivers/STM32L4xx_HAL_Driver/Src/stm32l4xx_hal_rcc.o
                0x08011654                HAL_RCC_GetSysClockFreq
 .text.HAL_RCC_GetHCLKFreq
                0x0801176c       0x18 ./Drivers/STM32L4xx_HAL_Driver/Src/stm32l4xx_hal_rcc.o
                0x0801176c                HAL_RCC_GetHCLKFreq
 .text.HAL_RCC_GetPCLK1Freq
                0x08011784       0x2c ./Drivers/STM32L4xx_HAL_Driver/Src/stm32l4xx_hal_rcc.o
                0x08011784                HAL_RCC_GetPCLK1Freq
 .text.HAL_RCC_GetPCLK2Freq
                0x080117b0       0x2c ./Drivers/STM32L4xx_HAL_Driver/Src/stm32l4xx_hal_rcc.o
                0x080117b0                HAL_RCC_GetPCLK2Freq
 .text.RCC_SetFlashLatencyFromMSIRange
                0x080117dc       0xc0 ./Drivers/STM32L4xx_HAL_Driver/Src/stm32l4xx_hal_rcc.o
 .text.HAL_RCCEx_PeriphCLKConfig
                0x0801189c      0x5d4 ./Drivers/STM32L4xx_HAL_Driver/Src/stm32l4xx_hal_rcc_ex.o
                0x0801189c                HAL_RCCEx_PeriphCLKConfig
 .text.RCCEx_PLLSAI1_Config
                0x08011e70      0x1e8 ./Drivers/STM32L4xx_HAL_Driver/Src/stm32l4xx_hal_rcc_ex.o
 .text.RCCEx_PLLSAI2_Config
                0x08012058      0x1bc ./Drivers/STM32L4xx_HAL_Driver/Src/stm32l4xx_hal_rcc_ex.o
 .text.HAL_RTC_Init
                0x08012214      0x110 ./Drivers/STM32L4xx_HAL_Driver/Src/stm32l4xx_hal_rtc.o
                0x08012214                HAL_RTC_Init
 .text.HAL_RTC_SetTime
                0x08012324      0x13a ./Drivers/STM32L4xx_HAL_Driver/Src/stm32l4xx_hal_rtc.o
                0x08012324                HAL_RTC_SetTime
 .text.HAL_RTC_GetTime
                0x0801245e       0xb8 ./Drivers/STM32L4xx_HAL_Driver/Src/stm32l4xx_hal_rtc.o
                0x0801245e                HAL_RTC_GetTime
 .text.HAL_RTC_SetDate
                0x08012516      0x10e ./Drivers/STM32L4xx_HAL_Driver/Src/stm32l4xx_hal_rtc.o
                0x08012516                HAL_RTC_SetDate
 .text.HAL_RTC_SetAlarm_IT
                0x08012624      0x278 ./Drivers/STM32L4xx_HAL_Driver/Src/stm32l4xx_hal_rtc.o
                0x08012624                HAL_RTC_SetAlarm_IT
 .text.HAL_RTC_AlarmIRQHandler
                0x0801289c       0x8c ./Drivers/STM32L4xx_HAL_Driver/Src/stm32l4xx_hal_rtc.o
                0x0801289c                HAL_RTC_AlarmIRQHandler
 .text.HAL_RTC_WaitForSynchro
                0x08012928       0x48 ./Drivers/STM32L4xx_HAL_Driver/Src/stm32l4xx_hal_rtc.o
                0x08012928                HAL_RTC_WaitForSynchro
 .text.RTC_EnterInitMode
                0x08012970       0x66 ./Drivers/STM32L4xx_HAL_Driver/Src/stm32l4xx_hal_rtc.o
                0x08012970                RTC_EnterInitMode
 *fill*         0x080129d6        0x2 
 .text.RTC_ExitInitMode
                0x080129d8       0x7c ./Drivers/STM32L4xx_HAL_Driver/Src/stm32l4xx_hal_rtc.o
                0x080129d8                RTC_ExitInitMode
 .text.RTC_ByteToBcd2
                0x08012a54       0x40 ./Drivers/STM32L4xx_HAL_Driver/Src/stm32l4xx_hal_rtc.o
                0x08012a54                RTC_ByteToBcd2
 .text.RTC_Bcd2ToByte
                0x08012a94       0x34 ./Drivers/STM32L4xx_HAL_Driver/Src/stm32l4xx_hal_rtc.o
                0x08012a94                RTC_Bcd2ToByte
 .text.HAL_RTCEx_AlarmBEventCallback
                0x08012ac8       0x14 ./Drivers/STM32L4xx_HAL_Driver/Src/stm32l4xx_hal_rtc_ex.o
                0x08012ac8                HAL_RTCEx_AlarmBEventCallback
 .text.HAL_SPI_Init
                0x08012adc      0x146 ./Drivers/STM32L4xx_HAL_Driver/Src/stm32l4xx_hal_spi.o
                0x08012adc                HAL_SPI_Init
 .text.HAL_SPI_Transmit
                0x08012c22      0x2ec ./Drivers/STM32L4xx_HAL_Driver/Src/stm32l4xx_hal_spi.o
                0x08012c22                HAL_SPI_Transmit
 .text.HAL_SPI_Receive
                0x08012f0e      0x270 ./Drivers/STM32L4xx_HAL_Driver/Src/stm32l4xx_hal_spi.o
                0x08012f0e                HAL_SPI_Receive
 .text.HAL_SPI_TransmitReceive
                0x0801317e      0x43e ./Drivers/STM32L4xx_HAL_Driver/Src/stm32l4xx_hal_spi.o
                0x0801317e                HAL_SPI_TransmitReceive
 .text.SPI_WaitFlagStateUntilTimeout
                0x080135bc      0x110 ./Drivers/STM32L4xx_HAL_Driver/Src/stm32l4xx_hal_spi.o
 .text.SPI_WaitFifoStateUntilTimeout
                0x080136cc      0x12c ./Drivers/STM32L4xx_HAL_Driver/Src/stm32l4xx_hal_spi.o
 .text.SPI_EndRxTransaction
                0x080137f8       0xb0 ./Drivers/STM32L4xx_HAL_Driver/Src/stm32l4xx_hal_spi.o
 .text.SPI_EndRxTxTransaction
                0x080138a8       0x8c ./Drivers/STM32L4xx_HAL_Driver/Src/stm32l4xx_hal_spi.o
 .text.HAL_TIM_Base_Init
                0x08013934       0xae ./Drivers/STM32L4xx_HAL_Driver/Src/stm32l4xx_hal_tim.o
                0x08013934                HAL_TIM_Base_Init
 *fill*         0x080139e2        0x2 
 .text.HAL_TIM_Base_Start
                0x080139e4       0xd0 ./Drivers/STM32L4xx_HAL_Driver/Src/stm32l4xx_hal_tim.o
                0x080139e4                HAL_TIM_Base_Start
 .text.HAL_TIM_Base_Stop
                0x08013ab4       0x4e ./Drivers/STM32L4xx_HAL_Driver/Src/stm32l4xx_hal_tim.o
                0x08013ab4                HAL_TIM_Base_Stop
 .text.HAL_TIM_OC_Init
                0x08013b02       0xae ./Drivers/STM32L4xx_HAL_Driver/Src/stm32l4xx_hal_tim.o
                0x08013b02                HAL_TIM_OC_Init
 .text.HAL_TIM_OC_MspInit
                0x08013bb0       0x14 ./Drivers/STM32L4xx_HAL_Driver/Src/stm32l4xx_hal_tim.o
                0x08013bb0                HAL_TIM_OC_MspInit
 .text.HAL_TIM_PWM_Init
                0x08013bc4       0xae ./Drivers/STM32L4xx_HAL_Driver/Src/stm32l4xx_hal_tim.o
                0x08013bc4                HAL_TIM_PWM_Init
 *fill*         0x08013c72        0x2 
 .text.HAL_TIM_PWM_Start
                0x08013c74      0x20c ./Drivers/STM32L4xx_HAL_Driver/Src/stm32l4xx_hal_tim.o
                0x08013c74                HAL_TIM_PWM_Start
 .text.HAL_TIM_PWM_Stop
                0x08013e80      0x12c ./Drivers/STM32L4xx_HAL_Driver/Src/stm32l4xx_hal_tim.o
                0x08013e80                HAL_TIM_PWM_Stop
 .text.HAL_TIM_IC_Init
                0x08013fac       0xae ./Drivers/STM32L4xx_HAL_Driver/Src/stm32l4xx_hal_tim.o
                0x08013fac                HAL_TIM_IC_Init
 *fill*         0x0801405a        0x2 
 .text.HAL_TIM_IC_Start_IT
                0x0801405c      0x294 ./Drivers/STM32L4xx_HAL_Driver/Src/stm32l4xx_hal_tim.o
                0x0801405c                HAL_TIM_IC_Start_IT
 .text.HAL_TIM_IC_Stop_IT
                0x080142f0      0x17c ./Drivers/STM32L4xx_HAL_Driver/Src/stm32l4xx_hal_tim.o
                0x080142f0                HAL_TIM_IC_Stop_IT
 .text.HAL_TIM_IRQHandler
                0x0801446c      0x20e ./Drivers/STM32L4xx_HAL_Driver/Src/stm32l4xx_hal_tim.o
                0x0801446c                HAL_TIM_IRQHandler
 *fill*         0x0801467a        0x2 
 .text.HAL_TIM_OC_ConfigChannel
                0x0801467c       0xf4 ./Drivers/STM32L4xx_HAL_Driver/Src/stm32l4xx_hal_tim.o
                0x0801467c                HAL_TIM_OC_ConfigChannel
 .text.HAL_TIM_IC_ConfigChannel
                0x08014770      0x138 ./Drivers/STM32L4xx_HAL_Driver/Src/stm32l4xx_hal_tim.o
                0x08014770                HAL_TIM_IC_ConfigChannel
 .text.HAL_TIM_PWM_ConfigChannel
                0x080148a8      0x228 ./Drivers/STM32L4xx_HAL_Driver/Src/stm32l4xx_hal_tim.o
                0x080148a8                HAL_TIM_PWM_ConfigChannel
 .text.HAL_TIM_ConfigClockSource
                0x08014ad0      0x192 ./Drivers/STM32L4xx_HAL_Driver/Src/stm32l4xx_hal_tim.o
                0x08014ad0                HAL_TIM_ConfigClockSource
 .text.HAL_TIM_SlaveConfigSynchro
                0x08014c62       0x84 ./Drivers/STM32L4xx_HAL_Driver/Src/stm32l4xx_hal_tim.o
                0x08014c62                HAL_TIM_SlaveConfigSynchro
 .text.HAL_TIM_PeriodElapsedCallback
                0x08014ce6       0x14 ./Drivers/STM32L4xx_HAL_Driver/Src/stm32l4xx_hal_tim.o
                0x08014ce6                HAL_TIM_PeriodElapsedCallback
 .text.HAL_TIM_OC_DelayElapsedCallback
                0x08014cfa       0x14 ./Drivers/STM32L4xx_HAL_Driver/Src/stm32l4xx_hal_tim.o
                0x08014cfa                HAL_TIM_OC_DelayElapsedCallback
 .text.HAL_TIM_PWM_PulseFinishedCallback
                0x08014d0e       0x14 ./Drivers/STM32L4xx_HAL_Driver/Src/stm32l4xx_hal_tim.o
                0x08014d0e                HAL_TIM_PWM_PulseFinishedCallback
 .text.HAL_TIM_TriggerCallback
                0x08014d22       0x14 ./Drivers/STM32L4xx_HAL_Driver/Src/stm32l4xx_hal_tim.o
                0x08014d22                HAL_TIM_TriggerCallback
 *fill*         0x08014d36        0x2 
 .text.TIM_Base_SetConfig
                0x08014d38      0x14c ./Drivers/STM32L4xx_HAL_Driver/Src/stm32l4xx_hal_tim.o
                0x08014d38                TIM_Base_SetConfig
 .text.TIM_OC1_SetConfig
                0x08014e84      0x120 ./Drivers/STM32L4xx_HAL_Driver/Src/stm32l4xx_hal_tim.o
 .text.TIM_OC2_SetConfig
                0x08014fa4      0x114 ./Drivers/STM32L4xx_HAL_Driver/Src/stm32l4xx_hal_tim.o
                0x08014fa4                TIM_OC2_SetConfig
 .text.TIM_OC3_SetConfig
                0x080150b8      0x110 ./Drivers/STM32L4xx_HAL_Driver/Src/stm32l4xx_hal_tim.o
 .text.TIM_OC4_SetConfig
                0x080151c8       0xd4 ./Drivers/STM32L4xx_HAL_Driver/Src/stm32l4xx_hal_tim.o
 .text.TIM_OC5_SetConfig
                0x0801529c       0xc8 ./Drivers/STM32L4xx_HAL_Driver/Src/stm32l4xx_hal_tim.o
 .text.TIM_OC6_SetConfig
                0x08015364       0xcc ./Drivers/STM32L4xx_HAL_Driver/Src/stm32l4xx_hal_tim.o
 .text.TIM_SlaveTimer_SetConfig
                0x08015430      0x126 ./Drivers/STM32L4xx_HAL_Driver/Src/stm32l4xx_hal_tim.o
 *fill*         0x08015556        0x2 
 .text.TIM_TI1_SetConfig
                0x08015558       0xdc ./Drivers/STM32L4xx_HAL_Driver/Src/stm32l4xx_hal_tim.o
                0x08015558                TIM_TI1_SetConfig
 .text.TIM_TI1_ConfigInputStage
                0x08015634       0x5e ./Drivers/STM32L4xx_HAL_Driver/Src/stm32l4xx_hal_tim.o
 .text.TIM_TI2_SetConfig
                0x08015692       0x7a ./Drivers/STM32L4xx_HAL_Driver/Src/stm32l4xx_hal_tim.o
 .text.TIM_TI2_ConfigInputStage
                0x0801570c       0x60 ./Drivers/STM32L4xx_HAL_Driver/Src/stm32l4xx_hal_tim.o
 .text.TIM_TI3_SetConfig
                0x0801576c       0x78 ./Drivers/STM32L4xx_HAL_Driver/Src/stm32l4xx_hal_tim.o
 .text.TIM_TI4_SetConfig
                0x080157e4       0x7a ./Drivers/STM32L4xx_HAL_Driver/Src/stm32l4xx_hal_tim.o
 .text.TIM_ITRx_SetConfig
                0x0801585e       0x36 ./Drivers/STM32L4xx_HAL_Driver/Src/stm32l4xx_hal_tim.o
 .text.TIM_ETR_SetConfig
                0x08015894       0x40 ./Drivers/STM32L4xx_HAL_Driver/Src/stm32l4xx_hal_tim.o
                0x08015894                TIM_ETR_SetConfig
 .text.TIM_CCxChannelCmd
                0x080158d4       0x4a ./Drivers/STM32L4xx_HAL_Driver/Src/stm32l4xx_hal_tim.o
                0x080158d4                TIM_CCxChannelCmd
 *fill*         0x0801591e        0x2 
 .text.HAL_TIMEx_MasterConfigSynchronization
                0x08015920      0x110 ./Drivers/STM32L4xx_HAL_Driver/Src/stm32l4xx_hal_tim_ex.o
                0x08015920                HAL_TIMEx_MasterConfigSynchronization
 .text.HAL_TIMEx_ConfigBreakDeadTime
                0x08015a30       0xfc ./Drivers/STM32L4xx_HAL_Driver/Src/stm32l4xx_hal_tim_ex.o
                0x08015a30                HAL_TIMEx_ConfigBreakDeadTime
 .text.HAL_TIMEx_CommutCallback
                0x08015b2c       0x14 ./Drivers/STM32L4xx_HAL_Driver/Src/stm32l4xx_hal_tim_ex.o
                0x08015b2c                HAL_TIMEx_CommutCallback
 .text.HAL_TIMEx_BreakCallback
                0x08015b40       0x14 ./Drivers/STM32L4xx_HAL_Driver/Src/stm32l4xx_hal_tim_ex.o
                0x08015b40                HAL_TIMEx_BreakCallback
 .text.HAL_TIMEx_Break2Callback
                0x08015b54       0x14 ./Drivers/STM32L4xx_HAL_Driver/Src/stm32l4xx_hal_tim_ex.o
                0x08015b54                HAL_TIMEx_Break2Callback
 .text.HAL_UART_Init
                0x08015b68       0x9c ./Drivers/STM32L4xx_HAL_Driver/Src/stm32l4xx_hal_uart.o
                0x08015b68                HAL_UART_Init
 .text.HAL_HalfDuplex_Init
                0x08015c04       0xac ./Drivers/STM32L4xx_HAL_Driver/Src/stm32l4xx_hal_uart.o
                0x08015c04                HAL_HalfDuplex_Init
 .text.HAL_UART_Transmit
                0x08015cb0      0x112 ./Drivers/STM32L4xx_HAL_Driver/Src/stm32l4xx_hal_uart.o
                0x08015cb0                HAL_UART_Transmit
 .text.HAL_UART_Receive
                0x08015dc2      0x192 ./Drivers/STM32L4xx_HAL_Driver/Src/stm32l4xx_hal_uart.o
                0x08015dc2                HAL_UART_Receive
 .text.HAL_UART_Transmit_DMA
                0x08015f54       0xf8 ./Drivers/STM32L4xx_HAL_Driver/Src/stm32l4xx_hal_uart.o
                0x08015f54                HAL_UART_Transmit_DMA
 .text.HAL_UART_DMAStop
                0x0801604c      0x124 ./Drivers/STM32L4xx_HAL_Driver/Src/stm32l4xx_hal_uart.o
                0x0801604c                HAL_UART_DMAStop
 .text.HAL_UART_IRQHandler
                0x08016170      0x60c ./Drivers/STM32L4xx_HAL_Driver/Src/stm32l4xx_hal_uart.o
                0x08016170                HAL_UART_IRQHandler
 .text.HAL_UART_TxHalfCpltCallback
                0x0801677c       0x14 ./Drivers/STM32L4xx_HAL_Driver/Src/stm32l4xx_hal_uart.o
                0x0801677c                HAL_UART_TxHalfCpltCallback
 .text.HAL_UART_RxHalfCpltCallback
                0x08016790       0x14 ./Drivers/STM32L4xx_HAL_Driver/Src/stm32l4xx_hal_uart.o
                0x08016790                HAL_UART_RxHalfCpltCallback
 .text.HAL_UART_ErrorCallback
                0x080167a4       0x14 ./Drivers/STM32L4xx_HAL_Driver/Src/stm32l4xx_hal_uart.o
                0x080167a4                HAL_UART_ErrorCallback
 .text.UART_SetConfig
                0x080167b8      0x570 ./Drivers/STM32L4xx_HAL_Driver/Src/stm32l4xx_hal_uart.o
                0x080167b8                UART_SetConfig
 .text.UART_AdvFeatureConfig
                0x08016d28      0x144 ./Drivers/STM32L4xx_HAL_Driver/Src/stm32l4xx_hal_uart.o
                0x08016d28                UART_AdvFeatureConfig
 .text.UART_CheckIdleState
                0x08016e6c      0x150 ./Drivers/STM32L4xx_HAL_Driver/Src/stm32l4xx_hal_uart.o
                0x08016e6c                UART_CheckIdleState
 .text.UART_WaitOnFlagUntilTimeout
                0x08016fbc       0xda ./Drivers/STM32L4xx_HAL_Driver/Src/stm32l4xx_hal_uart.o
                0x08016fbc                UART_WaitOnFlagUntilTimeout
 *fill*         0x08017096        0x2 
 .text.UART_Start_Receive_DMA
                0x08017098      0x140 ./Drivers/STM32L4xx_HAL_Driver/Src/stm32l4xx_hal_uart.o
                0x08017098                UART_Start_Receive_DMA
 .text.UART_EndTxTransfer
                0x080171d8       0x4c ./Drivers/STM32L4xx_HAL_Driver/Src/stm32l4xx_hal_uart.o
 .text.UART_EndRxTransfer
                0x08017224       0xc8 ./Drivers/STM32L4xx_HAL_Driver/Src/stm32l4xx_hal_uart.o
 .text.UART_DMATransmitCplt
                0x080172ec       0x9a ./Drivers/STM32L4xx_HAL_Driver/Src/stm32l4xx_hal_uart.o
 .text.UART_DMATxHalfCplt
                0x08017386       0x1c ./Drivers/STM32L4xx_HAL_Driver/Src/stm32l4xx_hal_uart.o
 .text.UART_DMAReceiveCplt
                0x080173a2      0x12c ./Drivers/STM32L4xx_HAL_Driver/Src/stm32l4xx_hal_uart.o
 .text.UART_DMARxHalfCplt
                0x080174ce       0x3e ./Drivers/STM32L4xx_HAL_Driver/Src/stm32l4xx_hal_uart.o
 .text.UART_DMAError
                0x0801750c       0x7e ./Drivers/STM32L4xx_HAL_Driver/Src/stm32l4xx_hal_uart.o
 .text.UART_DMAAbortOnError
                0x0801758a       0x2c ./Drivers/STM32L4xx_HAL_Driver/Src/stm32l4xx_hal_uart.o
 .text.UART_EndTransmit_IT
                0x080175b6       0x54 ./Drivers/STM32L4xx_HAL_Driver/Src/stm32l4xx_hal_uart.o
 .text.HAL_UARTEx_WakeupCallback
                0x0801760a       0x14 ./Drivers/STM32L4xx_HAL_Driver/Src/stm32l4xx_hal_uart_ex.o
                0x0801760a                HAL_UARTEx_WakeupCallback
 .text.HAL_UARTEx_ReceiveToIdle
                0x0801761e      0x206 ./Drivers/STM32L4xx_HAL_Driver/Src/stm32l4xx_hal_uart_ex.o
                0x0801761e                HAL_UARTEx_ReceiveToIdle
 .text.HAL_UARTEx_ReceiveToIdle_DMA
                0x08017824       0xa8 ./Drivers/STM32L4xx_HAL_Driver/Src/stm32l4xx_hal_uart_ex.o
                0x08017824                HAL_UARTEx_ReceiveToIdle_DMA
 .text.atoi     0x080178cc        0x8 C:/ST/STM32CubeIDE_1.6.1/STM32CubeIDE/plugins/com.st.stm32cube.ide.mcu.externaltools.gnu-tools-for-stm32.13.3.rel1.win32_1.0.0.202411081344/tools/bin/../lib/gcc/arm-none-eabi/13.3.1/../../../../arm-none-eabi/lib/thumb/v7e-m+fp/hard\libc_nano.a(libc_a-atoi.o)
                0x080178cc                atoi
 .text._strtol_l.isra.0
                0x080178d4       0xf4 C:/ST/STM32CubeIDE_1.6.1/STM32CubeIDE/plugins/com.st.stm32cube.ide.mcu.externaltools.gnu-tools-for-stm32.13.3.rel1.win32_1.0.0.202411081344/tools/bin/../lib/gcc/arm-none-eabi/13.3.1/../../../../arm-none-eabi/lib/thumb/v7e-m+fp/hard\libc_nano.a(libc_a-strtol.o)
 .text._strtol_r
                0x080179c8        0x4 C:/ST/STM32CubeIDE_1.6.1/STM32CubeIDE/plugins/com.st.stm32cube.ide.mcu.externaltools.gnu-tools-for-stm32.13.3.rel1.win32_1.0.0.202411081344/tools/bin/../lib/gcc/arm-none-eabi/13.3.1/../../../../arm-none-eabi/lib/thumb/v7e-m+fp/hard\libc_nano.a(libc_a-strtol.o)
                0x080179c8                _strtol_r
 .text.strtol   0x080179cc       0x14 C:/ST/STM32CubeIDE_1.6.1/STM32CubeIDE/plugins/com.st.stm32cube.ide.mcu.externaltools.gnu-tools-for-stm32.13.3.rel1.win32_1.0.0.202411081344/tools/bin/../lib/gcc/arm-none-eabi/13.3.1/../../../../arm-none-eabi/lib/thumb/v7e-m+fp/hard\libc_nano.a(libc_a-strtol.o)
                0x080179cc                strtol
 .text.sprintf  0x080179e0       0x44 C:/ST/STM32CubeIDE_1.6.1/STM32CubeIDE/plugins/com.st.stm32cube.ide.mcu.externaltools.gnu-tools-for-stm32.13.3.rel1.win32_1.0.0.202411081344/tools/bin/../lib/gcc/arm-none-eabi/13.3.1/../../../../arm-none-eabi/lib/thumb/v7e-m+fp/hard\libc_nano.a(libc_a-sprintf.o)
                0x080179e0                siprintf
                0x080179e0                sprintf
 .text.sscanf   0x08017a24       0x58 C:/ST/STM32CubeIDE_1.6.1/STM32CubeIDE/plugins/com.st.stm32cube.ide.mcu.externaltools.gnu-tools-for-stm32.13.3.rel1.win32_1.0.0.202411081344/tools/bin/../lib/gcc/arm-none-eabi/13.3.1/../../../../arm-none-eabi/lib/thumb/v7e-m+fp/hard\libc_nano.a(libc_a-sscanf.o)
                0x08017a24                siscanf
                0x08017a24                sscanf
 .text.__seofread
                0x08017a7c        0x4 C:/ST/STM32CubeIDE_1.6.1/STM32CubeIDE/plugins/com.st.stm32cube.ide.mcu.externaltools.gnu-tools-for-stm32.13.3.rel1.win32_1.0.0.202411081344/tools/bin/../lib/gcc/arm-none-eabi/13.3.1/../../../../arm-none-eabi/lib/thumb/v7e-m+fp/hard\libc_nano.a(libc_a-stdio.o)
                0x08017a7c                __seofread
 .text.memcmp   0x08017a80       0x20 C:/ST/STM32CubeIDE_1.6.1/STM32CubeIDE/plugins/com.st.stm32cube.ide.mcu.externaltools.gnu-tools-for-stm32.13.3.rel1.win32_1.0.0.202411081344/tools/bin/../lib/gcc/arm-none-eabi/13.3.1/../../../../arm-none-eabi/lib/thumb/v7e-m+fp/hard\libc_nano.a(libc_a-memcmp.o)
                0x08017a80                memcmp
 .text.memset   0x08017aa0       0x10 C:/ST/STM32CubeIDE_1.6.1/STM32CubeIDE/plugins/com.st.stm32cube.ide.mcu.externaltools.gnu-tools-for-stm32.13.3.rel1.win32_1.0.0.202411081344/tools/bin/../lib/gcc/arm-none-eabi/13.3.1/../../../../arm-none-eabi/lib/thumb/v7e-m+fp/hard\libc_nano.a(libc_a-memset.o)
                0x08017aa0                memset
 .text.strchr   0x08017ab0       0x1a C:/ST/STM32CubeIDE_1.6.1/STM32CubeIDE/plugins/com.st.stm32cube.ide.mcu.externaltools.gnu-tools-for-stm32.13.3.rel1.win32_1.0.0.202411081344/tools/bin/../lib/gcc/arm-none-eabi/13.3.1/../../../../arm-none-eabi/lib/thumb/v7e-m+fp/hard\libc_nano.a(libc_a-strchr.o)
                0x08017ab0                strchr
 .text.strncmp  0x08017aca       0x24 C:/ST/STM32CubeIDE_1.6.1/STM32CubeIDE/plugins/com.st.stm32cube.ide.mcu.externaltools.gnu-tools-for-stm32.13.3.rel1.win32_1.0.0.202411081344/tools/bin/../lib/gcc/arm-none-eabi/13.3.1/../../../../arm-none-eabi/lib/thumb/v7e-m+fp/hard\libc_nano.a(libc_a-strncmp.o)
                0x08017aca                strncmp
 .text.strncpy  0x08017aee       0x26 C:/ST/STM32CubeIDE_1.6.1/STM32CubeIDE/plugins/com.st.stm32cube.ide.mcu.externaltools.gnu-tools-for-stm32.13.3.rel1.win32_1.0.0.202411081344/tools/bin/../lib/gcc/arm-none-eabi/13.3.1/../../../../arm-none-eabi/lib/thumb/v7e-m+fp/hard\libc_nano.a(libc_a-strncpy.o)
                0x08017aee                strncpy
 .text.strstr   0x08017b14       0x2c C:/ST/STM32CubeIDE_1.6.1/STM32CubeIDE/plugins/com.st.stm32cube.ide.mcu.externaltools.gnu-tools-for-stm32.13.3.rel1.win32_1.0.0.202411081344/tools/bin/../lib/gcc/arm-none-eabi/13.3.1/../../../../arm-none-eabi/lib/thumb/v7e-m+fp/hard\libc_nano.a(libc_a-strstr.o)
                0x08017b14                strstr
 .text.__errno  0x08017b40        0xc C:/ST/STM32CubeIDE_1.6.1/STM32CubeIDE/plugins/com.st.stm32cube.ide.mcu.externaltools.gnu-tools-for-stm32.13.3.rel1.win32_1.0.0.202411081344/tools/bin/../lib/gcc/arm-none-eabi/13.3.1/../../../../arm-none-eabi/lib/thumb/v7e-m+fp/hard\libc_nano.a(libc_a-errno.o)
                0x08017b40                __errno
 .text.__libc_init_array
                0x08017b4c       0x48 C:/ST/STM32CubeIDE_1.6.1/STM32CubeIDE/plugins/com.st.stm32cube.ide.mcu.externaltools.gnu-tools-for-stm32.13.3.rel1.win32_1.0.0.202411081344/tools/bin/../lib/gcc/arm-none-eabi/13.3.1/../../../../arm-none-eabi/lib/thumb/v7e-m+fp/hard\libc_nano.a(libc_a-init.o)
                0x08017b4c                __libc_init_array
 .text.__retarget_lock_acquire_recursive
                0x08017b94        0x2 C:/ST/STM32CubeIDE_1.6.1/STM32CubeIDE/plugins/com.st.stm32cube.ide.mcu.externaltools.gnu-tools-for-stm32.13.3.rel1.win32_1.0.0.202411081344/tools/bin/../lib/gcc/arm-none-eabi/13.3.1/../../../../arm-none-eabi/lib/thumb/v7e-m+fp/hard\libc_nano.a(libc_a-lock.o)
                0x08017b94                __retarget_lock_acquire_recursive
 .text.__retarget_lock_release_recursive
                0x08017b96        0x2 C:/ST/STM32CubeIDE_1.6.1/STM32CubeIDE/plugins/com.st.stm32cube.ide.mcu.externaltools.gnu-tools-for-stm32.13.3.rel1.win32_1.0.0.202411081344/tools/bin/../lib/gcc/arm-none-eabi/13.3.1/../../../../arm-none-eabi/lib/thumb/v7e-m+fp/hard\libc_nano.a(libc_a-lock.o)
                0x08017b96                __retarget_lock_release_recursive
 .text.strcpy   0x08017b98       0x10 C:/ST/STM32CubeIDE_1.6.1/STM32CubeIDE/plugins/com.st.stm32cube.ide.mcu.externaltools.gnu-tools-for-stm32.13.3.rel1.win32_1.0.0.202411081344/tools/bin/../lib/gcc/arm-none-eabi/13.3.1/../../../../arm-none-eabi/lib/thumb/v7e-m+fp/hard\libc_nano.a(libc_a-strcpy.o)
                0x08017b98                strcpy
 .text.memcpy   0x08017ba8       0x1c C:/ST/STM32CubeIDE_1.6.1/STM32CubeIDE/plugins/com.st.stm32cube.ide.mcu.externaltools.gnu-tools-for-stm32.13.3.rel1.win32_1.0.0.202411081344/tools/bin/../lib/gcc/arm-none-eabi/13.3.1/../../../../arm-none-eabi/lib/thumb/v7e-m+fp/hard\libc_nano.a(libc_a-memcpy-stub.o)
                0x08017ba8                memcpy
 .text._free_r  0x08017bc4       0x94 C:/ST/STM32CubeIDE_1.6.1/STM32CubeIDE/plugins/com.st.stm32cube.ide.mcu.externaltools.gnu-tools-for-stm32.13.3.rel1.win32_1.0.0.202411081344/tools/bin/../lib/gcc/arm-none-eabi/13.3.1/../../../../arm-none-eabi/lib/thumb/v7e-m+fp/hard\libc_nano.a(libc_a-freer.o)
                0x08017bc4                _free_r
 .text.sbrk_aligned
                0x08017c58       0x44 C:/ST/STM32CubeIDE_1.6.1/STM32CubeIDE/plugins/com.st.stm32cube.ide.mcu.externaltools.gnu-tools-for-stm32.13.3.rel1.win32_1.0.0.202411081344/tools/bin/../lib/gcc/arm-none-eabi/13.3.1/../../../../arm-none-eabi/lib/thumb/v7e-m+fp/hard\libc_nano.a(libc_a-mallocr.o)
 .text._malloc_r
                0x08017c9c      0x100 C:/ST/STM32CubeIDE_1.6.1/STM32CubeIDE/plugins/com.st.stm32cube.ide.mcu.externaltools.gnu-tools-for-stm32.13.3.rel1.win32_1.0.0.202411081344/tools/bin/../lib/gcc/arm-none-eabi/13.3.1/../../../../arm-none-eabi/lib/thumb/v7e-m+fp/hard\libc_nano.a(libc_a-mallocr.o)
                0x08017c9c                _malloc_r
 .text.__malloc_lock
                0x08017d9c        0xc C:/ST/STM32CubeIDE_1.6.1/STM32CubeIDE/plugins/com.st.stm32cube.ide.mcu.externaltools.gnu-tools-for-stm32.13.3.rel1.win32_1.0.0.202411081344/tools/bin/../lib/gcc/arm-none-eabi/13.3.1/../../../../arm-none-eabi/lib/thumb/v7e-m+fp/hard\libc_nano.a(libc_a-mlock.o)
                0x08017d9c                __malloc_lock
 .text.__malloc_unlock
                0x08017da8        0xc C:/ST/STM32CubeIDE_1.6.1/STM32CubeIDE/plugins/com.st.stm32cube.ide.mcu.externaltools.gnu-tools-for-stm32.13.3.rel1.win32_1.0.0.202411081344/tools/bin/../lib/gcc/arm-none-eabi/13.3.1/../../../../arm-none-eabi/lib/thumb/v7e-m+fp/hard\libc_nano.a(libc_a-mlock.o)
                0x08017da8                __malloc_unlock
 .text.__ssputs_r
                0x08017db4       0xb6 C:/ST/STM32CubeIDE_1.6.1/STM32CubeIDE/plugins/com.st.stm32cube.ide.mcu.externaltools.gnu-tools-for-stm32.13.3.rel1.win32_1.0.0.202411081344/tools/bin/../lib/gcc/arm-none-eabi/13.3.1/../../../../arm-none-eabi/lib/thumb/v7e-m+fp/hard\libc_nano.a(libc_a-nano-svfprintf.o)
                0x08017db4                __ssputs_r
 *fill*         0x08017e6a        0x2 
 .text._svfprintf_r
                0x08017e6c      0x1f8 C:/ST/STM32CubeIDE_1.6.1/STM32CubeIDE/plugins/com.st.stm32cube.ide.mcu.externaltools.gnu-tools-for-stm32.13.3.rel1.win32_1.0.0.202411081344/tools/bin/../lib/gcc/arm-none-eabi/13.3.1/../../../../arm-none-eabi/lib/thumb/v7e-m+fp/hard\libc_nano.a(libc_a-nano-svfprintf.o)
                0x08017e6c                _svfiprintf_r
                0x08017e6c                _svfprintf_r
 .text._sungetc_r
                0x08018064       0x7a C:/ST/STM32CubeIDE_1.6.1/STM32CubeIDE/plugins/com.st.stm32cube.ide.mcu.externaltools.gnu-tools-for-stm32.13.3.rel1.win32_1.0.0.202411081344/tools/bin/../lib/gcc/arm-none-eabi/13.3.1/../../../../arm-none-eabi/lib/thumb/v7e-m+fp/hard\libc_nano.a(libc_a-nano-svfscanf.o)
                0x08018064                _sungetc_r
 .text.__ssrefill_r
                0x080180de       0x3a C:/ST/STM32CubeIDE_1.6.1/STM32CubeIDE/plugins/com.st.stm32cube.ide.mcu.externaltools.gnu-tools-for-stm32.13.3.rel1.win32_1.0.0.202411081344/tools/bin/../lib/gcc/arm-none-eabi/13.3.1/../../../../arm-none-eabi/lib/thumb/v7e-m+fp/hard\libc_nano.a(libc_a-nano-svfscanf.o)
                0x080180de                __ssrefill_r
 .text.__ssvfscanf_r
                0x08018118      0x2ec C:/ST/STM32CubeIDE_1.6.1/STM32CubeIDE/plugins/com.st.stm32cube.ide.mcu.externaltools.gnu-tools-for-stm32.13.3.rel1.win32_1.0.0.202411081344/tools/bin/../lib/gcc/arm-none-eabi/13.3.1/../../../../arm-none-eabi/lib/thumb/v7e-m+fp/hard\libc_nano.a(libc_a-nano-svfscanf.o)
                0x08018118                __ssvfiscanf_r
                0x08018118                __ssvfscanf_r
 .text._printf_common
                0x08018404       0xda C:/ST/STM32CubeIDE_1.6.1/STM32CubeIDE/plugins/com.st.stm32cube.ide.mcu.externaltools.gnu-tools-for-stm32.13.3.rel1.win32_1.0.0.202411081344/tools/bin/../lib/gcc/arm-none-eabi/13.3.1/../../../../arm-none-eabi/lib/thumb/v7e-m+fp/hard\libc_nano.a(libc_a-nano-vfprintf_i.o)
                0x08018404                _printf_common
 *fill*         0x080184de        0x2 
 .text._printf_i
                0x080184e0      0x23c C:/ST/STM32CubeIDE_1.6.1/STM32CubeIDE/plugins/com.st.stm32cube.ide.mcu.externaltools.gnu-tools-for-stm32.13.3.rel1.win32_1.0.0.202411081344/tools/bin/../lib/gcc/arm-none-eabi/13.3.1/../../../../arm-none-eabi/lib/thumb/v7e-m+fp/hard\libc_nano.a(libc_a-nano-vfprintf_i.o)
                0x080184e0                _printf_i
 .text._scanf_chars
                0x0801871c       0xb4 C:/ST/STM32CubeIDE_1.6.1/STM32CubeIDE/plugins/com.st.stm32cube.ide.mcu.externaltools.gnu-tools-for-stm32.13.3.rel1.win32_1.0.0.202411081344/tools/bin/../lib/gcc/arm-none-eabi/13.3.1/../../../../arm-none-eabi/lib/thumb/v7e-m+fp/hard\libc_nano.a(libc_a-nano-vfscanf_i.o)
                0x0801871c                _scanf_chars
 .text._scanf_i
                0x080187d0      0x1e8 C:/ST/STM32CubeIDE_1.6.1/STM32CubeIDE/plugins/com.st.stm32cube.ide.mcu.externaltools.gnu-tools-for-stm32.13.3.rel1.win32_1.0.0.202411081344/tools/bin/../lib/gcc/arm-none-eabi/13.3.1/../../../../arm-none-eabi/lib/thumb/v7e-m+fp/hard\libc_nano.a(libc_a-nano-vfscanf_i.o)
                0x080187d0                _scanf_i