Archive member included to satisfy reference by file (symbol)

C:/ST/STM32CubeIDE_1.6.1/STM32CubeIDE/plugins/com.st.stm32cube.ide.mcu.externaltools.gnu-tools-for-stm32.13.3.rel1.win32_1.0.0.202411081344/tools/bin/../lib/gcc/arm-none-eabi/13.3.1/../../../../arm-none-eabi/lib/thumb/v7e-m+fp/hard\libc_nano.a(libc_a-atoi.o)
                              ./Core/Src/SIM7000.o (atoi)
C:/ST/STM32CubeIDE_1.6.1/STM32CubeIDE/plugins/com.st.stm32cube.ide.mcu.externaltools.gnu-tools-for-stm32.13.3.rel1.win32_1.0.0.202411081344/tools/bin/../lib/gcc/arm-none-eabi/13.3.1/../../../../arm-none-eabi/lib/thumb/v7e-m+fp/hard\libc_nano.a(libc_a-exit.o)
                              C:/ST/STM32CubeIDE_1.6.1/STM32CubeIDE/plugins/com.st.stm32cube.ide.mcu.externaltools.gnu-tools-for-stm32.13.3.rel1.win32_1.0.0.202411081344/tools/bin/../lib/gcc/arm-none-eabi/13.3.1/../../../../arm-none-eabi/lib/thumb/v7e-m+fp/hard/crt0.o (exit)
C:/ST/STM32CubeIDE_1.6.1/STM32CubeIDE/plugins/com.st.stm32cube.ide.mcu.externaltools.gnu-tools-for-stm32.13.3.rel1.win32_1.0.0.202411081344/tools/bin/../lib/gcc/arm-none-eabi/13.3.1/../../../../arm-none-eabi/lib/thumb/v7e-m+fp/hard\libc_nano.a(libc_a-strtol.o)
                              C:/ST/STM32CubeIDE_1.6.1/STM32CubeIDE/plugins/com.st.stm32cube.ide.mcu.externaltools.gnu-tools-for-stm32.13.3.rel1.win32_1.0.0.202411081344/tools/bin/../lib/gcc/arm-none-eabi/13.3.1/../../../../arm-none-eabi/lib/thumb/v7e-m+fp/hard\libc_nano.a(libc_a-atoi.o) (_strtol_r)
C:/ST/STM32CubeIDE_1.6.1/STM32CubeIDE/plugins/com.st.stm32cube.ide.mcu.externaltools.gnu-tools-for-stm32.13.3.rel1.win32_1.0.0.202411081344/tools/bin/../lib/gcc/arm-none-eabi/13.3.1/../../../../arm-none-eabi/lib/thumb/v7e-m+fp/hard\libc_nano.a(libc_a-ctype_.o)
                              C:/ST/STM32CubeIDE_1.6.1/STM32CubeIDE/plugins/com.st.stm32cube.ide.mcu.externaltools.gnu-tools-for-stm32.13.3.rel1.win32_1.0.0.202411081344/tools/bin/../lib/gcc/arm-none-eabi/13.3.1/../../../../arm-none-eabi/lib/thumb/v7e-m+fp/hard\libc_nano.a(libc_a-strtol.o) (_ctype_)
C:/ST/STM32CubeIDE_1.6.1/STM32CubeIDE/plugins/com.st.stm32cube.ide.mcu.externaltools.gnu-tools-for-stm32.13.3.rel1.win32_1.0.0.202411081344/tools/bin/../lib/gcc/arm-none-eabi/13.3.1/../../../../arm-none-eabi/lib/thumb/v7e-m+fp/hard\libc_nano.a(libc_a-findfp.o)
                              C:/ST/STM32CubeIDE_1.6.1/STM32CubeIDE/plugins/com.st.stm32cube.ide.mcu.externaltools.gnu-tools-for-stm32.13.3.rel1.win32_1.0.0.202411081344/tools/bin/../lib/gcc/arm-none-eabi/13.3.1/../../../../arm-none-eabi/lib/thumb/v7e-m+fp/hard\libc_nano.a(libc_a-exit.o) (__stdio_exit_handler)
C:/ST/STM32CubeIDE_1.6.1/STM32CubeIDE/plugins/com.st.stm32cube.ide.mcu.externaltools.gnu-tools-for-stm32.13.3.rel1.win32_1.0.0.202411081344/tools/bin/../lib/gcc/arm-none-eabi/13.3.1/../../../../arm-none-eabi/lib/thumb/v7e-m+fp/hard\libc_nano.a(libc_a-fwalk.o)
                              C:/ST/STM32CubeIDE_1.6.1/STM32CubeIDE/plugins/com.st.stm32cube.ide.mcu.externaltools.gnu-tools-for-stm32.13.3.rel1.win32_1.0.0.202411081344/tools/bin/../lib/gcc/arm-none-eabi/13.3.1/../../../../arm-none-eabi/lib/thumb/v7e-m+fp/hard\libc_nano.a(libc_a-findfp.o) (_fwalk_sglue)
C:/ST/STM32CubeIDE_1.6.1/STM32CubeIDE/plugins/com.st.stm32cube.ide.mcu.externaltools.gnu-tools-for-stm32.13.3.rel1.win32_1.0.0.202411081344/tools/bin/../lib/gcc/arm-none-eabi/13.3.1/../../../../arm-none-eabi/lib/thumb/v7e-m+fp/hard\libc_nano.a(libc_a-sprintf.o)
                              ./Core/Src/SIM7000.o (sprintf)
C:/ST/STM32CubeIDE_1.6.1/STM32CubeIDE/plugins/com.st.stm32cube.ide.mcu.externaltools.gnu-tools-for-stm32.13.3.rel1.win32_1.0.0.202411081344/tools/bin/../lib/gcc/arm-none-eabi/13.3.1/../../../../arm-none-eabi/lib/thumb/v7e-m+fp/hard\libc_nano.a(libc_a-sscanf.o)
                              ./Core/Src/SIM7000.o (sscanf)
C:/ST/STM32CubeIDE_1.6.1/STM32CubeIDE/plugins/com.st.stm32cube.ide.mcu.externaltools.gnu-tools-for-stm32.13.3.rel1.win32_1.0.0.202411081344/tools/bin/../lib/gcc/arm-none-eabi/13.3.1/../../../../arm-none-eabi/lib/thumb/v7e-m+fp/hard\libc_nano.a(libc_a-stdio.o)
                              C:/ST/STM32CubeIDE_1.6.1/STM32CubeIDE/plugins/com.st.stm32cube.ide.mcu.externaltools.gnu-tools-for-stm32.13.3.rel1.win32_1.0.0.202411081344/tools/bin/../lib/gcc/arm-none-eabi/13.3.1/../../../../arm-none-eabi/lib/thumb/v7e-m+fp/hard\libc_nano.a(libc_a-findfp.o) (__sread)
C:/ST/STM32CubeIDE_1.6.1/STM32CubeIDE/plugins/com.st.stm32cube.ide.mcu.externaltools.gnu-tools-for-stm32.13.3.rel1.win32_1.0.0.202411081344/tools/bin/../lib/gcc/arm-none-eabi/13.3.1/../../../../arm-none-eabi/lib/thumb/v7e-m+fp/hard\libc_nano.a(libc_a-memcmp.o)
                              ./Core/Src/FatFS/ff.o (memcmp)
C:/ST/STM32CubeIDE_1.6.1/STM32CubeIDE/plugins/com.st.stm32cube.ide.mcu.externaltools.gnu-tools-for-stm32.13.3.rel1.win32_1.0.0.202411081344/tools/bin/../lib/gcc/arm-none-eabi/13.3.1/../../../../arm-none-eabi/lib/thumb/v7e-m+fp/hard\libc_nano.a(libc_a-memset.o)
[...]
Memory Configuration

Name             Origin             Length             Attributes
RAM              0x20000000         0x00018000         xrw
RAM2             0x10000000         0x00008000         xrw
FLASH            0x08000000         0x00040000         xr
*default*        0x00000000         0xffffffff

Linker script and memory map

LOAD C:/ST/STM32CubeIDE_1.6.1/STM32CubeIDE/plugins/com.st.stm32cube.ide.mcu.externaltools.gnu-tools-for-stm32.13.3.rel1.win32_1.0.0.202411081344/tools/bin/../lib/gcc/arm-none-eabi/13.3.1/thumb/v7e-m+fp/hard/crti.o
LOAD C:/ST/STM32CubeIDE_1.6.1/STM32CubeIDE/plugins/com.st.stm32cube.ide.mcu.externaltools.gnu-tools-for-stm32.13.3.rel1.win32_1.0.0.202411081344/tools/bin/../lib/gcc/arm-none-eabi/13.3.1/thumb/v7e-m+fp/hard/crtbegin.o
LOAD C:/ST/STM32CubeIDE_1.6.1/STM32CubeIDE/plugins/com.st.stm32cube.ide.mcu.externaltools.gnu-tools-for-stm32.13.3.rel1.win32_1.0.0.202411081344/tools/bin/../lib/gcc/arm-none-eabi/13.3.1/../../../../arm-none-eabi/lib/thumb/v7e-m+fp/hard/crt0.o
LOAD ./Core/Src/DS18B20.o
LOAD ./Core/Src/INA3221.o
LOAD ./Core/Src/RTC.o
LOAD ./Core/Src/SIM7000.o
LOAD ./Core/Src/base64.o
LOAD ./Core/Src/battery_charger.o
LOAD ./Core/Src/callbacks.o
LOAD ./Core/Src/extflash_hal.o
LOAD ./Core/Src/init.o
LOAD ./Core/Src/leds.o
LOAD ./Core/Src/lsm6dsv16x_reg.o
LOAD ./Core/Src/lsm6dsv16x_rw.o
LOAD ./Core/Src/main.o
LOAD ./Core/Src/ota.o
LOAD ./Core/Src/process.o
LOAD ./Core/Src/psram.o
LOAD ./Core/Src/stm32l4xx_hal_msp.o
LOAD ./Core/Src/stm32l4xx_it.o
LOAD ./Core/Src/syscalls.o
LOAD ./Core/Src/sysmem.o
LOAD ./Core/Src/system_stm32l4xx.o
LOAD ./Core/Src/FatFS/diskio.o
LOAD ./Core/Src/FatFS/ff.o
LOAD ./Core/Startup/startup_stm32l475rctx.o
LOAD ./Drivers/STM32L4xx_HAL_Driver/Src/stm32l4xx_hal.o
LOAD ./Drivers/STM32L4xx_HAL_Driver/Src/stm32l4xx_hal_adc.o
LOAD ./Drivers/STM32L4xx_HAL_Driver/Src/stm32l4xx_hal_adc_ex.o
LOAD ./Drivers/STM32L4xx_HAL_Driver/Src/stm32l4xx_hal_cortex.o
LOAD ./Drivers/STM32L4xx_HAL_Driver/Src/stm32l4xx_hal_crc.o
LOAD ./Drivers/STM32L4xx_HAL_Driver/Src/stm32l4xx_hal_crc_ex.o
LOAD ./Drivers/STM32L4xx_HAL_Driver/Src/stm32l4xx_hal_dma.o
LOAD ./Drivers/STM32L4xx_HAL_Driver/Src/stm32l4xx_hal_dma_ex.o
LOAD ./Drivers/STM32L4xx_HAL_Driver/Src/stm32l4xx_hal_exti.o
LOAD ./Drivers/STM32L4xx_HAL_Driver/Src/stm32l4xx_hal_flash.o
LOAD ./Drivers/STM32L4xx_HAL_Driver/Src/stm32l4xx_hal_flash_ex.o
LOAD ./Drivers/STM32L4xx_HAL_Driver/Src/stm32l4xx_hal_flash_ramfunc.o
LOAD ./Drivers/STM32L4xx_HAL_Driver/Src/stm32l4xx_hal_gpio.o
LOAD ./Drivers/STM32L4xx_HAL_Driver/Src/stm32l4xx_hal_i2c.o
LOAD ./Drivers/STM32L4xx_HAL_Driver/Src/stm32l4xx_hal_i2c_ex.o
LOAD ./Drivers/STM32L4xx_HAL_Driver/Src/stm32l4xx_hal_pwr.o
LOAD ./Drivers/STM32L4xx_HAL_Driver/Src/stm32l4xx_hal_pwr_ex.o
LOAD ./Drivers/STM32L4xx_HAL_Driver/Src/stm32l4xx_hal_qspi.o
LOAD ./Drivers/STM32L4xx_HAL_Driver/Src/stm32l4xx_hal_rcc.o
LOAD ./Drivers/STM32L4xx_HAL_Driver/Src/stm32l4xx_hal_rcc_ex.o
LOAD ./Drivers/STM32L4xx_HAL_Driver/Src/stm32l4xx_hal_rtc.o
LOAD ./Drivers/STM32L4xx_HAL_Driver/Src/stm32l4xx_hal_rtc_ex.o
LOAD ./Drivers/STM32L4xx_HAL_Driver/Src/stm32l4xx_hal_spi.o
LOAD ./Drivers/STM32L4xx_HAL_Driver/Src/stm32l4xx_hal_spi_ex.o
LOAD ./Drivers/STM32L4xx_HAL_Driver/Src/stm32l4xx_hal_tim.o
LOAD ./Drivers/STM32L4xx_HAL_Driver/Src/stm32l4xx_hal_tim_ex.o
LOAD ./Drivers/STM32L4xx_HAL_Driver/Src/stm32l4xx_hal_uart.o
LOAD ./Drivers/STM32L4xx_HAL_Driver/Src/stm32l4xx_hal_uart_ex.o
START GROUP
LOAD C:/ST/STM32CubeIDE_1.6.1/STM32CubeIDE/plugins/com.st.stm32cube.ide.mcu.externaltools.gnu-tools-for-stm32.13.3.rel1.win32_1.0.0.202411081344/tools/bin/../lib/gcc/arm-none-eabi/13.3.1/../../../../arm-none-eabi/lib/thumb/v7e-m+fp/hard\libc_nano.a
LOAD C:/ST/STM32CubeIDE_1.6.1/STM32CubeIDE/plugins/com.st.stm32cube.ide.mcu.externaltools.gnu-tools-for-stm32.13.3.rel1.win32_1.0.0.202411081344/tools/bin/../lib/gcc/arm-none-eabi/13.3.1/../../../../arm-none-eabi/lib/thumb/v7e-m+fp/hard\libm.a
END GROUP
START GROUP
LOAD C:/ST/STM32CubeIDE_1.6.1/STM32CubeIDE/plugins/com.st.stm32cube.ide.mcu.externaltools.gnu-tools-for-stm32.13.3.rel1.win32_1.0.0.202411081344/tools/bin/../lib/gcc/arm-none-eabi/13.3.1/thumb/v7e-m+fp/hard\libgcc.a
LOAD C:/ST/STM32CubeIDE_1.6.1/STM32CubeIDE/plugins/com.st.stm32cube.ide.mcu.externaltools.gnu-tools-for-stm32.13.3.rel1.win32_1.0.0.202411081344/tools/bin/../lib/gcc/arm-none-eabi/13.3.1/../../../../arm-none-eabi/lib/thumb/v7e-m+fp/hard\libc_nano.a
END GROUP
START GROUP
LOAD C:/ST/STM32CubeIDE_1.6.1/STM32CubeIDE/plugins/com.st.stm32cube.ide.mcu.externaltools.gnu-tools-for-stm32.13.3.rel1.win32_1.0.0.202411081344/tools/bin/../lib/gcc/arm-none-eabi/13.3.1/thumb/v7e-m+fp/hard\libgcc.a
LOAD C:/ST/STM32CubeIDE_1.6.1/STM32CubeIDE/plugins/com.st.stm32cube.ide.mcu.externaltools.gnu-tools-for-stm32.13.3.rel1.win32_1.0.0.202411081344/tools/bin/../lib/gcc/arm-none-eabi/13.3.1/../../../../arm-none-eabi/lib/thumb/v7e-m+fp/hard\libc_nano.a
LOAD C:/ST/STM32CubeIDE_1.6.1/STM32CubeIDE/plugins/com.st.stm32cube.ide.mcu.externaltools.gnu-tools-for-stm32.13.3.rel1.win32_1.0.0.202411081344/tools/bin/../lib/gcc/arm-none-eabi/13.3.1/../../../../arm-none-eabi/lib/thumb/v7e-m+fp/hard\libnosys.a
END GROUP
START GROUP
LOAD C:/ST/STM32CubeIDE_1.6.1/STM32CubeIDE/plugins/com.st.stm32cube.ide.mcu.externaltools.gnu-tools-for-stm32.13.3.rel1.win32_1.0.0.202411081344/tools/bin/../lib/gcc/arm-none-eabi/13.3.1/thumb/v7e-m+fp/hard\libgcc.a
LOAD C:/ST/STM32CubeIDE_1.6.1/STM32CubeIDE/plugins/com.st.stm32cube.ide.mcu.externaltools.gnu-tools-for-stm32.13.3.rel1.win32_1.0.0.202411081344/tools/bin/../lib/gcc/arm-none-eabi/13.3.1/../../../../arm-none-eabi/lib/thumb/v7e-m+fp/hard\libc_nano.a
LOAD C:/ST/STM32CubeIDE_1.6.1/STM32CubeIDE/plugins/com.st.stm32cube.ide.mcu.externaltools.gnu-tools-for-stm32.13.3.rel1.win32_1.0.0.202411081344/tools/bin/../lib/gcc/arm-none-eabi/13.3.1/../../../../arm-none-eabi/lib/thumb/v7e-m+fp/hard\libnosys.a
END GROUP
LOAD C:/ST/STM32CubeIDE_1.6.1/STM32CubeIDE/plugins/com.st.stm32cube.ide.mcu.externaltools.gnu-tools-for-stm32.13.3.rel1.win32_1.0.0.202411081344/tools/bin/../lib/gcc/arm-none-eabi/13.3.1/thumb/v7e-m+fp/hard/crtend.o
LOAD C:/ST/STM32CubeIDE_1.6.1/STM32CubeIDE/plugins/com.st.stm32cube.ide.mcu.externaltools.gnu-tools-for-stm32.13.3.rel1.win32_1.0.0.202411081344/tools/bin/../lib/gcc/arm-none-eabi/13.3.1/thumb/v7e-m+fp/hard/crtn.o
                0x20018000                        _estack = (ORIGIN (RAM) + LENGTH (RAM))
                0x00000200                        _Min_Heap_Size = 0x200
                0x00000400                        _Min_Stack_Size = 0x400

.isr_vector     0x08000000      0x188
                0x08000000                        . = ALIGN (0x4)
 *(.isr_vector)
 .isr_vector    0x08000000      0x188 ./Core/Startup/startup_stm32l475rctx.o
                0x08000000                g_pfnVectors
                0x08000188                        . = ALIGN (0x4)

.text           0x08000190    0x171f4
                0x08000190                        . = ALIGN (0x4)
 *(.text)
 .text          0x08000190       0x40 C:/ST/STM32CubeIDE_1.6.1/STM32CubeIDE/plugins/com.st.stm32cube.ide.mcu.externaltools.gnu-tools-for-stm32.13.3.rel1.win32_1.0.0.202411081344/tools/bin/../lib/gcc/arm-none-eabi/13.3.1/thumb/v7e-m+fp/hard/crtbegin.o
 .text          0x080001d0       0x14 C:/ST/STM32CubeIDE_1.6.1/STM32CubeIDE/plugins/com.st.stm32cube.ide.mcu.externaltools.gnu-tools-for-stm32.13.3.rel1.win32_1.0.0.202411081344/tools/bin/../lib/gcc/arm-none-eabi/13.3.1/../../../../arm-none-eabi/lib/thumb/v7e-m+fp/hard\libc_nano.a(libc_a-strcmp.o)
                0x080001d0                strcmp
 .text          0x080001e4       0x10 C:/ST/STM32CubeIDE_1.6.1/STM32CubeIDE/plugins/com.st.stm32cube.ide.mcu.externaltools.gnu-tools-for-stm32.13.3.rel1.win32_1.0.0.202411081344/tools/bin/../lib/gcc/arm-none-eabi/13.3.1/../../../../arm-none-eabi/lib/thumb/v7e-m+fp/hard\libc_nano.a(libc_a-strlen.o)
                0x080001e4                strlen
 *fill*         0x080001f4        0xc 
 .text          0x08000200       0xa0 C:/ST/STM32CubeIDE_1.6.1/STM32CubeIDE/plugins/com.st.stm32cube.ide.mcu.externaltools.gnu-tools-for-stm32.13.3.rel1.win32_1.0.0.202411081344/tools/bin/../lib/gcc/arm-none-eabi/13.3.1/../../../../arm-none-eabi/lib/thumb/v7e-m+fp/hard\libc_nano.a(libc_a-memchr.o)
                0x08000200                memchr
 .text          0x080002a0      0x378 C:/ST/STM32CubeIDE_1.6.1/STM32CubeIDE/plugins/com.st.stm32cube.ide.mcu.externaltools.gnu-tools-for-stm32.13.3.rel1.win32_1.0.0.202411081344/tools/bin/../lib/gcc/arm-none-eabi/13.3.1/thumb/v7e-m+fp/hard\libgcc.a(_arm_addsubdf3.o)
                0x080002a0                __aeabi_drsub
                0x080002a8                __aeabi_dsub
                0x080002a8                __subdf3
                0x080002ac                __aeabi_dadd
                0x080002ac                __adddf3
                0x08000524                __floatunsidf
                0x08000524                __aeabi_ui2d
                0x08000544                __floatsidf
                0x08000544                __aeabi_i2d
                0x08000568                __aeabi_f2d
                0x08000568                __extendsfdf2
                0x080005ac                __floatundidf
                0x080005ac                __aeabi_ul2d
                0x080005bc                __floatdidf
                0x080005bc                __aeabi_l2d
 .text          0x08000618      0x424 C:/ST/STM32CubeIDE_1.6.1/STM32CubeIDE/plugins/com.st.stm32cube.ide.mcu.externaltools.gnu-tools-for-stm32.13.3.rel1.win32_1.0.0.202411081344/tools/bin/../lib/gcc/arm-none-eabi/13.3.1/thumb/v7e-m+fp/hard\libgcc.a(_arm_muldivdf3.o)
                0x08000618                __aeabi_dmul
                0x08000618                __muldf3
                0x0800086c                __divdf3
                0x0800086c                __aeabi_ddiv
 .text          0x08000a3c       0x40 C:/ST/STM32CubeIDE_1.6.1/STM32CubeIDE/plugins/com.st.stm32cube.ide.mcu.externaltools.gnu-tools-for-stm32.13.3.rel1.win32_1.0.0.202411081344/tools/bin/../lib/gcc/arm-none-eabi/13.3.1/thumb/v7e-m+fp/hard\libgcc.a(_arm_fixunsdfsi.o)
                0x08000a3c                __aeabi_d2uiz
                0x08000a3c                __fixunsdfsi
 .text          0x08000a7c       0x30 C:/ST/STM32CubeIDE_1.6.1/STM32CubeIDE/plugins/com.st.stm32cube.ide.mcu.externaltools.gnu-tools-for-stm32.13.3.rel1.win32_1.0.0.202411081344/tools/bin/../lib/gcc/arm-none-eabi/13.3.1/thumb/v7e-m+fp/hard\libgcc.a(_aeabi_uldivmod.o)
                0x08000a7c                __aeabi_uldivmod
 .text          0x08000aac      0x2f8 C:/ST/STM32CubeIDE_1.6.1/STM32CubeIDE/plugins/com.st.stm32cube.ide.mcu.externaltools.gnu-tools-for-stm32.13.3.rel1.win32_1.0.0.202411081344/tools/bin/../lib/gcc/arm-none-eabi/13.3.1/thumb/v7e-m+fp/hard\libgcc.a(_udivmoddi4.o)
                0x08000aac                __udivmoddi4
 .text          0x08000da4        0x4 C:/ST/STM32CubeIDE_1.6.1/STM32CubeIDE/plugins/com.st.stm32cube.ide.mcu.externaltools.gnu-tools-for-stm32.13.3.rel1.win32_1.0.0.202411081344/tools/bin/../lib/gcc/arm-none-eabi/13.3.1/thumb/v7e-m+fp/hard\libgcc.a(_dvmd_tls.o)
                0x08000da4                __aeabi_idiv0
                0x08000da4                __aeabi_ldiv0
 *(.text*)
 .text.LL_USART_SetBaudRate
                0x08000da8       0x6e ./Core/Src/DS18B20.o
 *fill*         0x08000e16        0x2 
 .text.Temp_Sensor_Init
                0x08000e18       0x78 ./Core/Src/DS18B20.o
                0x08000e18                Temp_Sensor_Init
 .text.Temp_Sensor_Write
                0x08000e90       0x60 ./Core/Src/DS18B20.o
                0x08000e90                Temp_Sensor_Write
 .text.Temp_Sensor_ReadByte
                0x08000ef0       0x3e ./Core/Src/DS18B20.o
                0x08000ef0                Temp_Sensor_ReadByte
 *fill*         0x08000f2e        0x2 
 .text.Temp_Sensor_ReadBit
                0x08000f30       0x38 ./Core/Src/DS18B20.o
                0x08000f30                Temp_Sensor_ReadBit
 .text.Read_Temperature
                0x08000f68       0x70 ./Core/Src/DS18B20.o
                0x08000f68                Read_Temperature
 .text.INA3221_Init
                0x08000fd8       0x44 ./Core/Src/INA3221.o
                0x08000fd8                INA3221_Init
 .text.INA3221_Read_Measure
                0x0800101c       0x56 ./Core/Src/INA3221.o
                0x0800101c                INA3221_Read_Measure
 *fill*         0x08001072        0x2 
 .text.INA3221_read_reg
                0x08001074       0x6c ./Core/Src/INA3221.o
                0x08001074                INA3221_read_reg
 .text.INA3221_write_reg
                0x080010e0       0x54 ./Core/Src/INA3221.o
                0x080010e0                INA3221_write_reg
 .text.RTC_Init
                0x08001134       0x38 ./Core/Src/RTC.o
                0x08001134                RTC_Init
 .text.Get_DateTime_From_Network
                0x0800116c      0x1fc ./Core/Src/RTC.o
                0x0800116c                Get_DateTime_From_Network
 .text.Set_Default_DateTime
                0x08001368       0x88 ./Core/Src/RTC.o
                0x08001368                Set_Default_DateTime
 .text.Calculate_Weekday
                0x080013f0       0xc0 ./Core/Src/RTC.o
                0x080013f0                Calculate_Weekday
 .text.SIM_Init
                0x080014b0      0x554 ./Core/Src/SIM7000.o
                0x080014b0                SIM_Init
 .text.SIM_Power_On
                0x08001a04       0x2c ./Core/Src/SIM7000.o
                0x08001a04                SIM_Power_On
 .text.SIM_Send_Command
                0x08001a30       0x2c ./Core/Src/SIM7000.o
                0x08001a30                SIM_Send_Command
 .text.SIM_Send_Command_DMA
                0x08001a5c       0x2c ./Core/Src/SIM7000.o
                0x08001a5c                SIM_Send_Command_DMA
 .text.SIM_Receive_Response
                0x08001a88       0x34 ./Core/Src/SIM7000.o
                0x08001a88                SIM_Receive_Response
 .text.SIM_Check_IP
                0x08001abc       0x54 ./Core/Src/SIM7000.o
                0x08001abc                SIM_Check_IP
 .text.SIM_Check_MQTT_State
                0x08001b10       0x4c ./Core/Src/SIM7000.o
                0x08001b10                SIM_Check_MQTT_State
 .text.SIM_Check_TCP_State
                0x08001b5c       0x3c ./Core/Src/SIM7000.o
                0x08001b5c                SIM_Check_TCP_State
 .text.SIM_Parse_Command
                0x08001b98      0x22c ./Core/Src/SIM7000.o
                0x08001b98                SIM_Parse_Command
 .text.SIM_Parse_Cfg
                0x08001dc4      0x100 ./Core/Src/SIM7000.o
                0x08001dc4                SIM_Parse_Cfg
 .text.SIM_Get_Cfg
                0x08001ec4       0xb0 ./Core/Src/SIM7000.o
                0x08001ec4                SIM_Get_Cfg
 .text.SIM_publish_MQTT_Message_DMA
                0x08001f74       0x94 ./Core/Src/SIM7000.o
                0x08001f74                SIM_publish_MQTT_Message_DMA
 .text.SIM_publish_MQTT_Message
                0x08002008       0xd0 ./Core/Src/SIM7000.o
                0x08002008                SIM_publish_MQTT_Message
 .text.SIM_Send_TCP_Chunk_DMA
                0x080020d8       0x30 ./Core/Src/SIM7000.o
                0x080020d8                SIM_Send_TCP_Chunk_DMA
 .text.SIM_Send_Infos
                0x08002108      0x188 ./Core/Src/SIM7000.o
                0x08002108                SIM_Send_Infos
 .text.SIM_Wait_Response
                0x08002290       0xa0 ./Core/Src/SIM7000.o
                0x08002290                SIM_Wait_Response
 .text.SIM_Check_Connection
                0x08002330       0xb8 ./Core/Src/SIM7000.o
                0x08002330                SIM_Check_Connection
 .text.Base64_Decode
                0x080023e8       0xac ./Core/Src/base64.o
                0x080023e8                Base64_Decode
 .text.Base64_Encode
                0x08002494      0x128 ./Core/Src/base64.o
                0x08002494                Base64_Encode
 .text.BC_Init  0x080025bc       0x6a ./Core/Src/battery_charger.o
                0x080025bc                BC_Init
 *fill*         0x08002626        0x2 
 .text.BC_Write_Reg
                0x08002628       0x48 ./Core/Src/battery_charger.o
                0x08002628                BC_Write_Reg
 .text.BC_Read_Reg
                0x08002670       0x50 ./Core/Src/battery_charger.o
                0x08002670                BC_Read_Reg
 .text.BC_MultiWrite_Reg
                0x080026c0       0x54 ./Core/Src/battery_charger.o
                0x080026c0                BC_MultiWrite_Reg
 .text.BC_MultiRead_Reg
                0x08002714       0x6c ./Core/Src/battery_charger.o
                0x08002714                BC_MultiRead_Reg
 .text.BC_Read_Flags
                0x08002780      0x15c ./Core/Src/battery_charger.o
                0x08002780                BC_Read_Flags
 .text.BC_Manage_Interrupts
                0x080028dc       0xcc ./Core/Src/battery_charger.o
                0x080028dc                BC_Manage_Interrupts
 .text.HAL_UARTEx_RxEventCallback
                0x080029a8       0xfc ./Core/Src/callbacks.o
                0x080029a8                HAL_UARTEx_RxEventCallback
 .text.HAL_UART_RxCpltCallback
                0x08002aa4       0x14 ./Core/Src/callbacks.o
                0x08002aa4                HAL_UART_RxCpltCallback
 .text.HAL_UART_TxCpltCallback
                0x08002ab8       0x14 ./Core/Src/callbacks.o
                0x08002ab8                HAL_UART_TxCpltCallback
 .text.HAL_ADC_ConvHalfCpltCallback
                0x08002acc       0x38 ./Core/Src/callbacks.o
                0x08002acc                HAL_ADC_ConvHalfCpltCallback
 .text.HAL_ADC_ConvCpltCallback
                0x08002b04       0x38 ./Core/Src/callbacks.o
                0x08002b04                HAL_ADC_ConvCpltCallback
 .text.HAL_RTC_AlarmAEventCallback
                0x08002b3c       0x98 ./Core/Src/callbacks.o
                0x08002b3c                HAL_RTC_AlarmAEventCallback
 .text.extflash_cs_set
                0x08002bd4       0x18 ./Core/Src/extflash_hal.o
                0x08002bd4                extflash_cs_set
 .text.extflash_cs_reset
                0x08002bec       0x18 ./Core/Src/extflash_hal.o
                0x08002bec                extflash_cs_reset
 .text.extflash_wp_reset
                0x08002c04       0x18 ./Core/Src/extflash_hal.o
                0x08002c04                extflash_wp_reset
 .text.extflash_hard_reset
                0x08002c1c       0x28 ./Core/Src/extflash_hal.o
                0x08002c1c                extflash_hard_reset
 .text.extflash_send_cmd
                0x08002c44       0xe4 ./Core/Src/extflash_hal.o
                0x08002c44                extflash_send_cmd
 .text.extflash_read_extended_read_reg
                0x08002d28       0x40 ./Core/Src/extflash_hal.o
                0x08002d28                extflash_read_extended_read_reg
 .text.extflash_clear_extended_read_reg
                0x08002d68       0x2a ./Core/Src/extflash_hal.o
                0x08002d68                extflash_clear_extended_read_reg
 .text.extflash_set_write_protection
                0x08002d92       0x3c ./Core/Src/extflash_hal.o
                0x08002d92                extflash_set_write_protection
 .text.extflash_read_sfdp
                0x08002dce       0x4c ./Core/Src/extflash_hal.o
                0x08002dce                extflash_read_sfdp
 .text.extflash_raw_read
                0x08002e1a       0x4a ./Core/Src/extflash_hal.o
                0x08002e1a                extflash_raw_read
 .text.extflash_raw_erase
                0x08002e64       0x38 ./Core/Src/extflash_hal.o
                0x08002e64                extflash_raw_erase
 .text.extflash_raw_page_write
                0x08002e9c       0x44 ./Core/Src/extflash_hal.o
                0x08002e9c                extflash_raw_page_write
 .text.extflash_sector_read
                0x08002ee0       0xb2 ./Core/Src/extflash_hal.o
                0x08002ee0                extflash_sector_read
 .text.extflash_wait_for_wop
                0x08002f92       0x78 ./Core/Src/extflash_hal.o
                0x08002f92                extflash_wait_for_wop
 .text.extflash_sector_write
                0x0800300a       0xe4 ./Core/Src/extflash_hal.o
                0x0800300a                extflash_sector_write
 .text.extflash_get_sector_size
                0x080030ee       0x12 ./Core/Src/extflash_hal.o
                0x080030ee                extflash_get_sector_size
 .text.extflash_get_sector_count
                0x08003100       0x18 ./Core/Src/extflash_hal.o
                0x08003100                extflash_get_sector_count
 .text.extflash_is_initialized
                0x08003118       0x18 ./Core/Src/extflash_hal.o
                0x08003118                extflash_is_initialized
 .text.extflash_init
                0x08003130       0xc4 ./Core/Src/extflash_hal.o
                0x08003130                extflash_init
 .text.System_Init
                0x080031f4       0xa0 ./Core/Src/init.o
                0x080031f4                System_Init
 .text.FatFS_Init
                0x08003294      0x138 ./Core/Src/init.o
                0x08003294                FatFS_Init
 .text.Acc_Init
                0x080033cc      0x158 ./Core/Src/init.o
                0x080033cc                Acc_Init
 .text.Config_Init
                0x08003524      0x1c8 ./Core/Src/init.o
                0x08003524                Config_Init
 *fill*         0x080036ec        0x4 
 .text.LED_Start
                0x080036f0      0x1e4 ./Core/Src/leds.o
                0x080036f0                LED_Start
 .text.LED_Stop
                0x080038d4       0x1c ./Core/Src/leds.o
                0x080038d4                LED_Stop
 .text.lsm6dsv16x_read_reg
                0x080038f0       0x30 ./Core/Src/lsm6dsv16x_reg.o
                0x080038f0                lsm6dsv16x_read_reg
 .text.lsm6dsv16x_write_reg
                0x08003920       0x30 ./Core/Src/lsm6dsv16x_reg.o
                0x08003920                lsm6dsv16x_write_reg
 .text.lsm6dsv16x_reset_set
                0x08003950       0xa0 ./Core/Src/lsm6dsv16x_reg.o
                0x08003950                lsm6dsv16x_reset_set
 .text.lsm6dsv16x_reset_get
                0x080039f0       0xac ./Core/Src/lsm6dsv16x_reg.o
                0x080039f0                lsm6dsv16x_reset_get
 .text.lsm6dsv16x_device_id_get
                0x08003a9c       0x22 ./Core/Src/lsm6dsv16x_reg.o
                0x08003a9c                lsm6dsv16x_device_id_get
 .text.lsm6dsv16x_xl_data_rate_set
                0x08003abe       0xa2 ./Core/Src/lsm6dsv16x_reg.o
                0x08003abe                lsm6dsv16x_xl_data_rate_set
 .text.lsm6dsv16x_xl_mode_set
                0x08003b60       0x4c ./Core/Src/lsm6dsv16x_reg.o
                0x08003b60                lsm6dsv16x_xl_mode_set
 .text.lsm6dsv16x_gy_data_rate_set
                0x08003bac       0x9e ./Core/Src/lsm6dsv16x_reg.o
                0x08003bac                lsm6dsv16x_gy_data_rate_set
 .text.lsm6dsv16x_gy_mode_set
                0x08003c4a       0x4c ./Core/Src/lsm6dsv16x_reg.o
                0x08003c4a                lsm6dsv16x_gy_mode_set
 .text.lsm6dsv16x_block_data_update_set
                0x08003c96       0x4c ./Core/Src/lsm6dsv16x_reg.o
                0x08003c96                lsm6dsv16x_block_data_update_set
 .text.lsm6dsv16x_odr_trig_cfg_set
                0x08003ce2       0x52 ./Core/Src/lsm6dsv16x_reg.o
                0x08003ce2                lsm6dsv16x_odr_trig_cfg_set
 .text.lsm6dsv16x_gy_full_scale_set
                0x08003d34       0x4c ./Core/Src/lsm6dsv16x_reg.o
                0x08003d34                lsm6dsv16x_gy_full_scale_set
 .text.lsm6dsv16x_xl_full_scale_set
                0x08003d80       0x4c ./Core/Src/lsm6dsv16x_reg.o
                0x08003d80                lsm6dsv16x_xl_full_scale_set
 .text.lsm6dsv16x_pin_int1_route_set
                0x08003dcc      0x16e ./Core/Src/lsm6dsv16x_reg.o
                0x08003dcc                lsm6dsv16x_pin_int1_route_set
 .text.lsm6dsv16x_den_polarity_set
                0x08003f3a       0x4c ./Core/Src/lsm6dsv16x_reg.o
                0x08003f3a                lsm6dsv16x_den_polarity_set
 .text.lsm6dsv16x_fifo_watermark_set
                0x08003f86       0x40 ./Core/Src/lsm6dsv16x_reg.o
                0x08003f86                lsm6dsv16x_fifo_watermark_set
 .text.lsm6dsv16x_fifo_xl_batch_set
                0x08003fc6       0x4c ./Core/Src/lsm6dsv16x_reg.o
                0x08003fc6                lsm6dsv16x_fifo_xl_batch_set
 .text.lsm6dsv16x_fifo_gy_batch_set
                0x08004012       0x4c ./Core/Src/lsm6dsv16x_reg.o
                0x08004012                lsm6dsv16x_fifo_gy_batch_set
 .text.lsm6dsv16x_fifo_mode_set
                0x0800405e       0x4c ./Core/Src/lsm6dsv16x_reg.o
                0x0800405e                lsm6dsv16x_fifo_mode_set
 .text.lsm6dsv16x_ui_i2c_i3c_mode_set
                0x080040aa       0x4c ./Core/Src/lsm6dsv16x_reg.o
                0x080040aa                lsm6dsv16x_ui_i2c_i3c_mode_set
 .text.acc_write
                0x080040f6       0x58 ./Core/Src/lsm6dsv16x_rw.o
                0x080040f6                acc_write
 .text.acc_read
                0x0800414e       0x62 ./Core/Src/lsm6dsv16x_rw.o
                0x0800414e                acc_read
 .text.__NVIC_SystemReset
                0x080041b0       0x2c ./Core/Src/main.o
 .text.main     0x080041dc      0x608 ./Core/Src/main.o
                0x080041dc                main
 .text.SystemClock_Config
                0x080047e4       0xa2 ./Core/Src/main.o
                0x080047e4                SystemClock_Config
 *fill*         0x08004886        0x2 
 .text.MX_ADC1_Init
                0x08004888       0xf0 ./Core/Src/main.o
 .text.MX_CRC_Init
                0x08004978       0x44 ./Core/Src/main.o
 .text.MX_I2C3_Init
                0x080049bc       0x80 ./Core/Src/main.o
 .text.MX_QUADSPI_Init
                0x08004a3c       0x4c ./Core/Src/main.o
 .text.MX_RTC_Init
                0x08004a88      0x124 ./Core/Src/main.o
 .text.MX_SPI2_Init
                0x08004bac       0x7c ./Core/Src/main.o
 .text.MX_SPI3_Init
                0x08004c28       0x7c ./Core/Src/main.o
 .text.MX_TIM1_Init
                0x08004ca4      0x150 ./Core/Src/main.o
 .text.MX_TIM2_Init
                0x08004df4       0xa8 ./Core/Src/main.o
 .text.MX_TIM3_Init
                0x08004e9c       0xf0 ./Core/Src/main.o
 .text.MX_TIM4_Init
                0x08004f8c       0xe8 ./Core/Src/main.o
 .text.MX_UART4_Init
                0x08005074       0x60 ./Core/Src/main.o
 .text.MX_USART1_UART_Init
                0x080050d4       0x60 ./Core/Src/main.o
 .text.MX_DMA_Init
                0x08005134       0x5c ./Core/Src/main.o
 .text.MX_GPIO_Init
                0x08005190      0x1ec ./Core/Src/main.o
 .text.Error_Handler
                0x0800537c        0xc ./Core/Src/main.o
                0x0800537c                Error_Handler
 .text.OTA_Init
                0x08005388       0x58 ./Core/Src/ota.o
                0x08005388                OTA_Init
 .text.OTA_Receive
                0x080053e0      0x144 ./Core/Src/ota.o
                0x080053e0                OTA_Receive
 .text.OTA_CRC_Check
                0x08005524      0x1b0 ./Core/Src/ota.o
                0x08005524                OTA_CRC_Check
 .text.OTA_Apply
                0x080056d4      0x1fc ./Core/Src/ota.o
                0x080056d4                OTA_Apply
 .text.Save_Data
                0x080058d0      0x464 ./Core/Src/process.o
                0x080058d0                Save_Data
 .text.Switch_Buffer
                0x08005d34       0x98 ./Core/Src/process.o
                0x08005d34                Switch_Buffer
 .text.Erase_RAM_Data
                0x08005dcc       0x58 ./Core/Src/process.o
                0x08005dcc                Erase_RAM_Data
 .text.Start_Measure
                0x08005e24      0x17c ./Core/Src/process.o
                0x08005e24                Start_Measure
 .text.Stop_Measure
                0x08005fa0       0x38 ./Core/Src/process.o
                0x08005fa0                Stop_Measure
 .text.Warning_Detection
                0x08005fd8       0xc8 ./Core/Src/process.o
                0x08005fd8                Warning_Detection
 .text.RAM_Save_Measure
                0x080060a0       0xc4 ./Core/Src/process.o
                0x080060a0                RAM_Save_Measure
 .text.Send_Measure_Chunk
                0x08006164      0x25c ./Core/Src/process.o
                0x08006164                Send_Measure_Chunk
 .text.Compress_Sample
                0x080063c0      0x44c ./Core/Src/process.o
                0x080063c0                Compress_Sample
 .text.ADPCM_Compression
                0x0800680c      0x118 ./Core/Src/process.o
                0x0800680c                ADPCM_Compression
 .text.Apply_Config
                0x08006924      0x338 ./Core/Src/process.o
                0x08006924                Apply_Config
 .text.Get_Config
                0x08006c5c      0x230 ./Core/Src/process.o
                0x08006c5c                Get_Config
 .text.Clear_Flags
                0x08006e8c       0x40 ./Core/Src/process.o
                0x08006e8c                Clear_Flags
 .text.psram_reset
                0x08006ecc       0x6c ./Core/Src/psram.o
                0x08006ecc                psram_reset
 .text.psram_qpi_mode
                0x08006f38       0x98 ./Core/Src/psram.o
                0x08006f38                psram_qpi_mode
 .text.psram_read_id
                0x08006fd0       0xa0 ./Core/Src/psram.o
                0x08006fd0                psram_read_id
 .text.psram_internal_read_write
                0x08007070      0x110 ./Core/Src/psram.o
                0x08007070                psram_internal_read_write
 .text.psram_sector_read_write
                0x08007180       0x62 ./Core/Src/psram.o
                0x08007180                psram_sector_read_write
 *fill*         0x080071e2        0x2 
 .text.psram_read_write
                0x080071e4       0xa0 ./Core/Src/psram.o
                0x080071e4                psram_read_write
 .text.raw_psram_read_write
                0x08007284       0xac ./Core/Src/psram.o
                0x08007284                raw_psram_read_write
 .text.RAM_Write
                0x08007330       0x22 ./Core/Src/psram.o
                0x08007330                RAM_Write
 .text.RAM_Read
                0x08007352       0x22 ./Core/Src/psram.o
                0x08007352                RAM_Read
 .text.psram_is_initialized
                0x08007374       0x18 ./Core/Src/psram.o
                0x08007374                psram_is_initialized
 .text.psram_get_sector_size
                0x0800738c       0x12 ./Core/Src/psram.o
                0x0800738c                psram_get_sector_size
 *fill*         0x0800739e        0x2 
 .text.psram_get_sector_count
                0x080073a0       0x18 ./Core/Src/psram.o
                0x080073a0                psram_get_sector_count
 .text.psram_get_size
                0x080073b8       0x18 ./Core/Src/psram.o
                0x080073b8                psram_get_size
 .text.psram_init
                0x080073d0       0x9c ./Core/Src/psram.o
                0x080073d0                psram_init
 .text.HAL_MspInit
                0x0800746c       0x48 ./Core/Src/stm32l4xx_hal_msp.o
                0x0800746c                HAL_MspInit
 .text.HAL_ADC_MspInit
                0x080074b4      0x130 ./Core/Src/stm32l4xx_hal_msp.o
                0x080074b4                HAL_ADC_MspInit
 .text.HAL_CRC_MspInit
                0x080075e4       0x40 ./Core/Src/stm32l4xx_hal_msp.o
                0x080075e4                HAL_CRC_MspInit
 .text.HAL_I2C_MspInit
                0x08007624       0xbc ./Core/Src/stm32l4xx_hal_msp.o
                0x08007624                HAL_I2C_MspInit
 .text.HAL_QSPI_MspInit
                0x080076e0       0xc4 ./Core/Src/stm32l4xx_hal_msp.o
                0x080076e0                HAL_QSPI_MspInit
 .text.HAL_RTC_MspInit
                0x080077a4       0x74 ./Core/Src/stm32l4xx_hal_msp.o
                0x080077a4                HAL_RTC_MspInit
 .text.HAL_SPI_MspInit
                0x08007818       0xf0 ./Core/Src/stm32l4xx_hal_msp.o
                0x08007818                HAL_SPI_MspInit
 .text.HAL_TIM_OC_MspInit
                0x08007908       0x40 ./Core/Src/stm32l4xx_hal_msp.o
                0x08007908                HAL_TIM_OC_MspInit
 .text.HAL_TIM_IC_MspInit
                0x08007948       0x80 ./Core/Src/stm32l4xx_hal_msp.o
                0x08007948                HAL_TIM_IC_MspInit
 .text.HAL_TIM_Base_MspInit
                0x080079c8       0x68 ./Core/Src/stm32l4xx_hal_msp.o
                0x080079c8                HAL_TIM_Base_MspInit
 .text.HAL_TIM_MspPostInit
                0x08007a30       0xbc ./Core/Src/stm32l4xx_hal_msp.o
                0x08007a30                HAL_TIM_MspPostInit
 .text.HAL_UART_MspInit
                0x08007aec      0x1f8 ./Core/Src/stm32l4xx_hal_msp.o
                0x08007aec                HAL_UART_MspInit
 .text.NMI_Handler
                0x08007ce4        0x8 ./Core/Src/stm32l4xx_it.o
                0x08007ce4                NMI_Handler
 .text.HardFault_Handler
                0x08007cec        0x8 ./Core/Src/stm32l4xx_it.o
                0x08007cec                HardFault_Handler
 .text.MemManage_Handler
                0x08007cf4        0x8 ./Core/Src/stm32l4xx_it.o
                0x08007cf4                MemManage_Handler
 .text.BusFault_Handler
                0x08007cfc        0x8 ./Core/Src/stm32l4xx_it.o
                0x08007cfc                BusFault_Handler
 .text.UsageFault_Handler
                0x08007d04        0x8 ./Core/Src/stm32l4xx_it.o
                0x08007d04                UsageFault_Handler
 .text.SVC_Handler
                0x08007d0c        0xe ./Core/Src/stm32l4xx_it.o
                0x08007d0c                SVC_Handler
 .text.DebugMon_Handler
                0x08007d1a        0xe ./Core/Src/stm32l4xx_it.o
                0x08007d1a                DebugMon_Handler
 .text.PendSV_Handler
                0x08007d28        0xe ./Core/Src/stm32l4xx_it.o
                0x08007d28                PendSV_Handler
 .text.SysTick_Handler
                0x08007d36        0xc ./Core/Src/stm32l4xx_it.o
                0x08007d36                SysTick_Handler
 *fill*         0x08007d42        0x2 
 .text.DMA1_Channel1_IRQHandler
                0x08007d44       0x14 ./Core/Src/stm32l4xx_it.o
                0x08007d44                DMA1_Channel1_IRQHandler
 .text.DMA1_Channel4_IRQHandler
                0x08007d58       0x14 ./Core/Src/stm32l4xx_it.o
                0x08007d58                DMA1_Channel4_IRQHandler
 .text.DMA1_Channel5_IRQHandler
                0x08007d6c       0x14 ./Core/Src/stm32l4xx_it.o
                0x08007d6c                DMA1_Channel5_IRQHandler
 .text.RTC_Alarm_IRQHandler
                0x08007d80       0x14 ./Core/Src/stm32l4xx_it.o
                0x08007d80                RTC_Alarm_IRQHandler
 .text._sbrk    0x08007d94       0x6c ./Core/Src/sysmem.o
                0x08007d94                _sbrk
 .text.SystemInit
                0x08007e00       0x24 ./Core/Src/system_stm32l4xx.o
                0x08007e00                SystemInit
 .text.disk_status
                0x08007e24       0x50 ./Core/Src/FatFS/diskio.o
                0x08007e24                disk_status
 .text.disk_initialize
                0x08007e74       0x50 ./Core/Src/FatFS/diskio.o
                0x08007e74                disk_initialize
 .text.disk_read
                0x08007ec4       0x64 ./Core/Src/FatFS/diskio.o
                0x08007ec4                disk_read
 .text.disk_write
                0x08007f28       0x68 ./Core/Src/FatFS/diskio.o
                0x08007f28                disk_write
 .text.disk_ioctl
                0x08007f90      0x104 ./Core/Src/FatFS/diskio.o
                0x08007f90                disk_ioctl
 .text.ld_word  0x08008094       0x32 ./Core/Src/FatFS/ff.o
 .text.ld_dword
                0x080080c6       0x46 ./Core/Src/FatFS/ff.o
 .text.st_word  0x0800810c       0x36 ./Core/Src/FatFS/ff.o
 .text.st_dword
                0x08008142       0x58 ./Core/Src/FatFS/ff.o
 .text.dbc_1st  0x0800819a       0x22 ./Core/Src/FatFS/ff.o
 .text.dbc_2nd  0x080081bc       0x22 ./Core/Src/FatFS/ff.o
 .text.sync_window
                0x080081de       0x78 ./Core/Src/FatFS/ff.o
 .text.move_window
                0x08008256       0x5a ./Core/Src/FatFS/ff.o
 .text.sync_fs  0x080082b0       0xdc ./Core/Src/FatFS/ff.o
 .text.clst2sect
                0x0800838c       0x3e ./Core/Src/FatFS/ff.o
 .text.get_fat  0x080083ca      0x1a6 ./Core/Src/FatFS/ff.o
 .text.put_fat  0x08008570      0x234 ./Core/Src/FatFS/ff.o
 .text.remove_chain
                0x080087a4       0xca ./Core/Src/FatFS/ff.o
 .text.create_chain
                0x0800886e      0x1a2 ./Core/Src/FatFS/ff.o
 .text.dir_clear
                0x08008a10       0x90 ./Core/Src/FatFS/ff.o
 .text.dir_sdi  0x08008aa0      0x112 ./Core/Src/FatFS/ff.o
 .text.dir_next
                0x08008bb2      0x14c ./Core/Src/FatFS/ff.o
 .text.dir_alloc
                0x08008cfe       0x8e ./Core/Src/FatFS/ff.o
 .text.ld_clust
                0x08008d8c       0x3e ./Core/Src/FatFS/ff.o
 .text.st_clust
                0x08008dca       0x40 ./Core/Src/FatFS/ff.o
 .text.dir_find
                0x08008e0a       0xaa ./Core/Src/FatFS/ff.o
 .text.dir_register
                0x08008eb4       0x64 ./Core/Src/FatFS/ff.o
 .text.create_name
                0x08008f18      0x1b0 ./Core/Src/FatFS/ff.o
 .text.follow_path
                0x080090c8       0xe8 ./Core/Src/FatFS/ff.o
 .text.get_ldnumber
                0x080091b0      0x134 ./Core/Src/FatFS/ff.o
 .text.check_fs
                0x080092e4      0x148 ./Core/Src/FatFS/ff.o
 .text.find_volume
                0x0800942c       0xbe ./Core/Src/FatFS/ff.o
 *fill*         0x080094ea        0x2 
 .text.mount_volume
                0x080094ec      0x44c ./Core/Src/FatFS/ff.o
 .text.validate
                0x08009938       0x6a ./Core/Src/FatFS/ff.o
 *fill*         0x080099a2        0x2 
 .text.f_mount  0x080099a4       0x94 ./Core/Src/FatFS/ff.o
                0x080099a4                f_mount
 .text.f_open   0x08009a38      0x330 ./Core/Src/FatFS/ff.o
                0x08009a38                f_open
 .text.f_read   0x08009d68      0x2a6 ./Core/Src/FatFS/ff.o
                0x08009d68                f_read
 .text.f_write  0x0800a00e      0x310 ./Core/Src/FatFS/ff.o
                0x0800a00e                f_write
 *fill*         0x0800a31e        0x2 
 .text.f_sync   0x0800a320      0x100 ./Core/Src/FatFS/ff.o
                0x0800a320                f_sync
 .text.f_close  0x0800a420       0x40 ./Core/Src/FatFS/ff.o
                0x0800a420                f_close
 .text.create_partition
                0x0800a460      0x248 ./Core/Src/FatFS/ff.o
 .text.f_mkfs   0x0800a6a8      0x8a0 ./Core/Src/FatFS/ff.o
                0x0800a6a8                f_mkfs
 .text.Reset_Handler
                0x0800af48       0x50 ./Core/Startup/startup_stm32l475rctx.o
                0x0800af48                Reset_Handler
 .text.Default_Handler
                0x0800af98        0x2 ./Core/Startup/startup_stm32l475rctx.o
                0x0800af98                EXTI2_IRQHandler
                0x0800af98                TIM8_TRG_COM_IRQHandler
                0x0800af98                TIM8_CC_IRQHandler
                0x0800af98                TIM1_CC_IRQHandler
                0x0800af98                TSC_IRQHandler
                0x0800af98                TAMP_STAMP_IRQHandler
                0x0800af98                EXTI3_IRQHandler
                0x0800af98                LPTIM2_IRQHandler
                0x0800af98                DFSDM1_FLT1_IRQHandler
                0x0800af98                I2C3_ER_IRQHandler
                0x0800af98                DFSDM1_FLT2_IRQHandler
                0x0800af98                EXTI0_IRQHandler
                0x0800af98                I2C2_EV_IRQHandler
                0x0800af98                CAN1_RX0_IRQHandler
                0x0800af98                FPU_IRQHandler
                0x0800af98                TIM1_UP_TIM16_IRQHandler
                0x0800af98                ADC1_2_IRQHandler
                0x0800af98                SPI1_IRQHandler
                0x0800af98                TIM6_DAC_IRQHandler
                0x0800af98                TIM8_UP_IRQHandler
                0x0800af98                DMA2_Channel2_IRQHandler
                0x0800af98                SAI2_IRQHandler
                0x0800af98                DFSDM1_FLT3_IRQHandler
                0x0800af98                USART3_IRQHandler
                0x0800af98                DMA1_Channel7_IRQHandler
                0x0800af98                CAN1_RX1_IRQHandler
                0x0800af98                UART5_IRQHandler
                0x0800af98                ADC3_IRQHandler
                0x0800af98                TIM4_IRQHandler
                0x0800af98                DMA2_Channel1_IRQHandler
                0x0800af98                QUADSPI_IRQHandler
                0x0800af98                I2C1_EV_IRQHandler
                0x0800af98                DMA1_Channel6_IRQHandler
                0x0800af98                UART4_IRQHandler
                0x0800af98                DMA2_Channel4_IRQHandler
                0x0800af98                TIM3_IRQHandler
                0x0800af98                RCC_IRQHandler
                0x0800af98                Default_Handler
                0x0800af98                DMA2_Channel7_IRQHandler
                0x0800af98                EXTI15_10_IRQHandler
                0x0800af98                TIM7_IRQHandler
                0x0800af98                SDMMC1_IRQHandler
                0x0800af98                TIM5_IRQHandler
                0x0800af98                I2C3_EV_IRQHandler
                0x0800af98                EXTI9_5_IRQHandler
                0x0800af98                RTC_WKUP_IRQHandler
                0x0800af98                PVD_PVM_IRQHandler
                0x0800af98                SPI2_IRQHandler
                0x0800af98                CAN1_TX_IRQHandler
                0x0800af98                DMA2_Channel5_IRQHandler
                0x0800af98                EXTI4_IRQHandler
                0x0800af98                RNG_IRQHandler
                0x0800af98                TIM1_TRG_COM_TIM17_IRQHandler
                0x0800af98                DMA1_Channel3_IRQHandler
                0x0800af98                COMP_IRQHandler
                0x0800af98                WWDG_IRQHandler
                0x0800af98                LPUART1_IRQHandler
                0x0800af98                DMA2_Channel6_IRQHandler
                0x0800af98                TIM2_IRQHandler
                0x0800af98                EXTI1_IRQHandler
                0x0800af98                USART2_IRQHandler
                0x0800af98                DFSDM1_FLT0_IRQHandler
                0x0800af98                I2C2_ER_IRQHandler
                0x0800af98                DMA1_Channel2_IRQHandler
                0x0800af98                TIM8_BRK_IRQHandler
                0x0800af98                CAN1_SCE_IRQHandler
                0x0800af98                FLASH_IRQHandler
                0x0800af98                USART1_IRQHandler
                0x0800af98                OTG_FS_IRQHandler
                0x0800af98                SPI3_IRQHandler
                0x0800af98                I2C1_ER_IRQHandler
                0x0800af98                FMC_IRQHandler
                0x0800af98                SWPMI1_IRQHandler
                0x0800af98                LPTIM1_IRQHandler
                0x0800af98                SAI1_IRQHandler
                0x0800af98                DMA2_Channel3_IRQHandler
                0x0800af98                TIM1_BRK_TIM15_IRQHandler
 .text.HAL_Init
                0x0800af9a       0x30 ./Drivers/STM32L4xx_HAL_Driver/Src/stm32l4xx_hal.o
                0x0800af9a                HAL_Init
 *fill*         0x0800afca        0x2 
 .text.HAL_InitTick
                0x0800afcc       0x78 ./Drivers/STM32L4xx_HAL_Driver/Src/stm32l4xx_hal.o
                0x0800afcc                HAL_InitTick
 .text.HAL_IncTick
                0x0800b044       0x28 ./Drivers/STM32L4xx_HAL_Driver/Src/stm32l4xx_hal.o
                0x0800b044                HAL_IncTick
 .text.HAL_GetTick
                0x0800b06c       0x18 ./Drivers/STM32L4xx_HAL_Driver/Src/stm32l4xx_hal.o
                0x0800b06c                HAL_GetTick
 .text.HAL_Delay
                0x0800b084       0x48 ./Drivers/STM32L4xx_HAL_Driver/Src/stm32l4xx_hal.o
                0x0800b084                HAL_Delay
 .text.LL_ADC_SetCommonClock
                0x0800b0cc       0x26 ./Drivers/STM32L4xx_HAL_Driver/Src/stm32l4xx_hal_adc.o
 .text.LL_ADC_SetCommonPathInternalCh
                0x0800b0f2       0x26 ./Drivers/STM32L4xx_HAL_Driver/Src/stm32l4xx_hal_adc.o
 .text.LL_ADC_GetCommonPathInternalCh
                0x0800b118       0x1c ./Drivers/STM32L4xx_HAL_Driver/Src/stm32l4xx_hal_adc.o
 .text.LL_ADC_SetOffset
                0x0800b134       0x48 ./Drivers/STM32L4xx_HAL_Driver/Src/stm32l4xx_hal_adc.o
 .text.LL_ADC_GetOffsetChannel
                0x0800b17c       0x2c ./Drivers/STM32L4xx_HAL_Driver/Src/stm32l4xx_hal_adc.o
 .text.LL_ADC_SetOffsetState
                0x0800b1a8       0x36 ./Drivers/STM32L4xx_HAL_Driver/Src/stm32l4xx_hal_adc.o
 .text.LL_ADC_REG_IsTriggerSourceSWStart
                0x0800b1de       0x26 ./Drivers/STM32L4xx_HAL_Driver/Src/stm32l4xx_hal_adc.o
 .text.LL_ADC_REG_SetSequencerRanks
                0x0800b204       0x58 ./Drivers/STM32L4xx_HAL_Driver/Src/stm32l4xx_hal_adc.o
 .text.LL_ADC_SetChannelSamplingTime
                0x0800b25c       0x56 ./Drivers/STM32L4xx_HAL_Driver/Src/stm32l4xx_hal_adc.o
 *fill*         0x0800b2b2        0x2 
 .text.LL_ADC_SetChannelSingleDiff
                0x0800b2b4       0x48 ./Drivers/STM32L4xx_HAL_Driver/Src/stm32l4xx_hal_adc.o
 .text.LL_ADC_GetMultimode
                0x0800b2fc       0x1c ./Drivers/STM32L4xx_HAL_Driver/Src/stm32l4xx_hal_adc.o
 .text.LL_ADC_DisableDeepPowerDown
                0x0800b318       0x24 ./Drivers/STM32L4xx_HAL_Driver/Src/stm32l4xx_hal_adc.o
 .text.LL_ADC_IsDeepPowerDownEnabled
                0x0800b33c       0x28 ./Drivers/STM32L4xx_HAL_Driver/Src/stm32l4xx_hal_adc.o
 .text.LL_ADC_EnableInternalRegulator
                0x0800b364       0x28 ./Drivers/STM32L4xx_HAL_Driver/Src/stm32l4xx_hal_adc.o
 .text.LL_ADC_IsInternalRegulatorEnabled
                0x0800b38c       0x28 ./Drivers/STM32L4xx_HAL_Driver/Src/stm32l4xx_hal_adc.o
 .text.LL_ADC_Enable
                0x0800b3b4       0x28 ./Drivers/STM32L4xx_HAL_Driver/Src/stm32l4xx_hal_adc.o
 .text.LL_ADC_Disable
                0x0800b3dc       0x28 ./Drivers/STM32L4xx_HAL_Driver/Src/stm32l4xx_hal_adc.o
 .text.LL_ADC_IsEnabled
                0x0800b404       0x26 ./Drivers/STM32L4xx_HAL_Driver/Src/stm32l4xx_hal_adc.o
 .text.LL_ADC_IsDisableOngoing
                0x0800b42a       0x26 ./Drivers/STM32L4xx_HAL_Driver/Src/stm32l4xx_hal_adc.o
 .text.LL_ADC_REG_StartConversion
                0x0800b450       0x28 ./Drivers/STM32L4xx_HAL_Driver/Src/stm32l4xx_hal_adc.o
 .text.LL_ADC_REG_StopConversion
                0x0800b478       0x28 ./Drivers/STM32L4xx_HAL_Driver/Src/stm32l4xx_hal_adc.o
 .text.LL_ADC_REG_IsConversionOngoing
                0x0800b4a0       0x26 ./Drivers/STM32L4xx_HAL_Driver/Src/stm32l4xx_hal_adc.o
 .text.LL_ADC_INJ_StopConversion
                0x0800b4c6       0x28 ./Drivers/STM32L4xx_HAL_Driver/Src/stm32l4xx_hal_adc.o
 .text.LL_ADC_INJ_IsConversionOngoing
                0x0800b4ee       0x26 ./Drivers/STM32L4xx_HAL_Driver/Src/stm32l4xx_hal_adc.o
 .text.HAL_ADC_Init
                0x0800b514      0x2a0 ./Drivers/STM32L4xx_HAL_Driver/Src/stm32l4xx_hal_adc.o
                0x0800b514                HAL_ADC_Init
 .text.HAL_ADC_Start_DMA
                0x0800b7b4      0x178 ./Drivers/STM32L4xx_HAL_Driver/Src/stm32l4xx_hal_adc.o
                0x0800b7b4                HAL_ADC_Start_DMA
 .text.HAL_ADC_Stop_DMA
                0x0800b92c       0xc2 ./Drivers/STM32L4xx_HAL_Driver/Src/stm32l4xx_hal_adc.o
                0x0800b92c                HAL_ADC_Stop_DMA
 .text.HAL_ADC_ErrorCallback
                0x0800b9ee       0x14 ./Drivers/STM32L4xx_HAL_Driver/Src/stm32l4xx_hal_adc.o
                0x0800b9ee                HAL_ADC_ErrorCallback
 *fill*         0x0800ba02        0x2 
 .text.HAL_ADC_ConfigChannel
                0x0800ba04      0x7e4 ./Drivers/STM32L4xx_HAL_Driver/Src/stm32l4xx_hal_adc.o
                0x0800ba04                HAL_ADC_ConfigChannel
 .text.ADC_ConversionStop
                0x0800c1e8      0x178 ./Drivers/STM32L4xx_HAL_Driver/Src/stm32l4xx_hal_adc.o
                0x0800c1e8                ADC_ConversionStop
 .text.ADC_Enable
                0x0800c360      0x10c ./Drivers/STM32L4xx_HAL_Driver/Src/stm32l4xx_hal_adc.o
                0x0800c360                ADC_Enable
 .text.ADC_Disable
                0x0800c46c       0xbe ./Drivers/STM32L4xx_HAL_Driver/Src/stm32l4xx_hal_adc.o
                0x0800c46c                ADC_Disable
 .text.ADC_DMAConvCplt
                0x0800c52a       0xd8 ./Drivers/STM32L4xx_HAL_Driver/Src/stm32l4xx_hal_adc.o
                0x0800c52a                ADC_DMAConvCplt
 .text.ADC_DMAHalfConvCplt
                0x0800c602       0x1c ./Drivers/STM32L4xx_HAL_Driver/Src/stm32l4xx_hal_adc.o
                0x0800c602                ADC_DMAHalfConvCplt
 .text.ADC_DMAError
                0x0800c61e       0x34 ./Drivers/STM32L4xx_HAL_Driver/Src/stm32l4xx_hal_adc.o
                0x0800c61e                ADC_DMAError
 .text.LL_ADC_IsEnabled
                0x0800c652       0x26 ./Drivers/STM32L4xx_HAL_Driver/Src/stm32l4xx_hal_adc_ex.o
 .text.LL_ADC_REG_IsConversionOngoing
                0x0800c678       0x26 ./Drivers/STM32L4xx_HAL_Driver/Src/stm32l4xx_hal_adc_ex.o
 *fill*         0x0800c69e        0x2 
 .text.HAL_ADCEx_MultiModeConfigChannel
                0x0800c6a0      0x160 ./Drivers/STM32L4xx_HAL_Driver/Src/stm32l4xx_hal_adc_ex.o
                0x0800c6a0                HAL_ADCEx_MultiModeConfigChannel
 .text.__NVIC_SetPriorityGrouping
                0x0800c800       0x48 ./Drivers/STM32L4xx_HAL_Driver/Src/stm32l4xx_hal_cortex.o
 .text.__NVIC_GetPriorityGrouping
                0x0800c848       0x1c ./Drivers/STM32L4xx_HAL_Driver/Src/stm32l4xx_hal_cortex.o
 .text.__NVIC_EnableIRQ
                0x0800c864       0x3c ./Drivers/STM32L4xx_HAL_Driver/Src/stm32l4xx_hal_cortex.o
 .text.__NVIC_SetPriority
                0x0800c8a0       0x54 ./Drivers/STM32L4xx_HAL_Driver/Src/stm32l4xx_hal_cortex.o
 .text.NVIC_EncodePriority
                0x0800c8f4       0x66 ./Drivers/STM32L4xx_HAL_Driver/Src/stm32l4xx_hal_cortex.o
 *fill*         0x0800c95a        0x2 
 .text.__NVIC_SystemReset
                0x0800c95c       0x2c ./Drivers/STM32L4xx_HAL_Driver/Src/stm32l4xx_hal_cortex.o
 .text.SysTick_Config
                0x0800c988       0x44 ./Drivers/STM32L4xx_HAL_Driver/Src/stm32l4xx_hal_cortex.o
 .text.HAL_NVIC_SetPriorityGrouping
                0x0800c9cc       0x16 ./Drivers/STM32L4xx_HAL_Driver/Src/stm32l4xx_hal_cortex.o
                0x0800c9cc                HAL_NVIC_SetPriorityGrouping
 .text.HAL_NVIC_SetPriority
                0x0800c9e2       0x38 ./Drivers/STM32L4xx_HAL_Driver/Src/stm32l4xx_hal_cortex.o
                0x0800c9e2                HAL_NVIC_SetPriority
 .text.HAL_NVIC_EnableIRQ
                0x0800ca1a       0x1c ./Drivers/STM32L4xx_HAL_Driver/Src/stm32l4xx_hal_cortex.o
                0x0800ca1a                HAL_NVIC_EnableIRQ
 .text.HAL_NVIC_SystemReset
                0x0800ca36        0x8 ./Drivers/STM32L4xx_HAL_Driver/Src/stm32l4xx_hal_cortex.o
                0x0800ca36                HAL_NVIC_SystemReset
 .text.HAL_SYSTICK_Config
                0x0800ca3e       0x18 ./Drivers/STM32L4xx_HAL_Driver/Src/stm32l4xx_hal_cortex.o
                0x0800ca3e                HAL_SYSTICK_Config
 *fill*         0x0800ca56        0x2 
 .text.HAL_CRC_Init
                0x0800ca58       0xc8 ./Drivers/STM32L4xx_HAL_Driver/Src/stm32l4xx_hal_crc.o
                0x0800ca58                HAL_CRC_Init
 .text.HAL_CRC_Accumulate
                0x0800cb20       0x88 ./Drivers/STM32L4xx_HAL_Driver/Src/stm32l4xx_hal_crc.o
                0x0800cb20                HAL_CRC_Accumulate
 .text.CRC_Handle_8
                0x0800cba8      0x120 ./Drivers/STM32L4xx_HAL_Driver/Src/stm32l4xx_hal_crc.o
 .text.CRC_Handle_16
                0x0800ccc8       0x74 ./Drivers/STM32L4xx_HAL_Driver/Src/stm32l4xx_hal_crc.o
 .text.HAL_CRCEx_Polynomial_Set
                0x0800cd3c      0x11c ./Drivers/STM32L4xx_HAL_Driver/Src/stm32l4xx_hal_crc_ex.o
                0x0800cd3c                HAL_CRCEx_Polynomial_Set
 .text.HAL_CRCEx_Input_Data_Reverse
                0x0800ce58       0x38 ./Drivers/STM32L4xx_HAL_Driver/Src/stm32l4xx_hal_crc_ex.o
                0x0800ce58                HAL_CRCEx_Input_Data_Reverse
 .text.HAL_CRCEx_Output_Data_Reverse
                0x0800ce90       0x38 ./Drivers/STM32L4xx_HAL_Driver/Src/stm32l4xx_hal_crc_ex.o
                0x0800ce90                HAL_CRCEx_Output_Data_Reverse
 .text.HAL_DMA_Init
                0x0800cec8      0x170 ./Drivers/STM32L4xx_HAL_Driver/Src/stm32l4xx_hal_dma.o
                0x0800cec8                HAL_DMA_Init
 .text.HAL_DMA_Start_IT
                0x0800d038       0xc0 ./Drivers/STM32L4xx_HAL_Driver/Src/stm32l4xx_hal_dma.o
                0x0800d038                HAL_DMA_Start_IT
 .text.HAL_DMA_Abort
                0x0800d0f8       0x7c ./Drivers/STM32L4xx_HAL_Driver/Src/stm32l4xx_hal_dma.o
                0x0800d0f8                HAL_DMA_Abort
 .text.HAL_DMA_IRQHandler
                0x0800d174      0x15e ./Drivers/STM32L4xx_HAL_Driver/Src/stm32l4xx_hal_dma.o
                0x0800d174                HAL_DMA_IRQHandler
 .text.HAL_DMA_GetError
                0x0800d2d2       0x18 ./Drivers/STM32L4xx_HAL_Driver/Src/stm32l4xx_hal_dma.o
                0x0800d2d2                HAL_DMA_GetError
 .text.DMA_SetConfig
                0x0800d2ea       0x60 ./Drivers/STM32L4xx_HAL_Driver/Src/stm32l4xx_hal_dma.o
 *fill*         0x0800d34a        0x2 
 .text.HAL_FLASH_Program
                0x0800d34c       0xd8 ./Drivers/STM32L4xx_HAL_Driver/Src/stm32l4xx_hal_flash.o
                0x0800d34c                HAL_FLASH_Program
 .text.HAL_FLASH_Unlock
                0x0800d424       0x44 ./Drivers/STM32L4xx_HAL_Driver/Src/stm32l4xx_hal_flash.o
                0x0800d424                HAL_FLASH_Unlock
 .text.HAL_FLASH_Lock
                0x0800d468       0x20 ./Drivers/STM32L4xx_HAL_Driver/Src/stm32l4xx_hal_flash.o
                0x0800d468                HAL_FLASH_Lock
 .text.HAL_FLASH_OB_Unlock
                0x0800d488       0x38 ./Drivers/STM32L4xx_HAL_Driver/Src/stm32l4xx_hal_flash.o
                0x0800d488                HAL_FLASH_OB_Unlock
 .text.HAL_FLASH_OB_Lock
                0x0800d4c0       0x20 ./Drivers/STM32L4xx_HAL_Driver/Src/stm32l4xx_hal_flash.o
                0x0800d4c0                HAL_FLASH_OB_Lock
 .text.HAL_FLASH_OB_Launch
                0x0800d4e0       0x24 ./Drivers/STM32L4xx_HAL_Driver/Src/stm32l4xx_hal_flash.o
                0x0800d4e0                HAL_FLASH_OB_Launch
 .text.FLASH_WaitForLastOperation
                0x0800d504       0xac ./Drivers/STM32L4xx_HAL_Driver/Src/stm32l4xx_hal_flash.o
                0x0800d504                FLASH_WaitForLastOperation
 .text.FLASH_Program_DoubleWord
                0x0800d5b0       0x4c ./Drivers/STM32L4xx_HAL_Driver/Src/stm32l4xx_hal_flash.o
 .text.FLASH_Program_Fast
                0x0800d5fc       0x6c ./Drivers/STM32L4xx_HAL_Driver/Src/stm32l4xx_hal_flash.o
 .text.HAL_FLASHEx_Erase
                0x0800d668      0x138 ./Drivers/STM32L4xx_HAL_Driver/Src/stm32l4xx_hal_flash_ex.o
                0x0800d668                HAL_FLASHEx_Erase
 .text.HAL_FLASHEx_OBProgram
                0x0800d7a0       0xdc ./Drivers/STM32L4xx_HAL_Driver/Src/stm32l4xx_hal_flash_ex.o
                0x0800d7a0                HAL_FLASHEx_OBProgram
 .text.HAL_FLASHEx_OBGetConfig
                0x0800d87c       0x9c ./Drivers/STM32L4xx_HAL_Driver/Src/stm32l4xx_hal_flash_ex.o
                0x0800d87c                HAL_FLASHEx_OBGetConfig
 .text.FLASH_MassErase
                0x0800d918       0x50 ./Drivers/STM32L4xx_HAL_Driver/Src/stm32l4xx_hal_flash_ex.o
 .text.FLASH_PageErase
                0x0800d968       0x6c ./Drivers/STM32L4xx_HAL_Driver/Src/stm32l4xx_hal_flash_ex.o
                0x0800d968                FLASH_PageErase
 .text.FLASH_FlushCaches
                0x0800d9d4       0x94 ./Drivers/STM32L4xx_HAL_Driver/Src/stm32l4xx_hal_flash_ex.o
                0x0800d9d4                FLASH_FlushCaches
 .text.FLASH_OB_WRPConfig
                0x0800da68       0xc8 ./Drivers/STM32L4xx_HAL_Driver/Src/stm32l4xx_hal_flash_ex.o
 .text.FLASH_OB_RDPConfig
                0x0800db30       0x5c ./Drivers/STM32L4xx_HAL_Driver/Src/stm32l4xx_hal_flash_ex.o
 .text.FLASH_OB_UserConfig
                0x0800db8c      0x1f0 ./Drivers/STM32L4xx_HAL_Driver/Src/stm32l4xx_hal_flash_ex.o
 .text.FLASH_OB_PCROPConfig
                0x0800dd7c      0x158 ./Drivers/STM32L4xx_HAL_Driver/Src/stm32l4xx_hal_flash_ex.o
 .text.FLASH_OB_GetWRP
                0x0800ded4       0x94 ./Drivers/STM32L4xx_HAL_Driver/Src/stm32l4xx_hal_flash_ex.o
 .text.FLASH_OB_GetRDP
                0x0800df68       0x34 ./Drivers/STM32L4xx_HAL_Driver/Src/stm32l4xx_hal_flash_ex.o
 .text.FLASH_OB_GetUser
                0x0800df9c       0x28 ./Drivers/STM32L4xx_HAL_Driver/Src/stm32l4xx_hal_flash_ex.o
 .text.FLASH_OB_GetPCROP
                0x0800dfc4      0x110 ./Drivers/STM32L4xx_HAL_Driver/Src/stm32l4xx_hal_flash_ex.o
 .text.HAL_GPIO_Init
                0x0800e0d4      0x354 ./Drivers/STM32L4xx_HAL_Driver/Src/stm32l4xx_hal_gpio.o
                0x0800e0d4                HAL_GPIO_Init
 .text.HAL_GPIO_WritePin
                0x0800e428       0x30 ./Drivers/STM32L4xx_HAL_Driver/Src/stm32l4xx_hal_gpio.o
                0x0800e428                HAL_GPIO_WritePin
 .text.HAL_I2C_Init
                0x0800e458      0x136 ./Drivers/STM32L4xx_HAL_Driver/Src/stm32l4xx_hal_i2c.o
                0x0800e458                HAL_I2C_Init
 *fill*         0x0800e58e        0x2 
 .text.HAL_I2C_Master_Transmit
                0x0800e590      0x230 ./Drivers/STM32L4xx_HAL_Driver/Src/stm32l4xx_hal_i2c.o
                0x0800e590                HAL_I2C_Master_Transmit
 .text.HAL_I2C_Master_Receive
                0x0800e7c0      0x1ec ./Drivers/STM32L4xx_HAL_Driver/Src/stm32l4xx_hal_i2c.o
                0x0800e7c0                HAL_I2C_Master_Receive
 .text.I2C_Flush_TXDR
                0x0800e9ac       0x48 ./Drivers/STM32L4xx_HAL_Driver/Src/stm32l4xx_hal_i2c.o
 .text.I2C_WaitOnFlagUntilTimeout
                0x0800e9f4       0xb2 ./Drivers/STM32L4xx_HAL_Driver/Src/stm32l4xx_hal_i2c.o
 .text.I2C_WaitOnTXISFlagUntilTimeout
                0x0800eaa6       0x8e ./Drivers/STM32L4xx_HAL_Driver/Src/stm32l4xx_hal_i2c.o
 .text.I2C_WaitOnSTOPFlagUntilTimeout
                0x0800eb34       0x86 ./Drivers/STM32L4xx_HAL_Driver/Src/stm32l4xx_hal_i2c.o
 *fill*         0x0800ebba        0x2 
 .text.I2C_WaitOnRXNEFlagUntilTimeout
                0x0800ebbc      0x118 ./Drivers/STM32L4xx_HAL_Driver/Src/stm32l4xx_hal_i2c.o
 .text.I2C_IsErrorOccurred
                0x0800ecd4      0x1c0 ./Drivers/STM32L4xx_HAL_Driver/Src/stm32l4xx_hal_i2c.o
 .text.I2C_TransferConfig
                0x0800ee94       0x64 ./Drivers/STM32L4xx_HAL_Driver/Src/stm32l4xx_hal_i2c.o
 .text.HAL_I2CEx_ConfigAnalogFilter
                0x0800eef8       0x96 ./Drivers/STM32L4xx_HAL_Driver/Src/stm32l4xx_hal_i2c_ex.o
                0x0800eef8                HAL_I2CEx_ConfigAnalogFilter
 .text.HAL_I2CEx_ConfigDigitalFilter
                0x0800ef8e       0x98 ./Drivers/STM32L4xx_HAL_Driver/Src/stm32l4xx_hal_i2c_ex.o
                0x0800ef8e                HAL_I2CEx_ConfigDigitalFilter
 *fill*         0x0800f026        0x2 
 .text.HAL_PWREx_GetVoltageRange
                0x0800f028       0x1c ./Drivers/STM32L4xx_HAL_Driver/Src/stm32l4xx_hal_pwr_ex.o
                0x0800f028                HAL_PWREx_GetVoltageRange
 .text.HAL_PWREx_ControlVoltageScaling
                0x0800f044       0xac ./Drivers/STM32L4xx_HAL_Driver/Src/stm32l4xx_hal_pwr_ex.o
                0x0800f044                HAL_PWREx_ControlVoltageScaling
 .text.HAL_QSPI_Init
                0x0800f0f0       0xec ./Drivers/STM32L4xx_HAL_Driver/Src/stm32l4xx_hal_qspi.o
                0x0800f0f0                HAL_QSPI_Init
 .text.HAL_QSPI_Command
                0x0800f1dc       0xbc ./Drivers/STM32L4xx_HAL_Driver/Src/stm32l4xx_hal_qspi.o
                0x0800f1dc                HAL_QSPI_Command
 .text.HAL_QSPI_Transmit
                0x0800f298      0x12e ./Drivers/STM32L4xx_HAL_Driver/Src/stm32l4xx_hal_qspi.o
                0x0800f298                HAL_QSPI_Transmit
 .text.HAL_QSPI_Receive
                0x0800f3c6      0x144 ./Drivers/STM32L4xx_HAL_Driver/Src/stm32l4xx_hal_qspi.o
                0x0800f3c6                HAL_QSPI_Receive
 .text.HAL_QSPI_Abort
                0x0800f50a       0xf2 ./Drivers/STM32L4xx_HAL_Driver/Src/stm32l4xx_hal_qspi.o
                0x0800f50a                HAL_QSPI_Abort
 .text.HAL_QSPI_SetTimeout
                0x0800f5fc       0x1c ./Drivers/STM32L4xx_HAL_Driver/Src/stm32l4xx_hal_qspi.o
                0x0800f5fc                HAL_QSPI_SetTimeout
 .text.QSPI_WaitFlagStateUntilTimeout
                0x0800f618       0x6e ./Drivers/STM32L4xx_HAL_Driver/Src/stm32l4xx_hal_qspi.o
 .text.QSPI_Config
                0x0800f686      0x32e ./Drivers/STM32L4xx_HAL_Driver/Src/stm32l4xx_hal_qspi.o
 .text.HAL_RCC_OscConfig
                0x0800f9b4      0x7b8 ./Drivers/STM32L4xx_HAL_Driver/Src/stm32l4xx_hal_rcc.o
                0x0800f9b4                HAL_RCC_OscConfig
 .text.HAL_RCC_ClockConfig
                0x0801016c      0x200 ./Drivers/STM32L4xx_HAL_Driver/Src/stm32l4xx_hal_rcc.o
                0x0801016c                HAL_RCC_ClockConfig
 .text.HAL_RCC_GetSysClockFreq
                0x0801036c      0x118 ./Drivers/STM32L4xx_HAL_Driver/Src/stm32l4xx_hal_rcc.o
                0x0801036c                HAL_RCC_GetSysClockFreq
 .text.HAL_RCC_GetHCLKFreq
                0x08010484       0x18 ./Drivers/STM32L4xx_HAL_Driver/Src/stm32l4xx_hal_rcc.o
                0x08010484                HAL_RCC_GetHCLKFreq
 .text.HAL_RCC_GetPCLK1Freq
                0x0801049c       0x2c ./Drivers/STM32L4xx_HAL_Driver/Src/stm32l4xx_hal_rcc.o
                0x0801049c                HAL_RCC_GetPCLK1Freq
 .text.HAL_RCC_GetPCLK2Freq
                0x080104c8       0x2c ./Drivers/STM32L4xx_HAL_Driver/Src/stm32l4xx_hal_rcc.o
                0x080104c8                HAL_RCC_GetPCLK2Freq
 .text.RCC_SetFlashLatencyFromMSIRange
                0x080104f4       0xc0 ./Drivers/STM32L4xx_HAL_Driver/Src/stm32l4xx_hal_rcc.o
 .text.HAL_RCCEx_PeriphCLKConfig
                0x080105b4      0x5d4 ./Drivers/STM32L4xx_HAL_Driver/Src/stm32l4xx_hal_rcc_ex.o
                0x080105b4                HAL_RCCEx_PeriphCLKConfig
 .text.RCCEx_PLLSAI1_Config
                0x08010b88      0x1e8 ./Drivers/STM32L4xx_HAL_Driver/Src/stm32l4xx_hal_rcc_ex.o
 .text.RCCEx_PLLSAI2_Config
                0x08010d70      0x1bc ./Drivers/STM32L4xx_HAL_Driver/Src/stm32l4xx_hal_rcc_ex.o
 .text.HAL_RTC_Init
                0x08010f2c      0x110 ./Drivers/STM32L4xx_HAL_Driver/Src/stm32l4xx_hal_rtc.o
                0x08010f2c                HAL_RTC_Init
 .text.HAL_RTC_SetTime
                0x0801103c      0x13a ./Drivers/STM32L4xx_HAL_Driver/Src/stm32l4xx_hal_rtc.o
                0x0801103c                HAL_RTC_SetTime
 .text.HAL_RTC_GetTime
                0x08011176       0xb8 ./Drivers/STM32L4xx_HAL_Driver/Src/stm32l4xx_hal_rtc.o
                0x08011176                HAL_RTC_GetTime
 .text.HAL_RTC_SetDate
                0x0801122e      0x10e ./Drivers/STM32L4xx_HAL_Driver/Src/stm32l4xx_hal_rtc.o
                0x0801122e                HAL_RTC_SetDate
 .text.HAL_RTC_SetAlarm_IT
                0x0801133c      0x278 ./Drivers/STM32L4xx_HAL_Driver/Src/stm32l4xx_hal_rtc.o
                0x0801133c                HAL_RTC_SetAlarm_IT
 .text.HAL_RTC_AlarmIRQHandler
                0x080115b4       0x8c ./Drivers/STM32L4xx_HAL_Driver/Src/stm32l4xx_hal_rtc.o
                0x080115b4                HAL_RTC_AlarmIRQHandler
 .text.HAL_RTC_WaitForSynchro
                0x08011640       0x48 ./Drivers/STM32L4xx_HAL_Driver/Src/stm32l4xx_hal_rtc.o
                0x08011640                HAL_RTC_WaitForSynchro
 .text.RTC_EnterInitMode
                0x08011688       0x66 ./Drivers/STM32L4xx_HAL_Driver/Src/stm32l4xx_hal_rtc.o
                0x08011688                RTC_EnterInitMode
 *fill*         0x080116ee        0x2 
 .text.RTC_ExitInitMode
                0x080116f0       0x7c ./Drivers/STM32L4xx_HAL_Driver/Src/stm32l4xx_hal_rtc.o
                0x080116f0                RTC_ExitInitMode
 .text.RTC_ByteToBcd2
                0x0801176c       0x40 ./Drivers/STM32L4xx_HAL_Driver/Src/stm32l4xx_hal_rtc.o
                0x0801176c                RTC_ByteToBcd2
 .text.RTC_Bcd2ToByte
                0x080117ac       0x34 ./Drivers/STM32L4xx_HAL_Driver/Src/stm32l4xx_hal_rtc.o
                0x080117ac                RTC_Bcd2ToByte
 .text.HAL_RTCEx_AlarmBEventCallback
                0x080117e0       0x14 ./Drivers/STM32L4xx_HAL_Driver/Src/stm32l4xx_hal_rtc_ex.o
                0x080117e0                HAL_RTCEx_AlarmBEventCallback
 .text.HAL_SPI_Init
                0x080117f4      0x146 ./Drivers/STM32L4xx_HAL_Driver/Src/stm32l4xx_hal_spi.o
                0x080117f4                HAL_SPI_Init
 .text.HAL_SPI_Transmit
                0x0801193a      0x2ec ./Drivers/STM32L4xx_HAL_Driver/Src/stm32l4xx_hal_spi.o
                0x0801193a                HAL_SPI_Transmit
 .text.HAL_SPI_Receive
                0x08011c26      0x270 ./Drivers/STM32L4xx_HAL_Driver/Src/stm32l4xx_hal_spi.o
                0x08011c26                HAL_SPI_Receive
 .text.HAL_SPI_TransmitReceive
                0x08011e96      0x43e ./Drivers/STM32L4xx_HAL_Driver/Src/stm32l4xx_hal_spi.o
                0x08011e96                HAL_SPI_TransmitReceive
 .text.SPI_WaitFlagStateUntilTimeout
                0x080122d4      0x110 ./Drivers/STM32L4xx_HAL_Driver/Src/stm32l4xx_hal_spi.o
 .text.SPI_WaitFifoStateUntilTimeout
                0x080123e4      0x12c ./Drivers/STM32L4xx_HAL_Driver/Src/stm32l4xx_hal_spi.o
 .text.SPI_EndRxTransaction
                0x08012510       0xb0 ./Drivers/STM32L4xx_HAL_Driver/Src/stm32l4xx_hal_spi.o
 .text.SPI_EndRxTxTransaction
                0x080125c0       0x8c ./Drivers/STM32L4xx_HAL_Driver/Src/stm32l4xx_hal_spi.o
 .text.HAL_TIM_Base_Init
                0x0801264c       0xae ./Drivers/STM32L4xx_HAL_Driver/Src/stm32l4xx_hal_tim.o
                0x0801264c                HAL_TIM_Base_Init
 .text.HAL_TIM_OC_Init
                0x080126fa       0xae ./Drivers/STM32L4xx_HAL_Driver/Src/stm32l4xx_hal_tim.o
                0x080126fa                HAL_TIM_OC_Init
 .text.HAL_TIM_OC_Start_IT
                0x080127a8      0x2a8 ./Drivers/STM32L4xx_HAL_Driver/Src/stm32l4xx_hal_tim.o
                0x080127a8                HAL_TIM_OC_Start_IT
 .text.HAL_TIM_OC_Stop_IT
                0x08012a50      0x1c8 ./Drivers/STM32L4xx_HAL_Driver/Src/stm32l4xx_hal_tim.o
                0x08012a50                HAL_TIM_OC_Stop_IT
 .text.HAL_TIM_PWM_Init
                0x08012c18       0xae ./Drivers/STM32L4xx_HAL_Driver/Src/stm32l4xx_hal_tim.o
                0x08012c18                HAL_TIM_PWM_Init
 .text.HAL_TIM_PWM_MspInit
                0x08012cc6       0x14 ./Drivers/STM32L4xx_HAL_Driver/Src/stm32l4xx_hal_tim.o
                0x08012cc6                HAL_TIM_PWM_MspInit
 *fill*         0x08012cda        0x2 
 .text.HAL_TIM_PWM_Start
                0x08012cdc      0x20c ./Drivers/STM32L4xx_HAL_Driver/Src/stm32l4xx_hal_tim.o
                0x08012cdc                HAL_TIM_PWM_Start
 .text.HAL_TIM_PWM_Stop
                0x08012ee8      0x12c ./Drivers/STM32L4xx_HAL_Driver/Src/stm32l4xx_hal_tim.o
                0x08012ee8                HAL_TIM_PWM_Stop
 .text.HAL_TIM_IC_Init
                0x08013014       0xae ./Drivers/STM32L4xx_HAL_Driver/Src/stm32l4xx_hal_tim.o
                0x08013014                HAL_TIM_IC_Init
 *fill*         0x080130c2        0x2 
 .text.HAL_TIM_IC_Start_IT
                0x080130c4      0x294 ./Drivers/STM32L4xx_HAL_Driver/Src/stm32l4xx_hal_tim.o
                0x080130c4                HAL_TIM_IC_Start_IT
 .text.HAL_TIM_IC_Stop_IT
                0x08013358      0x17c ./Drivers/STM32L4xx_HAL_Driver/Src/stm32l4xx_hal_tim.o
                0x08013358                HAL_TIM_IC_Stop_IT
 .text.HAL_TIM_OC_ConfigChannel
                0x080134d4       0xf4 ./Drivers/STM32L4xx_HAL_Driver/Src/stm32l4xx_hal_tim.o
                0x080134d4                HAL_TIM_OC_ConfigChannel
 .text.HAL_TIM_IC_ConfigChannel
                0x080135c8      0x138 ./Drivers/STM32L4xx_HAL_Driver/Src/stm32l4xx_hal_tim.o
                0x080135c8                HAL_TIM_IC_ConfigChannel
 .text.HAL_TIM_PWM_ConfigChannel
                0x08013700      0x228 ./Drivers/STM32L4xx_HAL_Driver/Src/stm32l4xx_hal_tim.o
                0x08013700                HAL_TIM_PWM_ConfigChannel
 .text.HAL_TIM_ConfigClockSource
                0x08013928      0x192 ./Drivers/STM32L4xx_HAL_Driver/Src/stm32l4xx_hal_tim.o
                0x08013928                HAL_TIM_ConfigClockSource
 .text.HAL_TIM_SlaveConfigSynchro
                0x08013aba       0x84 ./Drivers/STM32L4xx_HAL_Driver/Src/stm32l4xx_hal_tim.o
                0x08013aba                HAL_TIM_SlaveConfigSynchro
 *fill*         0x08013b3e        0x2 
 .text.TIM_Base_SetConfig
                0x08013b40      0x14c ./Drivers/STM32L4xx_HAL_Driver/Src/stm32l4xx_hal_tim.o
                0x08013b40                TIM_Base_SetConfig
 .text.TIM_OC1_SetConfig
                0x08013c8c      0x120 ./Drivers/STM32L4xx_HAL_Driver/Src/stm32l4xx_hal_tim.o
 .text.TIM_OC2_SetConfig
                0x08013dac      0x114 ./Drivers/STM32L4xx_HAL_Driver/Src/stm32l4xx_hal_tim.o
                0x08013dac                TIM_OC2_SetConfig
 .text.TIM_OC3_SetConfig
                0x08013ec0      0x110 ./Drivers/STM32L4xx_HAL_Driver/Src/stm32l4xx_hal_tim.o
 .text.TIM_OC4_SetConfig
                0x08013fd0       0xd4 ./Drivers/STM32L4xx_HAL_Driver/Src/stm32l4xx_hal_tim.o
 .text.TIM_OC5_SetConfig
                0x080140a4       0xc8 ./Drivers/STM32L4xx_HAL_Driver/Src/stm32l4xx_hal_tim.o
 .text.TIM_OC6_SetConfig
                0x0801416c       0xcc ./Drivers/STM32L4xx_HAL_Driver/Src/stm32l4xx_hal_tim.o
 .text.TIM_SlaveTimer_SetConfig
                0x08014238      0x126 ./Drivers/STM32L4xx_HAL_Driver/Src/stm32l4xx_hal_tim.o
 *fill*         0x0801435e        0x2 
 .text.TIM_TI1_SetConfig
                0x08014360       0xdc ./Drivers/STM32L4xx_HAL_Driver/Src/stm32l4xx_hal_tim.o
                0x08014360                TIM_TI1_SetConfig
 .text.TIM_TI1_ConfigInputStage
                0x0801443c       0x5e ./Drivers/STM32L4xx_HAL_Driver/Src/stm32l4xx_hal_tim.o
 .text.TIM_TI2_SetConfig
                0x0801449a       0x7a ./Drivers/STM32L4xx_HAL_Driver/Src/stm32l4xx_hal_tim.o
 .text.TIM_TI2_ConfigInputStage
                0x08014514       0x60 ./Drivers/STM32L4xx_HAL_Driver/Src/stm32l4xx_hal_tim.o
 .text.TIM_TI3_SetConfig
                0x08014574       0x78 ./Drivers/STM32L4xx_HAL_Driver/Src/stm32l4xx_hal_tim.o
 .text.TIM_TI4_SetConfig
                0x080145ec       0x7a ./Drivers/STM32L4xx_HAL_Driver/Src/stm32l4xx_hal_tim.o
 .text.TIM_ITRx_SetConfig
                0x08014666       0x36 ./Drivers/STM32L4xx_HAL_Driver/Src/stm32l4xx_hal_tim.o
 .text.TIM_ETR_SetConfig
                0x0801469c       0x40 ./Drivers/STM32L4xx_HAL_Driver/Src/stm32l4xx_hal_tim.o
                0x0801469c                TIM_ETR_SetConfig
 .text.TIM_CCxChannelCmd
                0x080146dc       0x4a ./Drivers/STM32L4xx_HAL_Driver/Src/stm32l4xx_hal_tim.o
                0x080146dc                TIM_CCxChannelCmd
 *fill*         0x08014726        0x2 
 .text.HAL_TIMEx_MasterConfigSynchronization
                0x08014728      0x110 ./Drivers/STM32L4xx_HAL_Driver/Src/stm32l4xx_hal_tim_ex.o
                0x08014728                HAL_TIMEx_MasterConfigSynchronization
 .text.HAL_TIMEx_ConfigBreakDeadTime
                0x08014838       0xfc ./Drivers/STM32L4xx_HAL_Driver/Src/stm32l4xx_hal_tim_ex.o
                0x08014838                HAL_TIMEx_ConfigBreakDeadTime
 .text.HAL_UART_Init
                0x08014934       0x9c ./Drivers/STM32L4xx_HAL_Driver/Src/stm32l4xx_hal_uart.o
                0x08014934                HAL_UART_Init
 .text.HAL_HalfDuplex_Init
                0x080149d0       0xac ./Drivers/STM32L4xx_HAL_Driver/Src/stm32l4xx_hal_uart.o
                0x080149d0                HAL_HalfDuplex_Init
 .text.HAL_UART_Transmit
                0x08014a7c      0x112 ./Drivers/STM32L4xx_HAL_Driver/Src/stm32l4xx_hal_uart.o
                0x08014a7c                HAL_UART_Transmit
 .text.HAL_UART_Receive
                0x08014b8e      0x192 ./Drivers/STM32L4xx_HAL_Driver/Src/stm32l4xx_hal_uart.o
                0x08014b8e                HAL_UART_Receive
 .text.HAL_UART_Transmit_DMA
                0x08014d20       0xf8 ./Drivers/STM32L4xx_HAL_Driver/Src/stm32l4xx_hal_uart.o
                0x08014d20                HAL_UART_Transmit_DMA
 .text.HAL_UART_DMAStop
                0x08014e18      0x124 ./Drivers/STM32L4xx_HAL_Driver/Src/stm32l4xx_hal_uart.o
                0x08014e18                HAL_UART_DMAStop
 .text.HAL_UART_TxHalfCpltCallback
                0x08014f3c       0x14 ./Drivers/STM32L4xx_HAL_Driver/Src/stm32l4xx_hal_uart.o
                0x08014f3c                HAL_UART_TxHalfCpltCallback
 .text.HAL_UART_RxHalfCpltCallback
                0x08014f50       0x14 ./Drivers/STM32L4xx_HAL_Driver/Src/stm32l4xx_hal_uart.o
                0x08014f50                HAL_UART_RxHalfCpltCallback
 .text.HAL_UART_ErrorCallback
                0x08014f64       0x14 ./Drivers/STM32L4xx_HAL_Driver/Src/stm32l4xx_hal_uart.o
                0x08014f64                HAL_UART_ErrorCallback
 .text.UART_SetConfig
                0x08014f78      0x570 ./Drivers/STM32L4xx_HAL_Driver/Src/stm32l4xx_hal_uart.o
                0x08014f78                UART_SetConfig
 .text.UART_AdvFeatureConfig
                0x080154e8      0x144 ./Drivers/STM32L4xx_HAL_Driver/Src/stm32l4xx_hal_uart.o
                0x080154e8                UART_AdvFeatureConfig
 .text.UART_CheckIdleState
                0x0801562c      0x150 ./Drivers/STM32L4xx_HAL_Driver/Src/stm32l4xx_hal_uart.o
                0x0801562c                UART_CheckIdleState
 .text.UART_WaitOnFlagUntilTimeout
                0x0801577c       0xda ./Drivers/STM32L4xx_HAL_Driver/Src/stm32l4xx_hal_uart.o
                0x0801577c                UART_WaitOnFlagUntilTimeout
 *fill*         0x08015856        0x2 
 .text.UART_Start_Receive_DMA
                0x08015858      0x140 ./Drivers/STM32L4xx_HAL_Driver/Src/stm32l4xx_hal_uart.o
                0x08015858                UART_Start_Receive_DMA
 .text.UART_EndTxTransfer
                0x08015998       0x4c ./Drivers/STM32L4xx_HAL_Driver/Src/stm32l4xx_hal_uart.o
 .text.UART_EndRxTransfer
                0x080159e4       0xc8 ./Drivers/STM32L4xx_HAL_Driver/Src/stm32l4xx_hal_uart.o
 .text.UART_DMATransmitCplt
                0x08015aac       0x9a ./Drivers/STM32L4xx_HAL_Driver/Src/stm32l4xx_hal_uart.o
 .text.UART_DMATxHalfCplt
                0x08015b46       0x1c ./Drivers/STM32L4xx_HAL_Driver/Src/stm32l4xx_hal_uart.o
 .text.UART_DMAReceiveCplt
                0x08015b62      0x12c ./Drivers/STM32L4xx_HAL_Driver/Src/stm32l4xx_hal_uart.o
 .text.UART_DMARxHalfCplt
                0x08015c8e       0x3e ./Drivers/STM32L4xx_HAL_Driver/Src/stm32l4xx_hal_uart.o
 .text.UART_DMAError
                0x08015ccc       0x7e ./Drivers/STM32L4xx_HAL_Driver/Src/stm32l4xx_hal_uart.o
 .text.HAL_UARTEx_ReceiveToIdle
                0x08015d4a      0x206 ./Drivers/STM32L4xx_HAL_Driver/Src/stm32l4xx_hal_uart_ex.o
                0x08015d4a                HAL_UARTEx_ReceiveToIdle
 .text.HAL_UARTEx_ReceiveToIdle_DMA
                0x08015f50       0xa8 ./Drivers/STM32L4xx_HAL_Driver/Src/stm32l4xx_hal_uart_ex.o
                0x08015f50                HAL_UARTEx_ReceiveToIdle_DMA
 .text.atoi     0x08015ff8        0x8 C:/ST/STM32CubeIDE_1.6.1/STM32CubeIDE/plugins/com.st.stm32cube.ide.mcu.externaltools.gnu-tools-for-stm32.13.3.rel1.win32_1.0.0.202411081344/tools/bin/../lib/gcc/arm-none-eabi/13.3.1/../../../../arm-none-eabi/lib/thumb/v7e-m+fp/hard\libc_nano.a(libc_a-atoi.o)
                0x08015ff8                atoi
 .text._strtol_l.isra.0
                0x08016000       0xf4 C:/ST/STM32CubeIDE_1.6.1/STM32CubeIDE/plugins/com.st.stm32cube.ide.mcu.externaltools.gnu-tools-for-stm32.13.3.rel1.win32_1.0.0.202411081344/tools/bin/../lib/gcc/arm-none-eabi/13.3.1/../../../../arm-none-eabi/lib/thumb/v7e-m+fp/hard\libc_nano.a(libc_a-strtol.o)
 .text._strtol_r
                0x080160f4        0x4 C:/ST/STM32CubeIDE_1.6.1/STM32CubeIDE/plugins/com.st.stm32cube.ide.mcu.externaltools.gnu-tools-for-stm32.13.3.rel1.win32_1.0.0.202411081344/tools/bin/../lib/gcc/arm-none-eabi/13.3.1/../../../../arm-none-eabi/lib/thumb/v7e-m+fp/hard\libc_nano.a(libc_a-strtol.o)
                0x080160f4                _strtol_r
 .text.strtol   0x080160f8       0x14 C:/ST/STM32CubeIDE_1.6.1/STM32CubeIDE/plugins/com.st.stm32cube.ide.mcu.externaltools.gnu-tools-for-stm32.13.3.rel1.win32_1.0.0.202411081344/tools/bin/../lib/gcc/arm-none-eabi/13.3.1/../../../../arm-none-eabi/lib/thumb/v7e-m+fp/hard\libc_nano.a(libc_a-strtol.o)
                0x080160f8                strtol
 .text.sprintf  0x0801610c       0x44 C:/ST/STM32CubeIDE_1.6.1/STM32CubeIDE/plugins/com.st.stm32cube.ide.mcu.externaltools.gnu-tools-for-stm32.13.3.rel1.win32_1.0.0.202411081344/tools/bin/../lib/gcc/arm-none-eabi/13.3.1/../../../../arm-none-eabi/lib/thumb/v7e-m+fp/hard\libc_nano.a(libc_a-sprintf.o)
                0x0801610c                siprintf
                0x0801610c                sprintf
 .text.sscanf   0x08016150       0x58 C:/ST/STM32CubeIDE_1.6.1/STM32CubeIDE/plugins/com.st.stm32cube.ide.mcu.externaltools.gnu-tools-for-stm32.13.3.rel1.win32_1.0.0.202411081344/tools/bin/../lib/gcc/arm-none-eabi/13.3.1/../../../../arm-none-eabi/lib/thumb/v7e-m+fp/hard\libc_nano.a(libc_a-sscanf.o)
                0x08016150                siscanf
                0x08016150                sscanf
 .text.__seofread
                0x080161a8        0x4 C:/ST/STM32CubeIDE_1.6.1/STM32CubeIDE/plugins/com.st.stm32cube.ide.mcu.externaltools.gnu-tools-for-stm32.13.3.rel1.win32_1.0.0.202411081344/tools/bin/../lib/gcc/arm-none-eabi/13.3.1/../../../../arm-none-eabi/lib/thumb/v7e-m+fp/hard\libc_nano.a(libc_a-stdio.o)
                0x080161a8                __seofread
 .text.memcmp   0x080161ac       0x20 C:/ST/STM32CubeIDE_1.6.1/STM32CubeIDE/plugins/com.st.stm32cube.ide.mcu.externaltools.gnu-tools-for-stm32.13.3.rel1.win32_1.0.0.202411081344/tools/bin/../lib/gcc/arm-none-eabi/13.3.1/../../../../arm-none-eabi/lib/thumb/v7e-m+fp/hard\libc_nano.a(libc_a-memcmp.o)
                0x080161ac                memcmp
 .text.memset   0x080161cc       0x10 C:/ST/STM32CubeIDE_1.6.1/STM32CubeIDE/plugins/com.st.stm32cube.ide.mcu.externaltools.gnu-tools-for-stm32.13.3.rel1.win32_1.0.0.202411081344/tools/bin/../lib/gcc/arm-none-eabi/13.3.1/../../../../arm-none-eabi/lib/thumb/v7e-m+fp/hard\libc_nano.a(libc_a-memset.o)
                0x080161cc                memset
 .text.strchr   0x080161dc       0x1a C:/ST/STM32CubeIDE_1.6.1/STM32CubeIDE/plugins/com.st.stm32cube.ide.mcu.externaltools.gnu-tools-for-stm32.13.3.rel1.win32_1.0.0.202411081344/tools/bin/../lib/gcc/arm-none-eabi/13.3.1/../../../../arm-none-eabi/lib/thumb/v7e-m+fp/hard\libc_nano.a(libc_a-strchr.o)
                0x080161dc                strchr
 .text.strncmp  0x080161f6       0x24 C:/ST/STM32CubeIDE_1.6.1/STM32CubeIDE/plugins/com.st.stm32cube.ide.mcu.externaltools.gnu-tools-for-stm32.13.3.rel1.win32_1.0.0.202411081344/tools/bin/../lib/gcc/arm-none-eabi/13.3.1/../../../../arm-none-eabi/lib/thumb/v7e-m+fp/hard\libc_nano.a(libc_a-strncmp.o)
                0x080161f6                strncmp
 .text.strncpy  0x0801621a       0x26 C:/ST/STM32CubeIDE_1.6.1/STM32CubeIDE/plugins/com.st.stm32cube.ide.mcu.externaltools.gnu-tools-for-stm32.13.3.rel1.win32_1.0.0.202411081344/tools/bin/../lib/gcc/arm-none-eabi/13.3.1/../../../../arm-none-eabi/lib/thumb/v7e-m+fp/hard\libc_nano.a(libc_a-strncpy.o)
                0x0801621a                strncpy
 .text.strstr   0x08016240       0x2c C:/ST/STM32CubeIDE_1.6.1/STM32CubeIDE/plugins/com.st.stm32cube.ide.mcu.externaltools.gnu-tools-for-stm32.13.3.rel1.win32_1.0.0.202411081344/tools/bin/../lib/gcc/arm-none-eabi/13.3.1/../../../../arm-none-eabi/lib/thumb/v7e-m+fp/hard\libc_nano.a(libc_a-strstr.o)
                0x08016240                strstr
 .text.__errno  0x0801626c        0xc C:/ST/STM32CubeIDE_1.6.1/STM32CubeIDE/plugins/com.st.stm32cube.ide.mcu.externaltools.gnu-tools-for-stm32.13.3.rel1.win32_1.0.0.202411081344/tools/bin/../lib/gcc/arm-none-eabi/13.3.1/../../../../arm-none-eabi/lib/thumb/v7e-m+fp/hard\libc_nano.a(libc_a-errno.o)
                0x0801626c                __errno
 .text.__libc_init_array
                0x08016278       0x48 C:/ST/STM32CubeIDE_1.6.1/STM32CubeIDE/plugins/com.st.stm32cube.ide.mcu.externaltools.gnu-tools-for-stm32.13.3.rel1.win32_1.0.0.202411081344/tools/bin/../lib/gcc/arm-none-eabi/13.3.1/../../../../arm-none-eabi/lib/thumb/v7e-m+fp/hard\libc_nano.a(libc_a-init.o)
                0x08016278                __libc_init_array
 .text.__retarget_lock_acquire_recursive
                0x080162c0        0x2 C:/ST/STM32CubeIDE_1.6.1/STM32CubeIDE/plugins/com.st.stm32cube.ide.mcu.externaltools.gnu-tools-for-stm32.13.3.rel1.win32_1.0.0.202411081344/tools/bin/../lib/gcc/arm-none-eabi/13.3.1/../../../../arm-none-eabi/lib/thumb/v7e-m+fp/hard\libc_nano.a(libc_a-lock.o)
                0x080162c0                __retarget_lock_acquire_recursive
 .text.__retarget_lock_release_recursive
                0x080162c2        0x2 C:/ST/STM32CubeIDE_1.6.1/STM32CubeIDE/plugins/com.st.stm32cube.ide.mcu.externaltools.gnu-tools-for-stm32.13.3.rel1.win32_1.0.0.202411081344/tools/bin/../lib/gcc/arm-none-eabi/13.3.1/../../../../arm-none-eabi/lib/thumb/v7e-m+fp/hard\libc_nano.a(libc_a-lock.o)
                0x080162c2                __retarget_lock_release_recursive
 .text.strcpy   0x080162c4       0x10 C:/ST/STM32CubeIDE_1.6.1/STM32CubeIDE/plugins/com.st.stm32cube.ide.mcu.externaltools.gnu-tools-for-stm32.13.3.rel1.win32_1.0.0.202411081344/tools/bin/../lib/gcc/arm-none-eabi/13.3.1/../../../../arm-none-eabi/lib/thumb/v7e-m+fp/hard\libc_nano.a(libc_a-strcpy.o)
                0x080162c4                strcpy
 .text.memcpy   0x080162d4       0x1c C:/ST/STM32CubeIDE_1.6.1/STM32CubeIDE/plugins/com.st.stm32cube.ide.mcu.externaltools.gnu-tools-for-stm32.13.3.rel1.win32_1.0.0.202411081344/tools/bin/../lib/gcc/arm-none-eabi/13.3.1/../../../../arm-none-eabi/lib/thumb/v7e-m+fp/hard\libc_nano.a(libc_a-memcpy-stub.o)
                0x080162d4                memcpy
 .text._free_r  0x080162f0       0x94 C:/ST/STM32CubeIDE_1.6.1/STM32CubeIDE/plugins/com.st.stm32cube.ide.mcu.externaltools.gnu-tools-for-stm32.13.3.rel1.win32_1.0.0.202411081344/tools/bin/../lib/gcc/arm-none-eabi/13.3.1/../../../../arm-none-eabi/lib/thumb/v7e-m+fp/hard\libc_nano.a(libc_a-freer.o)
                0x080162f0                _free_r
 .text.sbrk_aligned
                0x08016384       0x44 C:/ST/STM32CubeIDE_1.6.1/STM32CubeIDE/plugins/com.st.stm32cube.ide.mcu.externaltools.gnu-tools-for-stm32.13.3.rel1.win32_1.0.0.202411081344/tools/bin/../lib/gcc/arm-none-eabi/13.3.1/../../../../arm-none-eabi/lib/thumb/v7e-m+fp/hard\libc_nano.a(libc_a-mallocr.o)
 .text._malloc_r
                0x080163c8      0x100 C:/ST/STM32CubeIDE_1.6.1/STM32CubeIDE/plugins/com.st.stm32cube.ide.mcu.externaltools.gnu-tools-for-stm32.13.3.rel1.win32_1.0.0.202411081344/tools/bin/../lib/gcc/arm-none-eabi/13.3.1/../../../../arm-none-eabi/lib/thumb/v7e-m+fp/hard\libc_nano.a(libc_a-mallocr.o)
                0x080163c8                _malloc_r
 .text.__malloc_lock
                0x080164c8        0xc C:/ST/STM32CubeIDE_1.6.1/STM32CubeIDE/plugins/com.st.stm32cube.ide.mcu.externaltools.gnu-tools-for-stm32.13.3.rel1.win32_1.0.0.202411081344/tools/bin/../lib/gcc/arm-none-eabi/13.3.1/../../../../arm-none-eabi/lib/thumb/v7e-m+fp/hard\libc_nano.a(libc_a-mlock.o)
                0x080164c8                __malloc_lock
 .text.__malloc_unlock
                0x080164d4        0xc C:/ST/STM32CubeIDE_1.6.1/STM32CubeIDE/plugins/com.st.stm32cube.ide.mcu.externaltools.gnu-tools-for-stm32.13.3.rel1.win32_1.0.0.202411081344/tools/bin/../lib/gcc/arm-none-eabi/13.3.1/../../../../arm-none-eabi/lib/thumb/v7e-m+fp/hard\libc_nano.a(libc_a-mlock.o)
                0x080164d4                __malloc_unlock
 .text.__ssputs_r
                0x080164e0       0xb6 C:/ST/STM32CubeIDE_1.6.1/STM32CubeIDE/plugins/com.st.stm32cube.ide.mcu.externaltools.gnu-tools-for-stm32.13.3.rel1.win32_1.0.0.202411081344/tools/bin/../lib/gcc/arm-none-eabi/13.3.1/../../../../arm-none-eabi/lib/thumb/v7e-m+fp/hard\libc_nano.a(libc_a-nano-svfprintf.o)
                0x080164e0                __ssputs_r
 *fill*         0x08016596        0x2 
 .text._svfprintf_r
                0x08016598      0x1f8 C:/ST/STM32CubeIDE_1.6.1/STM32CubeIDE/plugins/com.st.stm32cube.ide.mcu.externaltools.gnu-tools-for-stm32.13.3.rel1.win32_1.0.0.202411081344/tools/bin/../lib/gcc/arm-none-eabi/13.3.1/../../../../arm-none-eabi/lib/thumb/v7e-m+fp/hard\libc_nano.a(libc_a-nano-svfprintf.o)
                0x08016598                _svfiprintf_r
                0x08016598                _svfprintf_r
 .text._sungetc_r
                0x08016790       0x7a C:/ST/STM32CubeIDE_1.6.1/STM32CubeIDE/plugins/com.st.stm32cube.ide.mcu.externaltools.gnu-tools-for-stm32.13.3.rel1.win32_1.0.0.202411081344/tools/bin/../lib/gcc/arm-none-eabi/13.3.1/../../../../arm-none-eabi/lib/thumb/v7e-m+fp/hard\libc_nano.a(libc_a-nano-svfscanf.o)
                0x08016790                _sungetc_r
 .text.__ssrefill_r
                0x0801680a       0x3a C:/ST/STM32CubeIDE_1.6.1/STM32CubeIDE/plugins/com.st.stm32cube.ide.mcu.externaltools.gnu-tools-for-stm32.13.3.rel1.win32_1.0.0.202411081344/tools/bin/../lib/gcc/arm-none-eabi/13.3.1/../../../../arm-none-eabi/lib/thumb/v7e-m+fp/hard\libc_nano.a(libc_a-nano-svfscanf.o)
                0x0801680a                __ssrefill_r
 .text.__ssvfscanf_r
                0x08016844      0x2ec C:/ST/STM32CubeIDE_1.6.1/STM32CubeIDE/plugins/com.st.stm32cube.ide.mcu.externaltools.gnu-tools-for-stm32.13.3.rel1.win32_1.0.0.202411081344/tools/bin/../lib/gcc/arm-none-eabi/13.3.1/../../../../arm-none-eabi/lib/thumb/v7e-m+fp/hard\libc_nano.a(libc_a-nano-svfscanf.o)
                0x08016844                __ssvfiscanf_r
                0x08016844                __ssvfscanf_r
 .text._printf_common
                0x08016b30       0xda C:/ST/STM32CubeIDE_1.6.1/STM32CubeIDE/plugins/com.st.stm32cube.ide.mcu.externaltools.gnu-tools-for-stm32.13.3.rel1.win32_1.0.0.202411081344/tools/bin/../lib/gcc/arm-none-eabi/13.3.1/../../../../arm-none-eabi/lib/thumb/v7e-m+fp/hard\libc_nano.a(libc_a-nano-vfprintf_i.o)
                0x08016b30                _printf_common
 *fill*         0x08016c0a        0x2 
 .text._printf_i
                0x08016c0c      0x23c C:/ST/STM32CubeIDE_1.6.1/STM32CubeIDE/plugins/com.st.stm32cube.ide.mcu.externaltools.gnu-tools-for-stm32.13.3.rel1.win32_1.0.0.202411081344/tools/bin/../lib/gcc/arm-none-eabi/13.3.1/../../../../arm-none-eabi/lib/thumb/v7e-m+fp/hard\libc_nano.a(libc_a-nano-vfprintf_i.o)
                0x08016c0c                _printf_i
 .text._scanf_chars
                0x08016e48       0xb4 C:/ST/STM32CubeIDE_1.6.1/STM32CubeIDE/plugins/com.st.stm32cube.ide.mcu.externaltools.gnu-tools-for-stm32.13.3.rel1.win32_1.0.0.202411081344/tools/bin/../lib/gcc/arm-none-eabi/13.3.1/../../../../arm-none-eabi/lib/thumb/v7e-m+fp/hard\libc_nano.a(libc_a-nano-vfscanf_i.o)
                0x08016e48                _scanf_chars
 .text._scanf_i
                0x08016efc      0x1e8 C:/ST/STM32CubeIDE_1.6.1/STM32CubeIDE/plugins/com.st.stm32cube.ide.mcu.externaltools.gnu-tools-for-stm32.13.3.rel1.win32_1.0.0.202411081344/tools/bin/../lib/gcc/arm-none-eabi/13.3.1/../../../../arm-none-eabi/lib/thumb/v7e-m+fp/hard\libc_nano.a(libc_a-nano-vfscanf_i.o)
                0x08016efc                _scanf_i
 .text.__sccl   0x080170e4       0x72 C:/ST/STM32CubeIDE_1.6.1/STM32CubeIDE/plugins/com.st.stm32cube.ide.mcu.externaltools.gnu-tools-for-stm32.13.3.rel1.win32_1.0.0.202411081344/tools/bin/../lib/gcc/arm-none-eabi/13.3.1/../../../../arm-none-eabi/lib/thumb/v7e-m+fp/hard\libc_nano.a(libc_a-sccl.o)
                0x080170e4                __sccl
 .text.__submore
                0x08017156       0x74 C:/ST/STM32CubeIDE_1.6.1/STM32CubeIDE/plugins/com.st.stm32cube.ide.mcu.externaltools.gnu-tools-for-stm32.13.3.rel1.win32_1.0.0.202411081344/tools/bin/../lib/gcc/arm-none-eabi/13.3.1/../../../../arm-none-eabi/lib/thumb/v7e-m+fp/hard\libc_nano.a(libc_a-ungetc.o)
                0x08017156                __submore
 .text.memmove  0x080171ca       0x34 C:/ST/STM32CubeIDE_1.6.1/STM32CubeIDE/plugins/com.st.stm32cube.ide.mcu.externaltools.gnu-tools-for-stm32.13.3.rel1.win32_1.0.0.202411081344/tools/bin/../lib/gcc/arm-none-eabi/13.3.1/../../../../arm-none-eabi/lib/thumb/v7e-m+fp/hard\libc_nano.a(libc_a-memmove.o)
                0x080171ca                memmove
 *fill*         0x080171fe        0x2 
 .text._sbrk_r  0x08017200       0x20 C:/ST/STM32CubeIDE_1.6.1/STM32CubeIDE/plugins/com.st.stm32cube.ide.mcu.externaltools.gnu-tools-for-stm32.13.3.rel1.win32_1.0.0.202411081344/tools/bin/../lib/gcc/arm-none-eabi/13.3.1/../../../../arm-none-eabi/lib/thumb/v7e-m+fp/hard\libc_nano.a(libc_a-sbrkr.o)
                0x08017200                _sbrk_r
 .text._realloc_r
                0x08017220       0x5c C:/ST/STM32CubeIDE_1.6.1/STM32CubeIDE/plugins/com.st.stm32cube.ide.mcu.externaltools.gnu-tools-for-stm32.13.3.rel1.win32_1.0.0.202411081344/tools/bin/../lib/gcc/arm-none-eabi/13.3.1/../../../../arm-none-eabi/lib/thumb/v7e-m+fp/hard\libc_nano.a(libc_a-reallocr.o)
                0x08017220                _realloc_r
 .text._strtoul_l.isra.0
                0x0801727c       0xdc C:/ST/STM32CubeIDE_1.6.1/STM32CubeIDE/plugins/com.st.stm32cube.ide.mcu.externaltools.gnu-tools-for-stm32.13.3.rel1.win32_1.0.0.202411081344/tools/bin/../lib/gcc/arm-none-eabi/13.3.1/../../../../arm-none-eabi/lib/thumb/v7e-m+fp/hard\libc_nano.a(libc_a-strtoul.o)
 .text._strtoul_r
                0x08017358        0x4 C:/ST/STM32CubeIDE_1.6.1/STM32CubeIDE/plugins/com.st.stm32cube.ide.mcu.externaltools.gnu-tools-for-stm32.13.3.rel1.win32_1.0.0.202411081344/tools/bin/../lib/gcc/arm-none-eabi/13.3.1/../../../../arm-none-eabi/lib/thumb/v7e-m+fp/hard\libc_nano.a(libc_a-strtoul.o)
                0x08017358                _strtoul_r
 .text._malloc_usable_size_r
                0x0801735c       0x10 C:/ST/STM32CubeIDE_1.6.1/STM32CubeIDE/plugins/com.st.stm32cube.ide.mcu.externaltools.gnu-tools-for-stm32.13.3.rel1.win32_1.0.0.202411081344/tools/bin/../lib/gcc/arm-none-eabi/13.3.1/../../../../arm-none-eabi/lib/thumb/v7e-m+fp/hard\libc_nano.a(libc_a-msizer.o)
                0x0801735c                _malloc_usable_size_r
 *(.glue_7)
 .glue_7        0x0801736c        0x0 linker stubs
 *(.glue_7t)
 .glue_7t       0x0801736c        0x0 linker stubs
 *(.eh_frame)
 .eh_frame      0x0801736c        0x0 C:/ST/STM32CubeIDE_1.6.1/STM32CubeIDE/plugins/com.st.stm32cube.ide.mcu.externaltools.gnu-tools-for-stm32.13.3.rel1.win32_1.0.0.202411081344/tools/bin/../lib/gcc/arm-none-eabi/13.3.1/thumb/v7e-m+fp/hard/crtbegin.o
 *(.init)
 .init          0x0801736c        0x4 C:/ST/STM32CubeIDE_1.6.1/STM32CubeIDE/plugins/com.st.stm32cube.ide.mcu.externaltools.gnu-tools-for-stm32.13.3.rel1.win32_1.0.0.202411081344/tools/bin/../lib/gcc/arm-none-eabi/13.3.1/thumb/v7e-m+fp/hard/crti.o
                0x0801736c                _init
 .init          0x08017370        0x8 C:/ST/STM32CubeIDE_1.6.1/STM32CubeIDE/plugins/com.st.stm32cube.ide.mcu.externaltools.gnu-tools-for-stm32.13.3.rel1.win32_1.0.0.202411081344/tools/bin/../lib/gcc/arm-none-eabi/13.3.1/thumb/v7e-m+fp/hard/crtn.o
 *(.fini)
 .fini          0x08017378        0x4 C:/ST/STM32CubeIDE_1.6.1/STM32CubeIDE/plugins/com.st.stm32cube.ide.mcu.externaltools.gnu-tools-for-stm32.13.3.rel1.win32_1.0.0.202411081344/tools/bin/../lib/gcc/arm-none-eabi/13.3.1/thumb/v7e-m+fp/hard/crti.o
                0x08017378                _fini
 .fini          0x0801737c        0x8 C:/ST/STM32CubeIDE_1.6.1/STM32CubeIDE/plugins/com.st.stm32cube.ide.mcu.externaltools.gnu-tools-for-stm32.13.3.rel1.win32_1.0.0.202411081344/tools/bin/../lib/gcc/arm-none-eabi/13.3.1/thumb/v7e-m+fp/hard/crtn.o
                0x08017384                        . = ALIGN (0x4)
                0x08017384                        _etext = .

.vfp11_veneer   0x08017384        0x0
 .vfp11_veneer  0x08017384        0x0 linker stubs

.v4_bx          0x08017384        0x0
 .v4_bx         0x08017384        0x0 linker stubs

.iplt           0x08017384        0x0
 .iplt          0x08017384        0x0 C:/ST/STM32CubeIDE_1.6.1/STM32CubeIDE/plugins/com.st.stm32cube.ide.mcu.externaltools.gnu-tools-for-stm32.13.3.rel1.win32_1.0.0.202411081344/tools/bin/../lib/gcc/arm-none-eabi/13.3.1/thumb/v7e-m+fp/hard/crtbegin.o

.rodata         0x08017384      0x808
                0x08017384                        . = ALIGN (0x4)
 *(.rodata)
 .rodata        0x08017384       0x1f ./Core/Src/RTC.o
 *fill*         0x080173a3        0x1 
 .rodata        0x080173a4      0x2d6 ./Core/Src/SIM7000.o
 *fill*         0x0801767a        0x2 
 .rodata        0x0801767c       0x57 ./Core/Src/init.o
 *fill*         0x080176d3        0x1 
 .rodata        0x080176d4       0xa3 ./Core/Src/main.o
 *fill*         0x08017777        0x1 