../Core/Src/extflash_hal.c:102:6:extflash_cs_set	8	static
../Core/Src/extflash_hal.c:107:6:extflash_cs_reset	8	static
../Core/Src/extflash_hal.c:112:6:extflash_wp_set	8	static
../Core/Src/extflash_hal.c:117:6:extflash_wp_reset	8	static
../Core/Src/extflash_hal.c:123:6:extflash_hard_reset	8	static
../Core/Src/extflash_hal.c:136:9:extflash_send_cmd	40	static
../Core/Src/extflash_hal.c:187:5:extflash_read_status	40	static
../Core/Src/extflash_hal.c:202:5:extflash_read_extended_read_reg	40	static
../Core/Src/extflash_hal.c:216:5:extflash_clear_extended_read_reg	32	static
../Core/Src/extflash_hal.c:225:5:extflash_write_status	40	static
../Core/Src/extflash_hal.c:239:5:extflash_set_write_protection	40	static
../Core/Src/extflash_hal.c:248:5:extflash_read_sfdp	48	static
../Core/Src/extflash_hal.c:263:5:extflash_raw_read	48	static
../Core/Src/extflash_hal.c:278:5:extflash_raw_erase	40	static
../Core/Src/extflash_hal.c:289:5:extflash_raw_page_write	40	static
../Core/Src/extflash_hal.c:303:5:extflash_sector_read	48	static
../Core/Src/extflash_hal.c:334:5:extflash_wait_for_wop	24	static
../Core/Src/extflash_hal.c:356:5:extflash_sector_write	40	static
../Core/Src/extflash_hal.c:404:14:extflash_get_sector_size	4	static
../Core/Src/extflash_hal.c:409:14:extflash_get_sector_count	4	static
../Core/Src/extflash_hal.c:415:14:extflash_get_size	4	static
../Core/Src/extflash_hal.c:420:5:extflash_is_initialized	4	static
../Core/Src/extflash_hal.c:425:5:extflash_init	40	static
