../Core/Src/lsm6dsv16x_reg.c:49:16:lsm6dsv16x_read_reg	40	static
../Core/Src/lsm6dsv16x_reg.c:70:16:lsm6dsv16x_write_reg	40	static
../Core/Src/lsm6dsv16x_reg.c:93:13:bytecpy	16	static
../Core/Src/lsm6dsv16x_reg.c:112:9:lsm6dsv16x_from_sflp_to_mg	16	static
../Core/Src/lsm6dsv16x_reg.c:117:9:lsm6dsv16x_from_fs2_to_mg	16	static
../Core/Src/lsm6dsv16x_reg.c:122:9:lsm6dsv16x_from_fs4_to_mg	16	static
../Core/Src/lsm6dsv16x_reg.c:127:9:lsm6dsv16x_from_fs8_to_mg	16	static
../Core/Src/lsm6dsv16x_reg.c:132:9:lsm6dsv16x_from_fs16_to_mg	16	static
../Core/Src/lsm6dsv16x_reg.c:137:9:lsm6dsv16x_from_fs125_to_mdps	16	static
../Core/Src/lsm6dsv16x_reg.c:142:9:lsm6dsv16x_from_fs250_to_mdps	16	static
../Core/Src/lsm6dsv16x_reg.c:147:9:lsm6dsv16x_from_fs500_to_mdps	16	static
../Core/Src/lsm6dsv16x_reg.c:152:9:lsm6dsv16x_from_fs1000_to_mdps	16	static
../Core/Src/lsm6dsv16x_reg.c:157:9:lsm6dsv16x_from_fs2000_to_mdps	16	static
../Core/Src/lsm6dsv16x_reg.c:162:9:lsm6dsv16x_from_fs4000_to_mdps	16	static
../Core/Src/lsm6dsv16x_reg.c:167:9:lsm6dsv16x_from_lsb_to_celsius	16	static
../Core/Src/lsm6dsv16x_reg.c:172:9:lsm6dsv16x_from_lsb_to_nsec	16	static
../Core/Src/lsm6dsv16x_reg.c:198:9:lsm6dsv16x_xl_offset_on_out_set	24	static
../Core/Src/lsm6dsv16x_reg.c:221:9:lsm6dsv16x_xl_offset_on_out_get	24	static
../Core/Src/lsm6dsv16x_reg.c:240:9:lsm6dsv16x_xl_offset_mg_set	56	static
../Core/Src/lsm6dsv16x_reg.c:310:9:lsm6dsv16x_xl_offset_mg_get	40	static
../Core/Src/lsm6dsv16x_reg.c:354:9:lsm6dsv16x_reset_set	32	static
../Core/Src/lsm6dsv16x_reg.c:382:9:lsm6dsv16x_reset_get	32	static
../Core/Src/lsm6dsv16x_reg.c:426:9:lsm6dsv16x_mem_bank_set	24	static
../Core/Src/lsm6dsv16x_reg.c:449:9:lsm6dsv16x_mem_bank_get	24	static
../Core/Src/lsm6dsv16x_reg.c:488:9:lsm6dsv16x_device_id_get	24	static
../Core/Src/lsm6dsv16x_reg.c:505:9:lsm6dsv16x_xl_data_rate_set	32	static
../Core/Src/lsm6dsv16x_reg.c:539:9:lsm6dsv16x_xl_data_rate_get	32	static
../Core/Src/lsm6dsv16x_reg.c:733:9:lsm6dsv16x_xl_mode_set	24	static
../Core/Src/lsm6dsv16x_reg.c:757:9:lsm6dsv16x_xl_mode_get	24	static
../Core/Src/lsm6dsv16x_reg.c:811:9:lsm6dsv16x_gy_data_rate_set	32	static
../Core/Src/lsm6dsv16x_reg.c:843:9:lsm6dsv16x_gy_data_rate_get	32	static
../Core/Src/lsm6dsv16x_reg.c:1037:9:lsm6dsv16x_gy_mode_set	24	static
../Core/Src/lsm6dsv16x_reg.c:1060:9:lsm6dsv16x_gy_mode_get	24	static
../Core/Src/lsm6dsv16x_reg.c:1102:9:lsm6dsv16x_auto_increment_set	24	static
../Core/Src/lsm6dsv16x_reg.c:1125:9:lsm6dsv16x_auto_increment_get	24	static
../Core/Src/lsm6dsv16x_reg.c:1144:9:lsm6dsv16x_block_data_update_set	24	static
../Core/Src/lsm6dsv16x_reg.c:1168:9:lsm6dsv16x_block_data_update_get	24	static
../Core/Src/lsm6dsv16x_reg.c:1187:9:lsm6dsv16x_odr_trig_cfg_set	24	static
../Core/Src/lsm6dsv16x_reg.c:1215:9:lsm6dsv16x_odr_trig_cfg_get	24	static
../Core/Src/lsm6dsv16x_reg.c:1234:9:lsm6dsv16x_data_ready_mode_set	24	static
../Core/Src/lsm6dsv16x_reg.c:1259:9:lsm6dsv16x_data_ready_mode_get	24	static
../Core/Src/lsm6dsv16x_reg.c:1293:9:lsm6dsv16x_interrupt_enable_set	32	static
../Core/Src/lsm6dsv16x_reg.c:1320:9:lsm6dsv16x_interrupt_enable_get	32	static
../Core/Src/lsm6dsv16x_reg.c:1345:9:lsm6dsv16x_gy_full_scale_set	24	static
../Core/Src/lsm6dsv16x_reg.c:1370:9:lsm6dsv16x_gy_full_scale_get	24	static
../Core/Src/lsm6dsv16x_reg.c:1421:9:lsm6dsv16x_xl_full_scale_set	24	static
../Core/Src/lsm6dsv16x_reg.c:1446:9:lsm6dsv16x_xl_full_scale_get	24	static
../Core/Src/lsm6dsv16x_reg.c:1489:9:lsm6dsv16x_xl_dual_channel_set	24	static
../Core/Src/lsm6dsv16x_reg.c:1513:9:lsm6dsv16x_xl_dual_channel_get	24	static
../Core/Src/lsm6dsv16x_reg.c:1532:9:lsm6dsv16x_xl_self_test_set	24	static
../Core/Src/lsm6dsv16x_reg.c:1557:9:lsm6dsv16x_xl_self_test_get	24	static
../Core/Src/lsm6dsv16x_reg.c:1596:9:lsm6dsv16x_gy_self_test_set	24	static
../Core/Src/lsm6dsv16x_reg.c:1621:9:lsm6dsv16x_gy_self_test_get	24	static
../Core/Src/lsm6dsv16x_reg.c:1660:9:lsm6dsv16x_ois_xl_self_test_set	24	static
../Core/Src/lsm6dsv16x_reg.c:1685:9:lsm6dsv16x_ois_xl_self_test_get	24	static
../Core/Src/lsm6dsv16x_reg.c:1724:9:lsm6dsv16x_ois_gy_self_test_set	24	static
../Core/Src/lsm6dsv16x_reg.c:1750:9:lsm6dsv16x_ois_gy_self_test_get	24	static
../Core/Src/lsm6dsv16x_reg.c:1797:9:lsm6dsv16x_pin_int1_route_set	32	static
../Core/Src/lsm6dsv16x_reg.c:1842:9:lsm6dsv16x_pin_int1_route_get	32	static
../Core/Src/lsm6dsv16x_reg.c:1882:9:lsm6dsv16x_pin_int2_route_set	32	static
../Core/Src/lsm6dsv16x_reg.c:1929:9:lsm6dsv16x_pin_int2_route_get	32	static
../Core/Src/lsm6dsv16x_reg.c:1976:9:lsm6dsv16x_all_sources_get	88	static
../Core/Src/lsm6dsv16x_reg.c:2111:9:lsm6dsv16x_flag_data_ready_get	24	static
../Core/Src/lsm6dsv16x_reg.c:2135:9:lsm6dsv16x_int_ack_mask_set	24	static
../Core/Src/lsm6dsv16x_reg.c:2152:9:lsm6dsv16x_int_ack_mask_get	24	static
../Core/Src/lsm6dsv16x_reg.c:2169:9:lsm6dsv16x_temperature_raw_get	24	static
../Core/Src/lsm6dsv16x_reg.c:2191:9:lsm6dsv16x_angular_rate_raw_get	32	static
../Core/Src/lsm6dsv16x_reg.c:2217:9:lsm6dsv16x_ois_angular_rate_raw_get	32	static
../Core/Src/lsm6dsv16x_reg.c:2243:9:lsm6dsv16x_ois_eis_angular_rate_raw_get	32	static
../Core/Src/lsm6dsv16x_reg.c:2269:9:lsm6dsv16x_acceleration_raw_get	32	static
../Core/Src/lsm6dsv16x_reg.c:2295:9:lsm6dsv16x_dual_acceleration_raw_get	32	static
../Core/Src/lsm6dsv16x_reg.c:2321:9:lsm6dsv16x_ah_qvar_raw_get	24	static
../Core/Src/lsm6dsv16x_reg.c:2343:9:lsm6dsv16x_odr_cal_reg_get	24	static
../Core/Src/lsm6dsv16x_reg.c:2362:9:lsm6dsv16x_ln_pg_write	48	static
../Core/Src/lsm6dsv16x_reg.c:2452:9:lsm6dsv16x_ln_pg_read	48	static
../Core/Src/lsm6dsv16x_reg.c:2535:9:lsm6dsv16x_emb_function_dbg_set	24	static
../Core/Src/lsm6dsv16x_reg.c:2559:9:lsm6dsv16x_emb_function_dbg_get	24	static
../Core/Src/lsm6dsv16x_reg.c:2593:9:lsm6dsv16x_den_polarity_set	24	static
../Core/Src/lsm6dsv16x_reg.c:2618:9:lsm6dsv16x_den_polarity_get	24	static
../Core/Src/lsm6dsv16x_reg.c:2653:9:lsm6dsv16x_den_conf_set	24	static
../Core/Src/lsm6dsv16x_reg.c:2708:9:lsm6dsv16x_den_conf_get	24	static
../Core/Src/lsm6dsv16x_reg.c:2782:9:lsm6dsv16x_eis_gy_full_scale_set	24	static
../Core/Src/lsm6dsv16x_reg.c:2807:9:lsm6dsv16x_eis_gy_full_scale_get	24	static
../Core/Src/lsm6dsv16x_reg.c:2853:9:lsm6dsv16x_eis_gy_on_spi2_set	24	static
../Core/Src/lsm6dsv16x_reg.c:2877:9:lsm6dsv16x_eis_gy_on_spi2_get	24	static
../Core/Src/lsm6dsv16x_reg.c:2896:9:lsm6dsv16x_gy_eis_data_rate_set	24	static
../Core/Src/lsm6dsv16x_reg.c:2921:9:lsm6dsv16x_gy_eis_data_rate_get	24	static
../Core/Src/lsm6dsv16x_reg.c:2972:9:lsm6dsv16x_fifo_watermark_set	24	static
../Core/Src/lsm6dsv16x_reg.c:2996:9:lsm6dsv16x_fifo_watermark_get	24	static
../Core/Src/lsm6dsv16x_reg.c:3015:9:lsm6dsv16x_fifo_xl_dual_fsm_batch_set	24	static
../Core/Src/lsm6dsv16x_reg.c:3038:9:lsm6dsv16x_fifo_xl_dual_fsm_batch_get	24	static
../Core/Src/lsm6dsv16x_reg.c:3057:9:lsm6dsv16x_fifo_compress_algo_set	24	static
../Core/Src/lsm6dsv16x_reg.c:3081:9:lsm6dsv16x_fifo_compress_algo_get	24	static
../Core/Src/lsm6dsv16x_reg.c:3123:9:lsm6dsv16x_fifo_virtual_sens_odr_chg_set	24	static
../Core/Src/lsm6dsv16x_reg.c:3146:9:lsm6dsv16x_fifo_virtual_sens_odr_chg_get	24	static
../Core/Src/lsm6dsv16x_reg.c:3166:9:lsm6dsv16x_fifo_compress_algo_real_time_set	32	static
../Core/Src/lsm6dsv16x_reg.c:3198:9:lsm6dsv16x_fifo_compress_algo_real_time_get	24	static
../Core/Src/lsm6dsv16x_reg.c:3219:9:lsm6dsv16x_fifo_stop_on_wtm_set	24	static
../Core/Src/lsm6dsv16x_reg.c:3242:9:lsm6dsv16x_fifo_stop_on_wtm_get	24	static
../Core/Src/lsm6dsv16x_reg.c:3261:9:lsm6dsv16x_fifo_xl_batch_set	24	static
../Core/Src/lsm6dsv16x_reg.c:3285:9:lsm6dsv16x_fifo_xl_batch_get	24	static
../Core/Src/lsm6dsv16x_reg.c:3364:9:lsm6dsv16x_fifo_gy_batch_set	24	static
../Core/Src/lsm6dsv16x_reg.c:3388:9:lsm6dsv16x_fifo_gy_batch_get	24	static
../Core/Src/lsm6dsv16x_reg.c:3467:9:lsm6dsv16x_fifo_mode_set	24	static
../Core/Src/lsm6dsv16x_reg.c:3490:9:lsm6dsv16x_fifo_mode_get	24	static
../Core/Src/lsm6dsv16x_reg.c:3543:9:lsm6dsv16x_fifo_gy_eis_batch_set	24	static
../Core/Src/lsm6dsv16x_reg.c:3566:9:lsm6dsv16x_fifo_gy_eis_batch_get	24	static
../Core/Src/lsm6dsv16x_reg.c:3585:9:lsm6dsv16x_fifo_temp_batch_set	24	static
../Core/Src/lsm6dsv16x_reg.c:3609:9:lsm6dsv16x_fifo_temp_batch_get	24	static
../Core/Src/lsm6dsv16x_reg.c:3651:9:lsm6dsv16x_fifo_timestamp_batch_set	24	static
../Core/Src/lsm6dsv16x_reg.c:3675:9:lsm6dsv16x_fifo_timestamp_batch_get	24	static
../Core/Src/lsm6dsv16x_reg.c:3718:9:lsm6dsv16x_fifo_batch_counter_threshold_set	24	static
../Core/Src/lsm6dsv16x_reg.c:3739:9:lsm6dsv16x_fifo_batch_counter_threshold_get	24	static
../Core/Src/lsm6dsv16x_reg.c:3762:9:lsm6dsv16x_fifo_batch_cnt_event_set	24	static
../Core/Src/lsm6dsv16x_reg.c:3786:9:lsm6dsv16x_fifo_batch_cnt_event_get	24	static
../Core/Src/lsm6dsv16x_reg.c:3817:9:lsm6dsv16x_fifo_status_get	32	static
../Core/Src/lsm6dsv16x_reg.c:3856:9:lsm6dsv16x_fifo_out_raw_get	32	static
../Core/Src/lsm6dsv16x_reg.c:4007:9:lsm6dsv16x_fifo_stpcnt_batch_set	24	static
../Core/Src/lsm6dsv16x_reg.c:4032:9:lsm6dsv16x_fifo_stpcnt_batch_get	24	static
../Core/Src/lsm6dsv16x_reg.c:4056:9:lsm6dsv16x_fifo_mlc_batch_set	24	static
../Core/Src/lsm6dsv16x_reg.c:4081:9:lsm6dsv16x_fifo_mlc_batch_get	24	static
../Core/Src/lsm6dsv16x_reg.c:4105:9:lsm6dsv16x_fifo_mlc_filt_batch_set	24	static
../Core/Src/lsm6dsv16x_reg.c:4130:9:lsm6dsv16x_fifo_mlc_filt_batch_get	24	static
../Core/Src/lsm6dsv16x_reg.c:4154:9:lsm6dsv16x_fifo_sh_batch_slave_set	24	static
../Core/Src/lsm6dsv16x_reg.c:4179:9:lsm6dsv16x_fifo_sh_batch_slave_get	32	static
../Core/Src/lsm6dsv16x_reg.c:4203:9:lsm6dsv16x_fifo_sflp_batch_set	24	static
../Core/Src/lsm6dsv16x_reg.c:4233:9:lsm6dsv16x_fifo_sflp_batch_get	24	static
../Core/Src/lsm6dsv16x_reg.c:4275:9:lsm6dsv16x_filt_anti_spike_set	24	static
../Core/Src/lsm6dsv16x_reg.c:4300:9:lsm6dsv16x_filt_anti_spike_get	24	static
../Core/Src/lsm6dsv16x_reg.c:4335:9:lsm6dsv16x_filt_settling_mask_set	32	static
../Core/Src/lsm6dsv16x_reg.c:4369:9:lsm6dsv16x_filt_settling_mask_get	32	static
../Core/Src/lsm6dsv16x_reg.c:4396:9:lsm6dsv16x_filt_ois_settling_mask_set	24	static
../Core/Src/lsm6dsv16x_reg.c:4421:9:lsm6dsv16x_filt_ois_settling_mask_get	24	static
../Core/Src/lsm6dsv16x_reg.c:4442:9:lsm6dsv16x_filt_gy_lp1_bandwidth_set	24	static
../Core/Src/lsm6dsv16x_reg.c:4466:9:lsm6dsv16x_filt_gy_lp1_bandwidth_get	24	static
../Core/Src/lsm6dsv16x_reg.c:4525:9:lsm6dsv16x_filt_gy_lp1_set	24	static
../Core/Src/lsm6dsv16x_reg.c:4549:9:lsm6dsv16x_filt_gy_lp1_get	24	static
../Core/Src/lsm6dsv16x_reg.c:4568:9:lsm6dsv16x_filt_xl_lp2_bandwidth_set	24	static
../Core/Src/lsm6dsv16x_reg.c:4592:9:lsm6dsv16x_filt_xl_lp2_bandwidth_get	24	static
../Core/Src/lsm6dsv16x_reg.c:4651:9:lsm6dsv16x_filt_xl_lp2_set	24	static
../Core/Src/lsm6dsv16x_reg.c:4674:9:lsm6dsv16x_filt_xl_lp2_get	24	static
../Core/Src/lsm6dsv16x_reg.c:4693:9:lsm6dsv16x_filt_xl_hp_set	24	static
../Core/Src/lsm6dsv16x_reg.c:4716:9:lsm6dsv16x_filt_xl_hp_get	24	static
../Core/Src/lsm6dsv16x_reg.c:4735:9:lsm6dsv16x_filt_xl_fast_settling_set	24	static
../Core/Src/lsm6dsv16x_reg.c:4758:9:lsm6dsv16x_filt_xl_fast_settling_get	24	static
../Core/Src/lsm6dsv16x_reg.c:4777:9:lsm6dsv16x_filt_xl_hp_mode_set	24	static
../Core/Src/lsm6dsv16x_reg.c:4801:9:lsm6dsv16x_filt_xl_hp_mode_get	24	static
../Core/Src/lsm6dsv16x_reg.c:4836:9:lsm6dsv16x_filt_wkup_act_feed_set	32	static
../Core/Src/lsm6dsv16x_reg.c:4865:9:lsm6dsv16x_filt_wkup_act_feed_get	32	static
../Core/Src/lsm6dsv16x_reg.c:4906:9:lsm6dsv16x_mask_trigger_xl_settl_set	24	static
../Core/Src/lsm6dsv16x_reg.c:4930:9:lsm6dsv16x_mask_trigger_xl_settl_get	24	static
../Core/Src/lsm6dsv16x_reg.c:4949:9:lsm6dsv16x_filt_sixd_feed_set	24	static
../Core/Src/lsm6dsv16x_reg.c:4974:9:lsm6dsv16x_filt_sixd_feed_get	24	static
../Core/Src/lsm6dsv16x_reg.c:5009:9:lsm6dsv16x_filt_gy_eis_lp_bandwidth_set	24	static
../Core/Src/lsm6dsv16x_reg.c:5034:9:lsm6dsv16x_filt_gy_eis_lp_bandwidth_get	24	static
../Core/Src/lsm6dsv16x_reg.c:5069:9:lsm6dsv16x_filt_gy_ois_lp_bandwidth_set	24	static
../Core/Src/lsm6dsv16x_reg.c:5094:9:lsm6dsv16x_filt_gy_ois_lp_bandwidth_get	24	static
../Core/Src/lsm6dsv16x_reg.c:5138:9:lsm6dsv16x_filt_xl_ois_lp_bandwidth_set	24	static
../Core/Src/lsm6dsv16x_reg.c:5163:9:lsm6dsv16x_filt_xl_ois_lp_bandwidth_get	24	static
../Core/Src/lsm6dsv16x_reg.c:5235:9:lsm6dsv16x_fsm_permission_set	24	static
../Core/Src/lsm6dsv16x_reg.c:5260:9:lsm6dsv16x_fsm_permission_get	24	static
../Core/Src/lsm6dsv16x_reg.c:5295:9:lsm6dsv16x_fsm_permission_status	24	static
../Core/Src/lsm6dsv16x_reg.c:5315:9:lsm6dsv16x_fsm_mode_set	32	static
../Core/Src/lsm6dsv16x_reg.c:5364:9:lsm6dsv16x_fsm_mode_get	24	static
../Core/Src/lsm6dsv16x_reg.c:5394:9:lsm6dsv16x_fsm_long_cnt_set	24	static
../Core/Src/lsm6dsv16x_reg.c:5417:9:lsm6dsv16x_fsm_long_cnt_get	24	static
../Core/Src/lsm6dsv16x_reg.c:5441:9:lsm6dsv16x_fsm_out_get	24	static
../Core/Src/lsm6dsv16x_reg.c:5460:9:lsm6dsv16x_fsm_data_rate_set	24	static
../Core/Src/lsm6dsv16x_reg.c:5487:9:lsm6dsv16x_fsm_data_rate_get	24	static
../Core/Src/lsm6dsv16x_reg.c:5544:17:npy_floatbits_to_halfbits	40	static
../Core/Src/lsm6dsv16x_reg.c:5682:17:npy_float_to_half	24	static
../Core/Src/lsm6dsv16x_reg.c:5703:9:lsm6dsv16x_sflp_game_gbias_set	80	static
../Core/Src/lsm6dsv16x_reg.c:5862:9:lsm6dsv16x_fsm_ext_sens_sensitivity_set	24	static
../Core/Src/lsm6dsv16x_reg.c:5882:9:lsm6dsv16x_fsm_ext_sens_sensitivity_get	24	static
../Core/Src/lsm6dsv16x_reg.c:5905:9:lsm6dsv16x_fsm_ext_sens_offset_set	40	static
../Core/Src/lsm6dsv16x_reg.c:5930:9:lsm6dsv16x_fsm_ext_sens_offset_get	32	static
../Core/Src/lsm6dsv16x_reg.c:5957:9:lsm6dsv16x_fsm_ext_sens_matrix_set	40	static
../Core/Src/lsm6dsv16x_reg.c:5988:9:lsm6dsv16x_fsm_ext_sens_matrix_get	32	static
../Core/Src/lsm6dsv16x_reg.c:6021:9:lsm6dsv16x_fsm_ext_sens_z_orient_set	24	static
../Core/Src/lsm6dsv16x_reg.c:6042:9:lsm6dsv16x_fsm_ext_sens_z_orient_get	24	static
../Core/Src/lsm6dsv16x_reg.c:6093:9:lsm6dsv16x_fsm_ext_sens_y_orient_set	24	static
../Core/Src/lsm6dsv16x_reg.c:6117:9:lsm6dsv16x_fsm_ext_sens_y_orient_get	24	static
../Core/Src/lsm6dsv16x_reg.c:6168:9:lsm6dsv16x_fsm_ext_sens_x_orient_set	24	static
../Core/Src/lsm6dsv16x_reg.c:6192:9:lsm6dsv16x_fsm_ext_sens_x_orient_get	24	static
../Core/Src/lsm6dsv16x_reg.c:6243:9:lsm6dsv16x_fsm_long_cnt_timeout_set	24	static
../Core/Src/lsm6dsv16x_reg.c:6263:9:lsm6dsv16x_fsm_long_cnt_timeout_get	24	static
../Core/Src/lsm6dsv16x_reg.c:6285:9:lsm6dsv16x_fsm_number_of_programs_set	24	static
../Core/Src/lsm6dsv16x_reg.c:6308:9:lsm6dsv16x_fsm_number_of_programs_get	24	static
../Core/Src/lsm6dsv16x_reg.c:6327:9:lsm6dsv16x_fsm_start_address_set	24	static
../Core/Src/lsm6dsv16x_reg.c:6347:9:lsm6dsv16x_fsm_start_address_get	24	static
../Core/Src/lsm6dsv16x_reg.c:6382:9:lsm6dsv16x_ff_time_windows_set	32	static
../Core/Src/lsm6dsv16x_reg.c:6408:9:lsm6dsv16x_ff_time_windows_get	32	static
../Core/Src/lsm6dsv16x_reg.c:6430:9:lsm6dsv16x_ff_thresholds_set	24	static
../Core/Src/lsm6dsv16x_reg.c:6454:9:lsm6dsv16x_ff_thresholds_get	24	static
../Core/Src/lsm6dsv16x_reg.c:6526:9:lsm6dsv16x_mlc_set	32	static
../Core/Src/lsm6dsv16x_reg.c:6572:9:lsm6dsv16x_mlc_get	32	static
../Core/Src/lsm6dsv16x_reg.c:6614:9:lsm6dsv16x_mlc_data_rate_set	24	static
../Core/Src/lsm6dsv16x_reg.c:6641:9:lsm6dsv16x_mlc_data_rate_get	24	static
../Core/Src/lsm6dsv16x_reg.c:6698:9:lsm6dsv16x_mlc_out_get	24	static
../Core/Src/lsm6dsv16x_reg.c:6720:9:lsm6dsv16x_mlc_ext_sens_sensitivity_set	24	static
../Core/Src/lsm6dsv16x_reg.c:6741:9:lsm6dsv16x_mlc_ext_sens_sensitivity_get	24	static
../Core/Src/lsm6dsv16x_reg.c:6777:9:lsm6dsv16x_ois_ctrl_mode_set	24	static
../Core/Src/lsm6dsv16x_reg.c:6801:9:lsm6dsv16x_ois_ctrl_mode_get	24	static
../Core/Src/lsm6dsv16x_reg.c:6836:9:lsm6dsv16x_ois_reset_set	24	static
../Core/Src/lsm6dsv16x_reg.c:6859:9:lsm6dsv16x_ois_reset_get	24	static
../Core/Src/lsm6dsv16x_reg.c:6878:9:lsm6dsv16x_ois_interface_pull_up_set	24	static
../Core/Src/lsm6dsv16x_reg.c:6901:9:lsm6dsv16x_ois_interface_pull_up_get	24	static
../Core/Src/lsm6dsv16x_reg.c:6920:9:lsm6dsv16x_ois_handshake_from_ui_set	24	static
../Core/Src/lsm6dsv16x_reg.c:6945:9:lsm6dsv16x_ois_handshake_from_ui_get	24	static
../Core/Src/lsm6dsv16x_reg.c:6968:9:lsm6dsv16x_ois_handshake_from_ois_set	24	static
../Core/Src/lsm6dsv16x_reg.c:6993:9:lsm6dsv16x_ois_handshake_from_ois_get	24	static
../Core/Src/lsm6dsv16x_reg.c:7016:9:lsm6dsv16x_ois_shared_set	24	static
../Core/Src/lsm6dsv16x_reg.c:7033:9:lsm6dsv16x_ois_shared_get	24	static
../Core/Src/lsm6dsv16x_reg.c:7050:9:lsm6dsv16x_ois_on_spi2_set	24	static
../Core/Src/lsm6dsv16x_reg.c:7073:9:lsm6dsv16x_ois_on_spi2_get	24	static
../Core/Src/lsm6dsv16x_reg.c:7092:9:lsm6dsv16x_ois_chain_set	24	static
../Core/Src/lsm6dsv16x_reg.c:7116:9:lsm6dsv16x_ois_chain_get	24	static
../Core/Src/lsm6dsv16x_reg.c:7138:9:lsm6dsv16x_ois_gy_full_scale_set	24	static
../Core/Src/lsm6dsv16x_reg.c:7162:9:lsm6dsv16x_ois_gy_full_scale_get	24	static
../Core/Src/lsm6dsv16x_reg.c:7209:9:lsm6dsv16x_ois_xl_full_scale_set	24	static
../Core/Src/lsm6dsv16x_reg.c:7233:9:lsm6dsv16x_ois_xl_full_scale_get	24	static
../Core/Src/lsm6dsv16x_reg.c:7289:9:lsm6dsv16x_6d_threshold_set	24	static
../Core/Src/lsm6dsv16x_reg.c:7313:9:lsm6dsv16x_6d_threshold_get	24	static
../Core/Src/lsm6dsv16x_reg.c:7356:9:lsm6dsv16x_4d_mode_set	24	static
../Core/Src/lsm6dsv16x_reg.c:7379:9:lsm6dsv16x_4d_mode_get	24	static
../Core/Src/lsm6dsv16x_reg.c:7411:9:lsm6dsv16x_ah_qvar_zin_set	24	static
../Core/Src/lsm6dsv16x_reg.c:7435:9:lsm6dsv16x_ah_qvar_zin_get	24	static
../Core/Src/lsm6dsv16x_reg.c:7478:9:lsm6dsv16x_ah_qvar_mode_set	24	static
../Core/Src/lsm6dsv16x_reg.c:7502:9:lsm6dsv16x_ah_qvar_mode_get	24	static
../Core/Src/lsm6dsv16x_reg.c:7535:9:lsm6dsv16x_i3c_reset_mode_set	24	static
../Core/Src/lsm6dsv16x_reg.c:7559:9:lsm6dsv16x_i3c_reset_mode_get	24	static
../Core/Src/lsm6dsv16x_reg.c:7594:9:lsm6dsv16x_i3c_ibi_time_set	24	static
../Core/Src/lsm6dsv16x_reg.c:7618:9:lsm6dsv16x_i3c_ibi_time_get	24	static
../Core/Src/lsm6dsv16x_reg.c:7674:9:lsm6dsv16x_sh_master_interface_pull_up_set	24	static
../Core/Src/lsm6dsv16x_reg.c:7698:9:lsm6dsv16x_sh_master_interface_pull_up_get	24	static
../Core/Src/lsm6dsv16x_reg.c:7718:9:lsm6dsv16x_sh_read_data_raw_get	32	static
../Core/Src/lsm6dsv16x_reg.c:7738:9:lsm6dsv16x_sh_slave_connected_set	24	static
../Core/Src/lsm6dsv16x_reg.c:7765:9:lsm6dsv16x_sh_slave_connected_get	24	static
../Core/Src/lsm6dsv16x_reg.c:7810:9:lsm6dsv16x_sh_master_set	24	static
../Core/Src/lsm6dsv16x_reg.c:7836:9:lsm6dsv16x_sh_master_get	24	static
../Core/Src/lsm6dsv16x_reg.c:7859:9:lsm6dsv16x_sh_pass_through_set	24	static
../Core/Src/lsm6dsv16x_reg.c:7885:9:lsm6dsv16x_sh_pass_through_get	24	static
../Core/Src/lsm6dsv16x_reg.c:7908:9:lsm6dsv16x_sh_syncro_mode_set	24	static
../Core/Src/lsm6dsv16x_reg.c:7935:9:lsm6dsv16x_sh_syncro_mode_get	24	static
../Core/Src/lsm6dsv16x_reg.c:7972:9:lsm6dsv16x_sh_write_mode_set	24	static
../Core/Src/lsm6dsv16x_reg.c:7999:9:lsm6dsv16x_sh_write_mode_get	24	static
../Core/Src/lsm6dsv16x_reg.c:8036:9:lsm6dsv16x_sh_reset_set	24	static
../Core/Src/lsm6dsv16x_reg.c:8062:9:lsm6dsv16x_sh_reset_get	24	static
../Core/Src/lsm6dsv16x_reg.c:8088:9:lsm6dsv16x_sh_cfg_write	24	static
../Core/Src/lsm6dsv16x_reg.c:8123:9:lsm6dsv16x_sh_data_rate_set	24	static
../Core/Src/lsm6dsv16x_reg.c:8150:9:lsm6dsv16x_sh_data_rate_get	24	static
../Core/Src/lsm6dsv16x_reg.c:8206:9:lsm6dsv16x_sh_slv_cfg_read	40	static
../Core/Src/lsm6dsv16x_reg.c:8248:9:lsm6dsv16x_sh_status_get	24	static
../Core/Src/lsm6dsv16x_reg.c:8279:9:lsm6dsv16x_ui_sdo_pull_up_set	24	static
../Core/Src/lsm6dsv16x_reg.c:8302:9:lsm6dsv16x_ui_sdo_pull_up_get	24	static
../Core/Src/lsm6dsv16x_reg.c:8321:9:lsm6dsv16x_ui_i2c_i3c_mode_set	24	static
../Core/Src/lsm6dsv16x_reg.c:8345:9:lsm6dsv16x_ui_i2c_i3c_mode_get	24	static
../Core/Src/lsm6dsv16x_reg.c:8380:9:lsm6dsv16x_spi_mode_set	24	static
../Core/Src/lsm6dsv16x_reg.c:8403:9:lsm6dsv16x_spi_mode_get	24	static
../Core/Src/lsm6dsv16x_reg.c:8437:9:lsm6dsv16x_ui_sda_pull_up_set	24	static
../Core/Src/lsm6dsv16x_reg.c:8460:9:lsm6dsv16x_ui_sda_pull_up_get	24	static
../Core/Src/lsm6dsv16x_reg.c:8479:9:lsm6dsv16x_spi2_mode_set	24	static
../Core/Src/lsm6dsv16x_reg.c:8502:9:lsm6dsv16x_spi2_mode_get	24	static
../Core/Src/lsm6dsv16x_reg.c:8550:9:lsm6dsv16x_sigmot_mode_set	24	static
../Core/Src/lsm6dsv16x_reg.c:8575:9:lsm6dsv16x_sigmot_mode_get	24	static
../Core/Src/lsm6dsv16x_reg.c:8611:9:lsm6dsv16x_stpcnt_mode_set	32	static
../Core/Src/lsm6dsv16x_reg.c:8657:9:lsm6dsv16x_stpcnt_mode_get	32	static
../Core/Src/lsm6dsv16x_reg.c:8686:9:lsm6dsv16x_stpcnt_steps_get	24	static
../Core/Src/lsm6dsv16x_reg.c:8710:9:lsm6dsv16x_stpcnt_rst_step_set	24	static
../Core/Src/lsm6dsv16x_reg.c:8738:9:lsm6dsv16x_stpcnt_rst_step_get	24	static
../Core/Src/lsm6dsv16x_reg.c:8762:9:lsm6dsv16x_stpcnt_debounce_set	24	static
../Core/Src/lsm6dsv16x_reg.c:8785:9:lsm6dsv16x_stpcnt_debounce_get	24	static
../Core/Src/lsm6dsv16x_reg.c:8804:9:lsm6dsv16x_stpcnt_period_set	24	static
../Core/Src/lsm6dsv16x_reg.c:8824:9:lsm6dsv16x_stpcnt_period_get	24	static
../Core/Src/lsm6dsv16x_reg.c:8858:9:lsm6dsv16x_sflp_game_rotation_set	24	static
../Core/Src/lsm6dsv16x_reg.c:8887:9:lsm6dsv16x_sflp_game_rotation_get	24	static
../Core/Src/lsm6dsv16x_reg.c:8911:9:lsm6dsv16x_sflp_data_rate_set	24	static
../Core/Src/lsm6dsv16x_reg.c:8940:9:lsm6dsv16x_sflp_data_rate_get	24	static
../Core/Src/lsm6dsv16x_reg.c:9006:9:lsm6dsv16x_tap_detection_set	24	static
../Core/Src/lsm6dsv16x_reg.c:9032:9:lsm6dsv16x_tap_detection_get	24	static
../Core/Src/lsm6dsv16x_reg.c:9056:9:lsm6dsv16x_tap_thresholds_set	32	static
../Core/Src/lsm6dsv16x_reg.c:9088:9:lsm6dsv16x_tap_thresholds_get	32	static
../Core/Src/lsm6dsv16x_reg.c:9116:9:lsm6dsv16x_tap_axis_priority_set	24	static
../Core/Src/lsm6dsv16x_reg.c:9140:9:lsm6dsv16x_tap_axis_priority_get	24	static
../Core/Src/lsm6dsv16x_reg.c:9191:9:lsm6dsv16x_tap_time_windows_set	24	static
../Core/Src/lsm6dsv16x_reg.c:9217:9:lsm6dsv16x_tap_time_windows_get	24	static
../Core/Src/lsm6dsv16x_reg.c:9241:9:lsm6dsv16x_tap_mode_set	24	static
../Core/Src/lsm6dsv16x_reg.c:9264:9:lsm6dsv16x_tap_mode_get	24	static
../Core/Src/lsm6dsv16x_reg.c:9311:9:lsm6dsv16x_tilt_mode_set	24	static
../Core/Src/lsm6dsv16x_reg.c:9336:9:lsm6dsv16x_tilt_mode_get	24	static
../Core/Src/lsm6dsv16x_reg.c:9373:9:lsm6dsv16x_timestamp_raw_get	24	static
../Core/Src/lsm6dsv16x_reg.c:9397:9:lsm6dsv16x_timestamp_set	24	static
../Core/Src/lsm6dsv16x_reg.c:9420:9:lsm6dsv16x_timestamp_get	24	static
../Core/Src/lsm6dsv16x_reg.c:9452:9:lsm6dsv16x_act_mode_set	24	static
../Core/Src/lsm6dsv16x_reg.c:9475:9:lsm6dsv16x_act_mode_get	24	static
../Core/Src/lsm6dsv16x_reg.c:9517:9:lsm6dsv16x_act_from_sleep_to_act_dur_set	24	static
../Core/Src/lsm6dsv16x_reg.c:9541:9:lsm6dsv16x_act_from_sleep_to_act_dur_get	24	static
../Core/Src/lsm6dsv16x_reg.c:9584:9:lsm6dsv16x_act_sleep_xl_odr_set	24	static
../Core/Src/lsm6dsv16x_reg.c:9608:9:lsm6dsv16x_act_sleep_xl_odr_get	24	static
../Core/Src/lsm6dsv16x_reg.c:9651:9:lsm6dsv16x_act_thresholds_set	40	static
../Core/Src/lsm6dsv16x_reg.c:9690:9:lsm6dsv16x_act_thresholds_get	40	static
../Core/Src/lsm6dsv16x_reg.c:9724:9:lsm6dsv16x_act_wkup_time_windows_set	24	static
../Core/Src/lsm6dsv16x_reg.c:9749:9:lsm6dsv16x_act_wkup_time_windows_get	24	static
