../Core/Src/main.c:215:5:main	360	static,ignoring_inline_asm
../Core/Src/main.c:529:6:SystemClock_Config	96	static
../Core/Src/main.c:579:13:MX_ADC1_Init	48	static
../Core/Src/main.c:646:13:MX_CRC_Init	8	static
../Core/Src/main.c:677:13:MX_I2C3_Init	8	static
../Core/Src/main.c:725:13:MX_QUADSPI_Init	8	static
../Core/Src/main.c:758:13:MX_RTC_Init	80	static
../Core/Src/main.c:842:13:MX_SPI2_Init	8	static
../Core/Src/main.c:882:13:MX_SPI3_Init	8	static
../Core/Src/main.c:922:13:MX_TIM1_Init	96	static
../Core/Src/main.c:1000:13:MX_TIM2_Init	40	static
../Core/Src/main.c:1048:13:MX_TIM3_Init	72	static
../Core/Src/main.c:1108:13:MX_TIM4_Init	64	static
../Core/Src/main.c:1166:13:MX_UART4_Init	8	static
../Core/Src/main.c:1201:13:MX_USART1_UART_Init	8	static
../Core/Src/main.c:1234:13:MX_DMA_Init	16	static
../Core/Src/main.c:1258:13:MX_GPIO_Init	48	static
../Core/Src/main.c:1362:6:Error_Handler	4	static,ignoring_inline_asm
