../Core/Src/process.c:23:6:Save_Data	1256	static,ignoring_inline_asm
../Core/Src/process.c:126:6:Switch_Buffer	4	static
../Core/Src/process.c:147:6:Erase_RAM_Data	4	static
../Core/Src/process.c:154:6:Start_Measure	8	static
../Core/Src/process.c:184:6:Warning_Detection	24	static
../Core/Src/process.c:214:6:RAM_Save_Measure	32	static
../Core/Src/process.c:240:10:Send_Measure_Chunk	56	static
../Core/Src/process.c:315:26:Compress_Sample	112	static
../Core/Src/process.c:407:9:ADPCM_Compression	48	static
../Core/Src/process.c:452:6:Apply_Config	4160	static
../Core/Src/process.c:552:6:Clear_Flags	8	static
