../Core/Src/process.c:23:6:Save_Data	1256	static,ignoring_inline_asm
../Core/Src/process.c:126:6:Switch_Buffer	4	static
../Core/Src/process.c:147:6:Erase_RAM_Data	1040	static
../Core/Src/process.c:158:6:Start_Measure	8	static
../Core/Src/process.c:189:6:Stop_Measure	8	static
../Core/Src/process.c:198:6:Warning_Detection	24	static
../Core/Src/process.c:228:6:RAM_Save_Measure	32	static
../Core/Src/process.c:254:10:Send_Measure_Chunk	56	static
../Core/Src/process.c:329:26:Compress_Sample	120	static
../Core/Src/process.c:424:9:ADPCM_Compression	48	static
../Core/Src/process.c:469:6:Apply_Config	4160	static
../Core/Src/process.c:569:6:Get_Config	144	static
../Core/Src/process.c:627:6:Clear_Flags	8	static
